Archive member included to satisfy reference by file (symbol)

/home/lwj/riscv/riscv/bin/../lib/gcc/riscv64-unknown-elf/12.2.0/../../../../riscv64-unknown-elf/lib/libc.a(lib_a-memcpy.o)
                              build/obj/stream_buffer.o (memcpy)
/home/lwj/riscv/riscv/bin/../lib/gcc/riscv64-unknown-elf/12.2.0/../../../../riscv64-unknown-elf/lib/libc.a(lib_a-memset.o)
                              build/obj/stream_buffer.o (memset)
/home/lwj/riscv/riscv/bin/../lib/gcc/riscv64-unknown-elf/12.2.0/../../../../riscv64-unknown-elf/lib/libc.a(lib_a-sprintf.o)
                              build/obj/tasks.o (sprintf)
/home/lwj/riscv/riscv/bin/../lib/gcc/riscv64-unknown-elf/12.2.0/../../../../riscv64-unknown-elf/lib/libc.a(lib_a-strcpy.o)
                              build/obj/tasks.o (strcpy)
/home/lwj/riscv/riscv/bin/../lib/gcc/riscv64-unknown-elf/12.2.0/../../../../riscv64-unknown-elf/lib/libc.a(lib_a-strlen.o)
                              build/obj/tasks.o (strlen)
/home/lwj/riscv/riscv/bin/../lib/gcc/riscv64-unknown-elf/12.2.0/../../../../riscv64-unknown-elf/lib/libc.a(lib_a-svfprintf.o)
                              /home/lwj/riscv/riscv/bin/../lib/gcc/riscv64-unknown-elf/12.2.0/../../../../riscv64-unknown-elf/lib/libc.a(lib_a-sprintf.o) (_svfprintf_r)
/home/lwj/riscv/riscv/bin/../lib/gcc/riscv64-unknown-elf/12.2.0/../../../../riscv64-unknown-elf/lib/libc.a(lib_a-freer.o)
                              /home/lwj/riscv/riscv/bin/../lib/gcc/riscv64-unknown-elf/12.2.0/../../../../riscv64-unknown-elf/lib/libc.a(lib_a-svfprintf.o) (_free_r)
/home/lwj/riscv/riscv/bin/../lib/gcc/riscv64-unknown-elf/12.2.0/../../../../riscv64-unknown-elf/lib/libc.a(lib_a-impure.o)
                              /home/lwj/riscv/riscv/bin/../lib/gcc/riscv64-unknown-elf/12.2.0/../../../../riscv64-unknown-elf/lib/libc.a(lib_a-sprintf.o) (_impure_ptr)
/home/lwj/riscv/riscv/bin/../lib/gcc/riscv64-unknown-elf/12.2.0/../../../../riscv64-unknown-elf/lib/libc.a(lib_a-ldtoa.o)
                              /home/lwj/riscv/riscv/bin/../lib/gcc/riscv64-unknown-elf/12.2.0/../../../../riscv64-unknown-elf/lib/libc.a(lib_a-svfprintf.o) (_ldtoa_r)
/home/lwj/riscv/riscv/bin/../lib/gcc/riscv64-unknown-elf/12.2.0/../../../../riscv64-unknown-elf/lib/libc.a(lib_a-localeconv.o)
                              /home/lwj/riscv/riscv/bin/../lib/gcc/riscv64-unknown-elf/12.2.0/../../../../riscv64-unknown-elf/lib/libc.a(lib_a-svfprintf.o) (_localeconv_r)
/home/lwj/riscv/riscv/bin/../lib/gcc/riscv64-unknown-elf/12.2.0/../../../../riscv64-unknown-elf/lib/libc.a(lib_a-mallocr.o)
                              /home/lwj/riscv/riscv/bin/../lib/gcc/riscv64-unknown-elf/12.2.0/../../../../riscv64-unknown-elf/lib/libc.a(lib_a-svfprintf.o) (_malloc_r)
/home/lwj/riscv/riscv/bin/../lib/gcc/riscv64-unknown-elf/12.2.0/../../../../riscv64-unknown-elf/lib/libc.a(lib_a-memchr.o)
                              /home/lwj/riscv/riscv/bin/../lib/gcc/riscv64-unknown-elf/12.2.0/../../../../riscv64-unknown-elf/lib/libc.a(lib_a-svfprintf.o) (memchr)
/home/lwj/riscv/riscv/bin/../lib/gcc/riscv64-unknown-elf/12.2.0/../../../../riscv64-unknown-elf/lib/libc.a(lib_a-mlock.o)
                              /home/lwj/riscv/riscv/bin/../lib/gcc/riscv64-unknown-elf/12.2.0/../../../../riscv64-unknown-elf/lib/libc.a(lib_a-freer.o) (__malloc_lock)
/home/lwj/riscv/riscv/bin/../lib/gcc/riscv64-unknown-elf/12.2.0/../../../../riscv64-unknown-elf/lib/libc.a(lib_a-mprec.o)
                              /home/lwj/riscv/riscv/bin/../lib/gcc/riscv64-unknown-elf/12.2.0/../../../../riscv64-unknown-elf/lib/libc.a(lib_a-ldtoa.o) (_Balloc)
/home/lwj/riscv/riscv/bin/../lib/gcc/riscv64-unknown-elf/12.2.0/../../../../riscv64-unknown-elf/lib/libc.a(lib_a-s_frexp.o)
                              /home/lwj/riscv/riscv/bin/../lib/gcc/riscv64-unknown-elf/12.2.0/../../../../riscv64-unknown-elf/lib/libc.a(lib_a-svfprintf.o) (frexp)
/home/lwj/riscv/riscv/bin/../lib/gcc/riscv64-unknown-elf/12.2.0/../../../../riscv64-unknown-elf/lib/libc.a(lib_a-sbrkr.o)
                              /home/lwj/riscv/riscv/bin/../lib/gcc/riscv64-unknown-elf/12.2.0/../../../../riscv64-unknown-elf/lib/libc.a(lib_a-freer.o) (_sbrk_r)
/home/lwj/riscv/riscv/bin/../lib/gcc/riscv64-unknown-elf/12.2.0/../../../../riscv64-unknown-elf/lib/libc.a(lib_a-strncpy.o)
                              /home/lwj/riscv/riscv/bin/../lib/gcc/riscv64-unknown-elf/12.2.0/../../../../riscv64-unknown-elf/lib/libc.a(lib_a-svfprintf.o) (strncpy)
/home/lwj/riscv/riscv/bin/../lib/gcc/riscv64-unknown-elf/12.2.0/../../../../riscv64-unknown-elf/lib/libc.a(lib_a-svfiprintf.o)
                              /home/lwj/riscv/riscv/bin/../lib/gcc/riscv64-unknown-elf/12.2.0/../../../../riscv64-unknown-elf/lib/libc.a(lib_a-svfprintf.o) (__ssprint_r)
/home/lwj/riscv/riscv/bin/../lib/gcc/riscv64-unknown-elf/12.2.0/../../../../riscv64-unknown-elf/lib/libc.a(lib_a-assert.o)
[...]
Memory Configuration

Name             Origin             Length             Attributes
rom              0x00000000bf800000 0x0000000000100000 axr
ram              0x00000000bf900000 0x0000000000600000 axw
*default*        0x0000000000000000 0xffffffffffffffff

Linker script and memory map

LOAD build/obj/stream_buffer.o
LOAD build/obj/queue.o
LOAD build/obj/croutine.o
LOAD build/obj/list.o
LOAD build/obj/event_groups.o
LOAD build/obj/tasks.o
LOAD build/obj/timers.o
LOAD build/obj/port.o
LOAD build/obj/heap_4.o
LOAD build/obj/ns16550.o
LOAD build/obj/debug_log.o
LOAD build/obj/sbi.o
LOAD build/obj/main.o
LOAD build/obj/startup.o
LOAD build/obj/portASM.o
LOAD /home/lwj/riscv/riscv/bin/../lib/gcc/riscv64-unknown-elf/12.2.0/../../../../riscv64-unknown-elf/lib/libm.a
LOAD /home/lwj/riscv/riscv/bin/../lib/gcc/riscv64-unknown-elf/12.2.0/libgcc.a
START GROUP
LOAD /home/lwj/riscv/riscv/bin/../lib/gcc/riscv64-unknown-elf/12.2.0/../../../../riscv64-unknown-elf/lib/libc.a
LOAD /home/lwj/riscv/riscv/bin/../lib/gcc/riscv64-unknown-elf/12.2.0/../../../../riscv64-unknown-elf/lib/libgloss.a
END GROUP
LOAD /home/lwj/riscv/riscv/bin/../lib/gcc/riscv64-unknown-elf/12.2.0/libgcc.a
                0x0000000000004000                __stack_size = 0x4000

.init           0x00000000bf800000       0xa8
                0x00000000bf800000                _text = .
 *(SORT_NONE(.init))
 .init          0x00000000bf800000       0xa8 build/obj/startup.o
                0x00000000bf800000                _start

.text           0x00000000bf800100     0x2e9c
 *(.text.unlikely .text.unlikely.*)
 *(.text.startup .text.startup.*)
 *(.text .text.*)
 .text.prvIsQueueFull
                0x00000000bf800100       0x44 build/obj/queue.o
 .text.prvIsQueueEmpty
                0x00000000bf800144       0x40 build/obj/queue.o
 .text.prvCopyDataToQueue
                0x00000000bf800184       0xf8 build/obj/queue.o
 .text.prvCopyDataFromQueue
                0x00000000bf80027c       0x4c build/obj/queue.o
 .text.prvUnlockQueue
                0x00000000bf8002c8       0xc0 build/obj/queue.o
 .text.xQueueGenericReset
                0x00000000bf800388       0xec build/obj/queue.o
                0x00000000bf800388                xQueueGenericReset
 .text.prvInitialiseNewQueue
                0x00000000bf800474       0x54 build/obj/queue.o
 .text.xQueueGenericCreate
                0x00000000bf8004c8       0xac build/obj/queue.o
                0x00000000bf8004c8                xQueueGenericCreate
 .text.xQueueGenericSend
                0x00000000bf800574      0x180 build/obj/queue.o
                0x00000000bf800574                xQueueGenericSend
 .text.xQueueReceive
                0x00000000bf8006f4      0x174 build/obj/queue.o
                0x00000000bf8006f4                xQueueReceive
 .text.vQueueAddToRegistry
                0x00000000bf800868       0x84 build/obj/queue.o
                0x00000000bf800868                vQueueAddToRegistry
 .text.vQueueWaitForMessageRestricted
                0x00000000bf8008ec       0x9c build/obj/queue.o
                0x00000000bf8008ec                vQueueWaitForMessageRestricted
 .text.vListInitialise
                0x00000000bf800988       0x20 build/obj/list.o
                0x00000000bf800988                vListInitialise
 .text.vListInitialiseItem
                0x00000000bf8009a8        0x8 build/obj/list.o
                0x00000000bf8009a8                vListInitialiseItem
 .text.vListInsert
                0x00000000bf8009b0       0x50 build/obj/list.o
                0x00000000bf8009b0                vListInsert
 .text.uxListRemove
                0x00000000bf800a00       0x44 build/obj/list.o
                0x00000000bf800a00                uxListRemove
 .text.prvResetNextTaskUnblockTime
                0x00000000bf800a44       0x3c build/obj/tasks.o
 .text.prvDeleteTCB
                0x00000000bf800a80       0x30 build/obj/tasks.o
 .text.prvInitialiseNewTask
                0x00000000bf800ab0      0x140 build/obj/tasks.o
 .text.prvInitialiseTaskLists
                0x00000000bf800bf0       0x88 build/obj/tasks.o
 .text.prvAddCurrentTaskToDelayedList
                0x00000000bf800c78      0x144 build/obj/tasks.o
 .text.vTaskSuspendAll
                0x00000000bf800dbc       0x18 build/obj/tasks.o
                0x00000000bf800dbc                vTaskSuspendAll
 .text.xTaskGetTickCount
                0x00000000bf800dd4        0xc build/obj/tasks.o
                0x00000000bf800dd4                xTaskGetTickCount
 .text.xTaskIncrementTick
                0x00000000bf800de0      0x24c build/obj/tasks.o
                0x00000000bf800de0                xTaskIncrementTick
 .text.vTaskSwitchContext
                0x00000000bf80102c       0xd0 build/obj/tasks.o
                0x00000000bf80102c                vTaskSwitchContext
 .text.vTaskPlaceOnEventList
                0x00000000bf8010fc       0x3c build/obj/tasks.o
                0x00000000bf8010fc                vTaskPlaceOnEventList
 .text.vTaskPlaceOnEventListRestricted
                0x00000000bf801138       0x78 build/obj/tasks.o
                0x00000000bf801138                vTaskPlaceOnEventListRestricted
 .text.xTaskRemoveFromEventList
                0x00000000bf8011b0      0x170 build/obj/tasks.o
                0x00000000bf8011b0                xTaskRemoveFromEventList
 .text.vTaskInternalSetTimeOutState
                0x00000000bf801320       0x1c build/obj/tasks.o
                0x00000000bf801320                vTaskInternalSetTimeOutState
 .text.vTaskMissedYield
                0x00000000bf80133c       0x10 build/obj/tasks.o
                0x00000000bf80133c                vTaskMissedYield
 .text.xTaskPriorityDisinherit
                0x00000000bf80134c      0x124 build/obj/tasks.o
                0x00000000bf80134c                xTaskPriorityDisinherit
 .text.vTaskEnterCritical
                0x00000000bf801470       0x30 build/obj/tasks.o
                0x00000000bf801470                vTaskEnterCritical
 .text.vTaskExitCritical
                0x00000000bf8014a0       0x48 build/obj/tasks.o
                0x00000000bf8014a0                vTaskExitCritical
 .text.prvAddNewTaskToReadyList
                0x00000000bf8014e8      0x158 build/obj/tasks.o
 .text.xTaskCreate
                0x00000000bf801640       0xd8 build/obj/tasks.o
                0x00000000bf801640                xTaskCreate
 .text.vTaskStartScheduler
                0x00000000bf801718       0x84 build/obj/tasks.o
                0x00000000bf801718                vTaskStartScheduler
 .text.prvCheckTasksWaitingTermination
                0x00000000bf80179c       0x80 build/obj/tasks.o
 .text.prvIdleTask
                0x00000000bf80181c       0x10 build/obj/tasks.o
 .text.xTaskResumeAll
                0x00000000bf80182c      0x1ec build/obj/tasks.o
                0x00000000bf80182c                xTaskResumeAll
 .text.vTaskDelay
                0x00000000bf801a18       0x44 build/obj/tasks.o
                0x00000000bf801a18                vTaskDelay
 .text.xTaskCheckForTimeOut
                0x00000000bf801a5c       0xc8 build/obj/tasks.o
                0x00000000bf801a5c                xTaskCheckForTimeOut
 .text.prvGetNextExpireTime
                0x00000000bf801b24       0x38 build/obj/timers.o
 .text.prvInsertTimerInActiveList
                0x00000000bf801b5c       0x70 build/obj/timers.o
 .text.prvReloadTimer
                0x00000000bf801bcc       0x6c build/obj/timers.o
 .text.prvProcessExpiredTimer
                0x00000000bf801c38       0x80 build/obj/timers.o
 .text.prvSwitchTimerLists
                0x00000000bf801cb8       0x78 build/obj/timers.o
 .text.prvSampleTimeNow
                0x00000000bf801d30       0x5c build/obj/timers.o
 .text.prvProcessTimerOrBlockTask
                0x00000000bf801d8c       0xb8 build/obj/timers.o
 .text.prvProcessReceivedCommands
                0x00000000bf801e44      0x174 build/obj/timers.o
 .text.prvTimerTask
                0x00000000bf801fb8       0x20 build/obj/timers.o
 .text.prvCheckForValidListAndQueue
                0x00000000bf801fd8       0x7c build/obj/timers.o
 .text.xTimerCreateTimerTask
                0x00000000bf802054       0x54 build/obj/timers.o
                0x00000000bf802054                xTimerCreateTimerTask
 .text.get_ticks
                0x00000000bf8020a8       0x18 build/obj/port.o
 .text.vPortSetupTimerInterrupt
                0x00000000bf8020c0       0x28 build/obj/port.o
                0x00000000bf8020c0                vPortSetupTimerInterrupt
 .text.vPortClearIpiInterrupt
                0x00000000bf8020e8       0x18 build/obj/port.o
                0x00000000bf8020e8                vPortClearIpiInterrupt
 .text.xPortStartScheduler
                0x00000000bf802100       0x2c build/obj/port.o
                0x00000000bf802100                xPortStartScheduler
 .text.prvTaskExitError
                0x00000000bf80212c        0x8 build/obj/port.o
                0x00000000bf80212c                prvTaskExitError
 .text.prvHeapInit
                0x00000000bf802134       0x98 build/obj/heap_4.o
 .text.prvInsertBlockIntoFreeList
                0x00000000bf8021cc       0x80 build/obj/heap_4.o
 .text.pvPortMalloc
                0x00000000bf80224c      0x17c build/obj/heap_4.o
                0x00000000bf80224c                pvPortMalloc
 .text.vPortFree
                0x00000000bf8023c8       0x9c build/obj/heap_4.o
                0x00000000bf8023c8                vPortFree
 .text.readb    0x00000000bf802464        0x8 build/obj/ns16550.o
 .text.writeb   0x00000000bf80246c        0x8 build/obj/ns16550.o
 .text.ns16550_tx
                0x00000000bf802474       0x48 build/obj/ns16550.o
                0x00000000bf802474                ns16550_tx
 .text._puts    0x00000000bf8024bc       0x84 build/obj/debug_log.o
                0x00000000bf8024bc                _puts
 .text.sbi_ecall
                0x00000000bf802540       0x48 build/obj/sbi.o
                0x00000000bf802540                sbi_ecall
 .text.sbi_set_timer
                0x00000000bf802588       0x3c build/obj/sbi.o
                0x00000000bf802588                sbi_set_timer
 .text.sbi_clear_ipi
                0x00000000bf8025c4       0x38 build/obj/sbi.o
                0x00000000bf8025c4                sbi_clear_ipi
 .text.sbi_send_ipi
                0x00000000bf8025fc       0x3c build/obj/sbi.o
                0x00000000bf8025fc                sbi_send_ipi
 .text.task1    0x00000000bf802638       0x40 build/obj/main.o
                0x00000000bf802638                task1
 .text.task2    0x00000000bf802678       0x40 build/obj/main.o
                0x00000000bf802678                task2
 .text.task3    0x00000000bf8026b8       0x64 build/obj/main.o
                0x00000000bf8026b8                task3
 .text.vTaskCreate
                0x00000000bf80271c       0x80 build/obj/main.o
 .text.main     0x00000000bf80279c       0x44 build/obj/main.o
                0x00000000bf80279c                main
 *fill*         0x00000000bf8027e0       0x20 
 .text          0x00000000bf802800      0x5ac build/obj/portASM.o
                0x00000000bf802800                freertos_risc_v_trap_handler
                0x00000000bf802a00                handle_trap
                0x00000000bf802b00                handle_interrupt
                0x00000000bf802c00                xPortStartFirstTask
                0x00000000bf802d00                pxPortInitialiseStack
 .text.memcpy   0x00000000bf802dac      0x146 /home/lwj/riscv/riscv/bin/../lib/gcc/riscv64-unknown-elf/12.2.0/../../../../riscv64-unknown-elf/lib/libc.a(lib_a-memcpy.o)
                0x00000000bf802dac                memcpy
 .text          0x00000000bf802ef2       0xaa /home/lwj/riscv/riscv/bin/../lib/gcc/riscv64-unknown-elf/12.2.0/../../../../riscv64-unknown-elf/lib/libc.a(lib_a-memset.o)
                0x00000000bf802ef2                memset
 *(.gnu.linkonce.t.*)

.rodata.vTaskStartScheduler.str1.8
                0x00000000bf802fa0        0x5
 .rodata.vTaskStartScheduler.str1.8
                0x00000000bf802fa0        0x5 build/obj/tasks.o

.rodata.prvProcessReceivedCommands
                0x00000000bf802fa8       0x28
 .rodata.prvProcessReceivedCommands
                0x00000000bf802fa8       0x28 build/obj/timers.o

.rodata.prvCheckForValidListAndQueue.str1.8
                0x00000000bf802fd0        0x5
 .rodata.prvCheckForValidListAndQueue.str1.8
                0x00000000bf802fd0        0x5 build/obj/timers.o

.rodata.xTimerCreateTimerTask.str1.8
                0x00000000bf802fd8        0x8
 .rodata.xTimerCreateTimerTask.str1.8
                0x00000000bf802fd8        0x8 build/obj/timers.o

.rodata.task1.str1.8
                0x00000000bf802fe0        0xc
 .rodata.task1.str1.8
                0x00000000bf802fe0        0xc build/obj/main.o

.rodata.task2.str1.8
                0x00000000bf802ff0        0xc
 .rodata.task2.str1.8
                0x00000000bf802ff0        0xc build/obj/main.o

.rodata.task3.str1.8
                0x00000000bf803000       0x1f
 .rodata.task3.str1.8
                0x00000000bf803000       0x1f build/obj/main.o

.rodata.vTaskCreate.str1.8
                0x00000000bf803020        0xe
 .rodata.vTaskCreate.str1.8
                0x00000000bf803020        0xe build/obj/main.o

.rodata.main.str1.8
                0x00000000bf803030       0x11
 .rodata.main.str1.8
                0x00000000bf803030       0x11 build/obj/main.o

.rela.dyn       0x00000000bf803048        0x0
 .rela.init     0x00000000bf803048        0x0 build/obj/queue.o
 .rela.text     0x00000000bf803048        0x0 build/obj/queue.o

.fini           0x00000000bf803041        0x0
 *(SORT_NONE(.fini))
                0x00000000bf803041                _etext = .

.rodata.align   0x00000000bf803041        0x3
                0x00000000bf803044                . = ALIGN (0x4)
 *fill*         0x00000000bf803041        0x3 
                0x00000000bf803044                _rodata = .

.rodata.start   0x00000000bf803044        0x0
                0x00000000bf803044                _rodata_lma = LOADADDR (.rodata.start)

.data.align     0x00000000bf900000        0x0 load address 0x00000000bf803044
                0x00000000bf900000                . = ALIGN (0x4)
                0x00000000bf900000                _data = .

.data.start     0x00000000bf900000        0x0 load address 0x00000000bf803044
                0x00000000bf803044                _data_lma = LOADADDR (.data.start)

.data           0x00000000bf900000       0x10 load address 0x00000000bf803044
 *(.data .data.*)
 *(.gnu.linkonce.d.*)
                0x00000000bf900000                . = ALIGN (0x8)
                0x00000000bf900800                PROVIDE (__global_pointer$ = (. + 0x800))
 *(.sdata .sdata.*)
 .sdata.uxTopUsedPriority
                0x00000000bf900000        0x8 build/obj/tasks.o
                0x00000000bf900000                uxTopUsedPriority
 *(.sdata2 .sdata2.*)
 *(.gnu.linkonce.s.*)
                0x00000000bf900008                . = ALIGN (0x8)
 *(.srodata.cst16)
 *(.srodata.cst8)
 *(.srodata.cst4)
 *(.srodata.cst2)
 *(.srodata .srodata.*)
 .srodata.xISRStackTop
                0x00000000bf900008        0x8 build/obj/port.o
                0x00000000bf900008                xISRStackTop
                0x00000000bf900010                . = ALIGN (0x4)
                0x00000000bf900010                _edata = .

.bss.align      0x00000000bf900010        0x0 load address 0x00000000bf803054
                0x00000000bf900010                . = ALIGN (0x4)
                0x00000000bf900010                _bss = .

.bss.start      0x00000000bf900010        0x0 load address 0x00000000bf803054
                0x00000000bf803054                _bss_lma = LOADADDR (.bss.start)

.bss            0x00000000bf900010    0x13f94 load address 0x00000000bf803054
 *(.sbss*)
 .sbss.uxSchedulerSuspended
                0x00000000bf900010        0x8 build/obj/tasks.o
 .sbss.xIdleTaskHandle
                0x00000000bf900018        0x8 build/obj/tasks.o
 .sbss.xNextTaskUnblockTime
                0x00000000bf900020        0x8 build/obj/tasks.o
 .sbss.uxTaskNumber
                0x00000000bf900028        0x8 build/obj/tasks.o
 .sbss.xNumOfOverflows
                0x00000000bf900030        0x8 build/obj/tasks.o
 .sbss.xYieldPending
                0x00000000bf900038        0x8 build/obj/tasks.o
 .sbss.xPendedTicks
                0x00000000bf900040        0x8 build/obj/tasks.o
 .sbss.xSchedulerRunning
                0x00000000bf900048        0x8 build/obj/tasks.o
 .sbss.uxTopReadyPriority
                0x00000000bf900050        0x8 build/obj/tasks.o
 .sbss.xTickCount
                0x00000000bf900058        0x8 build/obj/tasks.o
 .sbss.uxCurrentNumberOfTasks
                0x00000000bf900060        0x8 build/obj/tasks.o
 .sbss.uxDeletedTasksWaitingCleanUp
                0x00000000bf900068        0x8 build/obj/tasks.o
 .sbss.pxOverflowDelayedTaskList
                0x00000000bf900070        0x8 build/obj/tasks.o
 .sbss.pxDelayedTaskList
                0x00000000bf900078        0x8 build/obj/tasks.o
 .sbss.pxCurrentTCB
                0x00000000bf900080        0x8 build/obj/tasks.o
                0x00000000bf900080                pxCurrentTCB
 .sbss.xLastTime.0
                0x00000000bf900088        0x8 build/obj/timers.o
 .sbss.xTimerTaskHandle
                0x00000000bf900090        0x8 build/obj/timers.o
 .sbss.xTimerQueue
                0x00000000bf900098        0x8 build/obj/timers.o
 .sbss.pxOverflowTimerList
                0x00000000bf9000a0        0x8 build/obj/timers.o
 .sbss.pxCurrentTimerList
                0x00000000bf9000a8        0x8 build/obj/timers.o
 .sbss.time_elapsed.0
                0x00000000bf9000b0        0x8 build/obj/port.o
 .sbss.xBlockAllocatedBit
                0x00000000bf9000b8        0x8 build/obj/heap_4.o
 .sbss.xNumberOfSuccessfulFrees
                0x00000000bf9000c0        0x8 build/obj/heap_4.o
 .sbss.xNumberOfSuccessfulAllocations
                0x00000000bf9000c8        0x8 build/obj/heap_4.o
 .sbss.xMinimumEverFreeBytesRemaining
                0x00000000bf9000d0        0x8 build/obj/heap_4.o
 .sbss.xFreeBytesRemaining
                0x00000000bf9000d8        0x8 build/obj/heap_4.o
 .sbss.pxEnd    0x00000000bf9000e0        0x8 build/obj/heap_4.o
 .sbss.xMyQueueHandle
                0x00000000bf9000e8        0x8 build/obj/main.o
                0x00000000bf9000e8                xMyQueueHandle
 *(.gnu.linkonce.sb.*)
 *(.bss .bss.*)
 .bss.xQueueRegistry
                0x00000000bf9000f0       0x80 build/obj/queue.o
                0x00000000bf9000f0                xQueueRegistry
 .bss.xSuspendedTaskList
                0x00000000bf900170       0x28 build/obj/tasks.o
 .bss.xTasksWaitingTermination
                0x00000000bf900198       0x28 build/obj/tasks.o
 .bss.xPendingReadyList
                0x00000000bf9001c0       0x28 build/obj/tasks.o
 .bss.xDelayedTaskList2
                0x00000000bf9001e8       0x28 build/obj/tasks.o
 .bss.xDelayedTaskList1
                0x00000000bf900210       0x28 build/obj/tasks.o
 .bss.pxReadyTasksLists
                0x00000000bf900238      0x118 build/obj/tasks.o
 .bss.xActiveTimerList2
                0x00000000bf900350       0x28 build/obj/timers.o
 .bss.xActiveTimerList1
                0x00000000bf900378       0x28 build/obj/timers.o
 .bss.xISRStack
                0x00000000bf9003a0     0x4000 build/obj/port.o
 .bss.xStart    0x00000000bf9043a0       0x10 build/obj/heap_4.o
 .bss.ucHeap    0x00000000bf9043b0     0xfbf4 build/obj/heap_4.o
 *(.gnu.linkonce.b.*)
 *(COMMON)
                0x00000000bf913fa4                . = ALIGN (0x4)
                0x00000000bf913fa4                _ebss = .
                0x00000000bf913fa8                . = ALIGN (0x8)
                0x00000000bf913fa8                _end = .

.stack          0x00000000bf913fa4     0x400c
                0x00000000bf913fb0                . = ALIGN (0x10)
 *fill*         0x00000000bf913fa4        0xc 
                0x00000000bf917fb0                . = (. + __stack_size)
 *fill*         0x00000000bf913fb0     0x4000 
                0x00000000bf917fb0                _stack_top = .
OUTPUT(build/trusted_fw.elf elf64-littleriscv)

.debug_info     0x0000000000000000     0x8848
 .debug_info    0x0000000000000000     0x216d build/obj/queue.o
 .debug_info    0x000000000000216d      0x326 build/obj/list.o
 .debug_info    0x0000000000002493     0x3373 build/obj/tasks.o
 .debug_info    0x0000000000005806     0x163c build/obj/timers.o
 .debug_info    0x0000000000006e42      0x2f6 build/obj/port.o
 .debug_info    0x0000000000007138      0x5cd build/obj/heap_4.o
 .debug_info    0x0000000000007705      0x17c build/obj/ns16550.o
 .debug_info    0x0000000000007881      0x139 build/obj/debug_log.o
 .debug_info    0x00000000000079ba      0x84b build/obj/sbi.o
 .debug_info    0x0000000000008205      0x643 build/obj/main.o

.debug_abbrev   0x0000000000000000     0x12d6
 .debug_abbrev  0x0000000000000000      0x328 build/obj/queue.o
 .debug_abbrev  0x0000000000000328      0x113 build/obj/list.o
 .debug_abbrev  0x000000000000043b      0x3b6 build/obj/tasks.o
 .debug_abbrev  0x00000000000007f1      0x31e build/obj/timers.o
 .debug_abbrev  0x0000000000000b0f      0x155 build/obj/port.o
 .debug_abbrev  0x0000000000000c64      0x1f5 build/obj/heap_4.o
 .debug_abbrev  0x0000000000000e59       0xf3 build/obj/ns16550.o
 .debug_abbrev  0x0000000000000f4c       0xc2 build/obj/debug_log.o
 .debug_abbrev  0x000000000000100e      0x134 build/obj/sbi.o
 .debug_abbrev  0x0000000000001142      0x194 build/obj/main.o

.debug_loc      0x0000000000000000     0xbfd9
 .debug_loc     0x0000000000000000     0x33fa build/obj/queue.o
 .debug_loc     0x00000000000033fa       0xb8 build/obj/list.o
 .debug_loc     0x00000000000034b2     0x556f build/obj/tasks.o
 .debug_loc     0x0000000000008a21     0x1f21 build/obj/timers.o
 .debug_loc     0x000000000000a942       0xe4 build/obj/port.o
 .debug_loc     0x000000000000aa26      0x841 build/obj/heap_4.o
 .debug_loc     0x000000000000b267      0x10a build/obj/ns16550.o
 .debug_loc     0x000000000000b371      0x119 build/obj/debug_log.o
 .debug_loc     0x000000000000b48a      0x964 build/obj/sbi.o
 .debug_loc     0x000000000000bdee      0x1eb build/obj/main.o

.debug_aranges  0x0000000000000000      0xc00
 .debug_aranges
                0x0000000000000000      0x270 build/obj/queue.o
 .debug_aranges
                0x0000000000000270       0x70 build/obj/list.o
 .debug_aranges
                0x00000000000002e0      0x450 build/obj/tasks.o
 .debug_aranges
                0x0000000000000730      0x1d0 build/obj/timers.o
 .debug_aranges
                0x0000000000000900       0x80 build/obj/port.o
 .debug_aranges
                0x0000000000000980       0xa0 build/obj/heap_4.o
 .debug_aranges
                0x0000000000000a20       0x50 build/obj/ns16550.o
 .debug_aranges
                0x0000000000000a70       0x30 build/obj/debug_log.o
 .debug_aranges
                0x0000000000000aa0       0xf0 build/obj/sbi.o
 .debug_aranges
                0x0000000000000b90       0x70 build/obj/main.o

.debug_ranges   0x0000000000000000     0x1210
 .debug_ranges  0x0000000000000000      0x3e0 build/obj/queue.o
 .debug_ranges  0x00000000000003e0       0x60 build/obj/list.o
 .debug_ranges  0x0000000000000440      0x970 build/obj/tasks.o
 .debug_ranges  0x0000000000000db0      0x1c0 build/obj/timers.o
 .debug_ranges  0x0000000000000f70       0x70 build/obj/port.o
 .debug_ranges  0x0000000000000fe0       0x90 build/obj/heap_4.o
 .debug_ranges  0x0000000000001070       0x40 build/obj/ns16550.o
 .debug_ranges  0x00000000000010b0       0x20 build/obj/debug_log.o
 .debug_ranges  0x00000000000010d0       0xe0 build/obj/sbi.o
 .debug_ranges  0x00000000000011b0       0x60 build/obj/main.o

.debug_line     0x0000000000000000     0xa340
 .debug_line    0x0000000000000000     0x25e0 build/obj/queue.o
 .debug_line    0x00000000000025e0      0x536 build/obj/list.o
 .debug_line    0x0000000000002b16     0x4c63 build/obj/tasks.o
 .debug_line    0x0000000000007779     0x11f8 build/obj/timers.o
 .debug_line    0x0000000000008971      0x2fb build/obj/port.o
 .debug_line    0x0000000000008c6c      0xb5b build/obj/heap_4.o
 .debug_line    0x00000000000097c7      0x19b build/obj/ns16550.o
 .debug_line    0x0000000000009962      0x1ae build/obj/debug_log.o
 .debug_line    0x0000000000009b10      0x4a7 build/obj/sbi.o
 .debug_line    0x0000000000009fb7      0x389 build/obj/main.o

.debug_str      0x0000000000000000     0x269b
 .debug_str     0x0000000000000000      0xaab build/obj/queue.o
                                        0xb77 (size before relaxing)
 .debug_str     0x0000000000000aab       0xbf build/obj/list.o
                                        0x317 (size before relaxing)
 .debug_str     0x0000000000000b6a      0xd36 build/obj/tasks.o
                                       0x12a5 (size before relaxing)
 .debug_str     0x00000000000018a0      0x548 build/obj/timers.o
                                        0xa25 (size before relaxing)
 .debug_str     0x0000000000001de8      0x10a build/obj/port.o
                                        0x308 (size before relaxing)
 .debug_str     0x0000000000001ef2      0x2cb build/obj/heap_4.o
                                        0x523 (size before relaxing)
 .debug_str     0x00000000000021bd       0x5e build/obj/ns16550.o
                                        0x1cd (size before relaxing)
 .debug_str     0x000000000000221b       0x45 build/obj/debug_log.o
                                        0x1ef (size before relaxing)
 .debug_str     0x0000000000002260      0x3f4 build/obj/sbi.o
                                        0x5a5 (size before relaxing)
 .debug_str     0x0000000000002654       0x47 build/obj/main.o
                                        0x2df (size before relaxing)

.comment        0x0000000000000000       0x21
 .comment       0x0000000000000000        0xf build/obj/queue.o
                                         0x10 (size before relaxing)
 .comment       0x000000000000000f       0x10 build/obj/list.o
 .comment       0x000000000000000f       0x10 build/obj/tasks.o
 .comment       0x000000000000000f       0x10 build/obj/timers.o
 .comment       0x000000000000000f       0x10 build/obj/port.o
 .comment       0x000000000000000f       0x10 build/obj/heap_4.o
 .comment       0x000000000000000f       0x10 build/obj/ns16550.o
 .comment       0x000000000000000f       0x10 build/obj/debug_log.o
 .comment       0x000000000000000f       0x10 build/obj/sbi.o
 .comment       0x000000000000000f       0x10 build/obj/main.o
 .comment       0x000000000000000f       0x12 /home/lwj/riscv/riscv/bin/../lib/gcc/riscv64-unknown-elf/12.2.0/../../../../riscv64-unknown-elf/lib/libc.a(lib_a-memcpy.o)
                                         0x13 (size before relaxing)

.riscv.attributes
                0x0000000000000000       0x57
 .riscv.attributes
                0x0000000000000000       0x42 build/obj/queue.o
 .riscv.attributes
                0x0000000000000042       0x42 build/obj/list.o
 .riscv.attributes
                0x0000000000000084       0x46 build/obj/tasks.o
 .riscv.attributes
                0x00000000000000ca       0x42 build/obj/timers.o
 .riscv.attributes
                0x000000000000010c       0x46 build/obj/port.o
 .riscv.attributes
                0x0000000000000152       0x42 build/obj/heap_4.o
 .riscv.attributes
                0x0000000000000194       0x42 build/obj/ns16550.o
 .riscv.attributes
                0x00000000000001d6       0x42 build/obj/debug_log.o
 .riscv.attributes
                0x0000000000000218       0x42 build/obj/sbi.o
 .riscv.attributes
                0x000000000000025a       0x42 build/obj/main.o
 .riscv.attributes
                0x000000000000029c       0x44 build/obj/startup.o
 .riscv.attributes
                0x00000000000002e0       0x44 build/obj/portASM.o
 .riscv.attributes
                0x0000000000000324       0x53 /home/lwj/riscv/riscv/bin/../lib/gcc/riscv64-unknown-elf/12.2.0/../../../../riscv64-unknown-elf/lib/libc.a(lib_a-memcpy.o)
 .riscv.attributes
                0x0000000000000377       0x51 /home/lwj/riscv/riscv/bin/../lib/gcc/riscv64-unknown-elf/12.2.0/../../../../riscv64-unknown-elf/lib/libc.a(lib_a-memset.o)

.debug_frame    0x0000000000000000     0x1b78
 .debug_frame   0x0000000000000000      0x630 build/obj/queue.o
 .debug_frame   0x0000000000000630       0x88 build/obj/list.o
 .debug_frame   0x00000000000006b8      0xae8 build/obj/tasks.o
 .debug_frame   0x00000000000011a0      0x460 build/obj/timers.o
 .debug_frame   0x0000000000001600       0xd0 build/obj/port.o
 .debug_frame   0x00000000000016d0      0x128 build/obj/heap_4.o
 .debug_frame   0x00000000000017f8       0x70 build/obj/ns16550.o
 .debug_frame   0x0000000000001868       0x40 build/obj/debug_log.o
 .debug_frame   0x00000000000018a8      0x210 build/obj/sbi.o
 .debug_frame   0x0000000000001ab8       0xc0 build/obj/main.o
