
Memory Configuration

Name             Origin             Length             Attributes
ram              0x0000000080200000 0x0000000008000000 axrl!w
*default*        0x0000000000000000 0xffffffffffffffff

Linker script and memory map

LOAD entry.o
LOAD kerneltrap.o
LOAD switch.o
LOAD sbi.o
LOAD main.o
LOAD printk.o
LOAD trap.o
LOAD syscall.o
LOAD string.o
LOAD app.o
LOAD task.o
LOAD timer.o
LOAD stack.o
LOAD address.o
LOAD assert.o
LOAD vsprintf.o
LOAD printf.o

.text           0x0000000080200000     0x1c2a
 *(.text .text.*)
 .text          0x0000000080200000        0x0 entry.o
 .text.entry    0x0000000080200000        0xc entry.o
                0x0000000080200000                _start
 *fill*         0x000000008020000c        0x4 
 .text          0x0000000080200010       0xc6 kerneltrap.o
                0x0000000080200010                __alltraps
                0x0000000080200070                __restore
 .text          0x00000000802000d6       0x6a switch.o
                0x00000000802000d6                __switch
 .text          0x0000000080200140       0xe4 sbi.o
                0x0000000080200140                sbi_ecall
                0x00000000802001c4                sbi_console_putchar
                0x00000000802001f2                sbi_set_timer
 .text          0x0000000080200224       0x32 main.o
                0x0000000080200224                os_main
 .text          0x0000000080200256      0x142 printk.o
                0x0000000080200256                uart_puts
                0x0000000080200312                printk
                0x000000008020036a                panic
 .text          0x0000000080200398      0x10c trap.o
                0x00000000802003cc                trap_handler
                0x0000000080200484                trap_init
 .text          0x00000000802004a4       0xf4 syscall.o
                0x00000000802004a4                __SYSCALL
                0x000000008020052c                __sys_write
                0x000000008020056a                __sys_yield
                0x0000000080200580                __sys_gettime
 .text          0x0000000080200598       0xe2 string.o
                0x0000000080200598                strlen
                0x00000000802005d4                memcpy
                0x000000008020062a                memset
 .text          0x000000008020067a      0x17c app.o
                0x000000008020067a                syscall
                0x00000000802006ae                sys_write
                0x00000000802006e4                sys_yield
                0x0000000080200706                sys_gettime
                0x0000000080200728                task1
                0x000000008020074c                task2
                0x0000000080200770                task3
                0x00000000802007c0                task_init
 .text          0x00000000802007f6      0x318 task.o
                0x000000008020082a                tcx_init
                0x00000000802008a2                task_create
                0x00000000802009c6                schedule
                0x0000000080200aca                run_first_task
 .text          0x0000000080200b0e      0x124 timer.o
                0x0000000080200b90                set_next_trigger
                0x0000000080200bb8                timer_init
                0x0000000080200c06                get_time_us
 .text          0x0000000080200c32      0x18e stack.o
                0x0000000080200c32                initStack
                0x0000000080200c52                isEmpty
                0x0000000080200c80                isFull
                0x0000000080200cb2                push
                0x0000000080200d1c                pop
                0x0000000080200d78                top
 .text          0x0000000080200dc0      0x90c address.o
                0x0000000080200dc0                phys_addr_from_size_t
                0x0000000080200de4                phys_page_num_from_size_t
                0x0000000080200e08                size_t_from_phys_addr
                0x0000000080200e1e                size_t_from_phys_page_num
                0x0000000080200e34                phys_addr_from_phys_page_num
                0x0000000080200e54                virt_addr_from_size_t
                0x0000000080200e78                virt_page_num_from_size_t
                0x0000000080200e9e                size_t_from_virt_addr
                0x0000000080200ecc                size_t_from_virt_page_num
                0x0000000080200ee2                floor_phys
                0x0000000080200f02                ceil_phys
                0x0000000080200f28                virt_page_num_from_virt_addr
                0x0000000080200f48                PageTableEntry_new
                0x0000000080200f76                PageTableEntry_empty
                0x0000000080200f8c                PageTableEntry_ppn
                0x0000000080200fb6                PageTableEntry_flags
                0x0000000080200fd2                PageTableEntry_is_valid
                0x0000000080201008                get_bytes_array
                0x0000000080201030                get_pte_array
                0x0000000080201058                get_mut
                0x0000000080201080                StackFrameAllocator_new
                0x00000000802010b2                StackFrameAllocator_init
                0x00000000802010e0                StackFrameAllocator_alloc
                0x0000000080201164                StackFrameAllocator_dealloc
                0x0000000080201206                frame_allocator_test
                0x00000000802013cc                indexes
                0x000000008020145a                find_pte_create
                0x0000000080201534                find_pte
                0x00000000802015dc                PageTable_map
                0x0000000080201662                PageTable_unmap
 .text          0x00000000802016cc       0x6c assert.o
                0x00000000802016ea                assertion_failure
 .text          0x0000000080201738      0x430 vsprintf.o
                0x0000000080201738                _vsnprintf
 .text          0x0000000080201b68       0xc2 printf.o
                0x0000000080201bd2                printf

.rodata         0x0000000080201c30      0x33c
 *(.rodata .rodata.*)
 .rodata        0x0000000080201c30       0x11 main.o
 *fill*         0x0000000080201c41        0x7 
 .rodata        0x0000000080201c48       0x32 printk.o
 *fill*         0x0000000080201c7a        0x6 
 .rodata        0x0000000080201c80       0x3e trap.o
 *fill*         0x0000000080201cbe        0x2 
 .rodata        0x0000000080201cc0       0x3d syscall.o
 *fill*         0x0000000080201cfd        0x3 
 .rodata        0x0000000080201d00       0x5a app.o
 *fill*         0x0000000080201d5a        0x6 
 .rodata        0x0000000080201d60       0x4f task.o
 *fill*         0x0000000080201daf        0x1 
 .rodata        0x0000000080201db0       0x38 stack.o
 .rodata        0x0000000080201de8       0xb6 address.o
 *fill*         0x0000000080201e9e        0x2 
 .rodata        0x0000000080201ea0       0x74 assert.o
 .rodata        0x0000000080201f14       0x58 vsprintf.o

.data           0x0000000080201f6c       0x94
                0x0000000080202000                . = ALIGN (0x1000)
 *fill*         0x0000000080201f6c       0x94 
 *(.sdata .sdata.*)
 *(.data .data.*)
 .data          0x0000000080202000        0x0 entry.o
 .data          0x0000000080202000        0x0 kerneltrap.o
 .data          0x0000000080202000        0x0 switch.o
 .data          0x0000000080202000        0x0 sbi.o
 .data          0x0000000080202000        0x0 main.o
 .data          0x0000000080202000        0x0 printk.o
 .data          0x0000000080202000        0x0 trap.o
 .data          0x0000000080202000        0x0 syscall.o
 .data          0x0000000080202000        0x0 string.o
 .data          0x0000000080202000        0x0 app.o
 .data          0x0000000080202000        0x0 task.o
 .data          0x0000000080202000        0x0 timer.o
 .data          0x0000000080202000        0x0 stack.o
 .data          0x0000000080202000        0x0 address.o
 .data          0x0000000080202000        0x0 assert.o
 .data          0x0000000080202000        0x0 vsprintf.o
 .data          0x0000000080202000        0x0 printf.o
                [!provide]                        PROVIDE (_data_end = .)

.bss            0x0000000080202000    0x4c520
 *(.sbss .sbss.*)
 *(.bss .bss.*)
 .bss           0x0000000080202000        0x0 entry.o
 .bss.stack     0x0000000080202000    0x10000 entry.o
                0x0000000080202000                boot_stack_lower_bound
                0x0000000080212000                boot_stack_top
 .bss           0x0000000080212000        0x0 kerneltrap.o
 .bss           0x0000000080212000        0x0 switch.o
 .bss           0x0000000080212000        0x0 sbi.o
 .bss           0x0000000080212000        0x0 main.o
 .bss           0x0000000080212000      0x3e8 printk.o
 .bss           0x00000000802123e8        0x0 trap.o
 .bss           0x00000000802123e8        0x0 syscall.o
 .bss           0x00000000802123e8        0x0 string.o
 .bss           0x00000000802123e8        0x0 app.o
 .bss           0x00000000802123e8    0x284b8 task.o
                0x00000000802123e8                KernelStack
                0x00000000802263e8                UserStack
                0x000000008023a3e8                tasks
 .bss           0x000000008023a8a0        0x0 timer.o
 .bss           0x000000008023a8a0        0x0 stack.o
 .bss           0x000000008023a8a0    0x13898 address.o
 .bss           0x000000008024e138        0x0 assert.o
 .bss           0x000000008024e138        0x0 vsprintf.o
 .bss           0x000000008024e138      0x3e8 printf.o
 *(COMMON)
OUTPUT(os.elf elf64-littleriscv)

.riscv.attributes
                0x0000000000000000       0x57
 .riscv.attributes
                0x0000000000000000       0x51 entry.o
 .riscv.attributes
                0x0000000000000051       0x55 kerneltrap.o
 .riscv.attributes
                0x00000000000000a6       0x51 switch.o
 .riscv.attributes
                0x00000000000000f7       0x53 sbi.o
 .riscv.attributes
                0x000000000000014a       0x53 main.o
 .riscv.attributes
                0x000000000000019d       0x53 printk.o
 .riscv.attributes
                0x00000000000001f0       0x57 trap.o
 .riscv.attributes
                0x0000000000000247       0x53 syscall.o
 .riscv.attributes
                0x000000000000029a       0x53 string.o
 .riscv.attributes
                0x00000000000002ed       0x53 app.o
 .riscv.attributes
                0x0000000000000340       0x57 task.o
 .riscv.attributes
                0x0000000000000397       0x57 timer.o
 .riscv.attributes
                0x00000000000003ee       0x53 stack.o
 .riscv.attributes
                0x0000000000000441       0x53 address.o
 .riscv.attributes
                0x0000000000000494       0x53 assert.o
 .riscv.attributes
                0x00000000000004e7       0x53 vsprintf.o
 .riscv.attributes
                0x000000000000053a       0x53 printf.o

.comment        0x0000000000000000        0xf
 .comment       0x0000000000000000        0xf sbi.o
                                         0x10 (size before relaxing)
 .comment       0x000000000000000f       0x10 main.o
 .comment       0x000000000000000f       0x10 printk.o
 .comment       0x000000000000000f       0x10 trap.o
 .comment       0x000000000000000f       0x10 syscall.o
 .comment       0x000000000000000f       0x10 string.o
 .comment       0x000000000000000f       0x10 app.o
 .comment       0x000000000000000f       0x10 task.o
 .comment       0x000000000000000f       0x10 timer.o
 .comment       0x000000000000000f       0x10 stack.o
 .comment       0x000000000000000f       0x10 address.o
 .comment       0x000000000000000f       0x10 assert.o
 .comment       0x000000000000000f       0x10 vsprintf.o
 .comment       0x000000000000000f       0x10 printf.o

.debug_line     0x0000000000000000     0x1eee
 .debug_line    0x0000000000000000       0x52 entry.o
 .debug_line    0x0000000000000052      0x220 kerneltrap.o
 .debug_line    0x0000000000000272       0x72 switch.o
 .debug_line    0x00000000000002e4       0xe2 sbi.o
 .debug_line    0x00000000000003c6       0x8a main.o
 .debug_line    0x0000000000000450      0x146 printk.o
 .debug_line    0x0000000000000596      0x163 trap.o
 .debug_line    0x00000000000006f9      0x104 syscall.o
 .debug_line    0x00000000000007fd      0x11f string.o
 .debug_line    0x000000000000091c      0x196 app.o
 .debug_line    0x0000000000000ab2      0x294 task.o
 .debug_line    0x0000000000000d46      0x16e timer.o
 .debug_line    0x0000000000000eb4      0x18f stack.o
 .debug_line    0x0000000000001043      0x869 address.o
 .debug_line    0x00000000000018ac       0x89 assert.o
 .debug_line    0x0000000000001935      0x4e4 vsprintf.o
 .debug_line    0x0000000000001e19       0xd5 printf.o

.debug_line_str
                0x0000000000000000      0x1af
 .debug_line_str
                0x0000000000000000       0x24 entry.o
 .debug_line_str
                0x0000000000000024        0xd kerneltrap.o
                                         0x29 (size before relaxing)
 .debug_line_str
                0x0000000000000031        0x9 switch.o
                                         0x25 (size before relaxing)
 .debug_line_str
                0x000000000000003a       0x28 sbi.o
                                         0x68 (size before relaxing)
 .debug_line_str
                0x0000000000000062       0x18 main.o
                                         0x6a (size before relaxing)
 .debug_line_str
                0x000000000000007a       0x60 printk.o
                                         0xc3 (size before relaxing)
 .debug_line_str
                0x00000000000000da       0x27 trap.o
                                         0xd8 (size before relaxing)
 .debug_line_str
                0x0000000000000101        0xe syscall.o
                                         0xc5 (size before relaxing)
 .debug_line_str
                0x000000000000010f       0x11 string.o
                                         0x9d (size before relaxing)
 .debug_line_str
                0x0000000000000120        0xa app.o
                                         0xb9 (size before relaxing)
 .debug_line_str
                0x000000000000012a       0x12 task.o
                                         0x8b (size before relaxing)
 .debug_line_str
                0x000000000000013c        0xc timer.o
                                         0x75 (size before relaxing)
 .debug_line_str
                0x0000000000000148       0x14 stack.o
                                         0x78 (size before relaxing)
 .debug_line_str
                0x000000000000015c       0x2a address.o
                                         0xe4 (size before relaxing)
 .debug_line_str
                0x0000000000000186        0xd assert.o
                                         0x6b (size before relaxing)
 .debug_line_str
                0x0000000000000193        0xf vsprintf.o
                                         0xac (size before relaxing)
 .debug_line_str
                0x00000000000001a2        0xd printf.o
                                         0xd0 (size before relaxing)

.debug_info     0x0000000000000000     0x2a13
 .debug_info    0x0000000000000000       0x28 entry.o
 .debug_info    0x0000000000000028       0x29 kerneltrap.o
 .debug_info    0x0000000000000051       0x28 switch.o
 .debug_info    0x0000000000000079      0x295 sbi.o
 .debug_info    0x000000000000030e       0xf7 main.o
 .debug_info    0x0000000000000405      0x1f6 printk.o
 .debug_info    0x00000000000005fb      0x33a trap.o
 .debug_info    0x0000000000000935      0x1c6 syscall.o
 .debug_info    0x0000000000000afb      0x186 string.o
 .debug_info    0x0000000000000c81      0x2fa app.o
 .debug_info    0x0000000000000f7b      0x58a task.o
 .debug_info    0x0000000000001505      0x1f9 timer.o
 .debug_info    0x00000000000016fe      0x215 stack.o
 .debug_info    0x0000000000001913      0xbd2 address.o
 .debug_info    0x00000000000024e5      0x11c assert.o
 .debug_info    0x0000000000002601      0x233 vsprintf.o
 .debug_info    0x0000000000002834      0x1df printf.o

.debug_abbrev   0x0000000000000000     0x118a
 .debug_abbrev  0x0000000000000000       0x14 entry.o
 .debug_abbrev  0x0000000000000014       0x14 kerneltrap.o
 .debug_abbrev  0x0000000000000028       0x14 switch.o
 .debug_abbrev  0x000000000000003c       0xf7 sbi.o
 .debug_abbrev  0x0000000000000133       0x87 main.o
 .debug_abbrev  0x00000000000001ba      0x13e printk.o
 .debug_abbrev  0x00000000000002f8      0x163 trap.o
 .debug_abbrev  0x000000000000045b      0x135 syscall.o
 .debug_abbrev  0x0000000000000590       0xab string.o
 .debug_abbrev  0x000000000000063b      0x187 app.o
 .debug_abbrev  0x00000000000007c2      0x1e1 task.o
 .debug_abbrev  0x00000000000009a3      0x122 timer.o
 .debug_abbrev  0x0000000000000ac5      0x134 stack.o
 .debug_abbrev  0x0000000000000bf9      0x312 address.o
 .debug_abbrev  0x0000000000000f0b       0xb3 assert.o
 .debug_abbrev  0x0000000000000fbe       0xbb vsprintf.o
 .debug_abbrev  0x0000000000001079      0x111 printf.o

.debug_aranges  0x0000000000000000      0x330
 .debug_aranges
                0x0000000000000000       0x30 entry.o
 .debug_aranges
                0x0000000000000030       0x30 kerneltrap.o
 .debug_aranges
                0x0000000000000060       0x30 switch.o
 .debug_aranges
                0x0000000000000090       0x30 sbi.o
 .debug_aranges
                0x00000000000000c0       0x30 main.o
 .debug_aranges
                0x00000000000000f0       0x30 printk.o
 .debug_aranges
                0x0000000000000120       0x30 trap.o
 .debug_aranges
                0x0000000000000150       0x30 syscall.o
 .debug_aranges
                0x0000000000000180       0x30 string.o
 .debug_aranges
                0x00000000000001b0       0x30 app.o
 .debug_aranges
                0x00000000000001e0       0x30 task.o
 .debug_aranges
                0x0000000000000210       0x30 timer.o
 .debug_aranges
                0x0000000000000240       0x30 stack.o
 .debug_aranges
                0x0000000000000270       0x30 address.o
 .debug_aranges
                0x00000000000002a0       0x30 assert.o
 .debug_aranges
                0x00000000000002d0       0x30 vsprintf.o
 .debug_aranges
                0x0000000000000300       0x30 printf.o

.debug_str      0x0000000000000000      0x991
 .debug_str     0x0000000000000000       0x32 entry.o
 .debug_str     0x0000000000000032       0x11 kerneltrap.o
                                         0x37 (size before relaxing)
 .debug_str     0x0000000000000043        0xd switch.o
                                         0x33 (size before relaxing)
 .debug_str     0x0000000000000050      0x2bd sbi.o
                                        0x2eb (size before relaxing)
 .debug_str     0x000000000000030d       0x52 main.o
                                        0x14f (size before relaxing)
 .debug_str     0x000000000000035f       0x4d printk.o
                                        0x174 (size before relaxing)
 .debug_str     0x00000000000003ac       0x6f trap.o
                                        0x19c (size before relaxing)
 .debug_str     0x000000000000041b       0x42 syscall.o
                                        0x184 (size before relaxing)
 .debug_str     0x000000000000045d       0x20 string.o
                                        0x124 (size before relaxing)
 .debug_str     0x000000000000047d       0x45 app.o
                                        0x1a9 (size before relaxing)
 .debug_str     0x00000000000004c2      0x116 task.o
                                        0x26c (size before relaxing)
 .debug_str     0x00000000000005d8       0x14 timer.o
                                        0x172 (size before relaxing)
 .debug_str     0x00000000000005ec       0x2a stack.o
                                        0x148 (size before relaxing)
 .debug_str     0x0000000000000616      0x32c address.o
                                        0x4bf (size before relaxing)
 .debug_str     0x0000000000000942       0x19 assert.o
                                        0x12f (size before relaxing)
 .debug_str     0x000000000000095b       0x19 vsprintf.o
                                        0x158 (size before relaxing)
 .debug_str     0x0000000000000974       0x1d printf.o
                                        0x17f (size before relaxing)

.debug_frame    0x0000000000000000     0x1030
 .debug_frame   0x0000000000000000       0xa0 sbi.o
 .debug_frame   0x00000000000000a0       0x40 main.o
 .debug_frame   0x00000000000000e0       0xc8 printk.o
 .debug_frame   0x00000000000001a8       0xd0 trap.o
 .debug_frame   0x0000000000000278       0xd0 syscall.o
 .debug_frame   0x0000000000000348       0xa0 string.o
 .debug_frame   0x00000000000003e8      0x178 app.o
 .debug_frame   0x0000000000000560      0x140 task.o
 .debug_frame   0x00000000000006a0      0x190 timer.o
 .debug_frame   0x0000000000000830      0x130 stack.o
 .debug_frame   0x0000000000000960      0x5b8 address.o
 .debug_frame   0x0000000000000f18       0x68 assert.o
 .debug_frame   0x0000000000000f80       0x40 vsprintf.o
 .debug_frame   0x0000000000000fc0       0x70 printf.o

.debug_rnglists
                0x0000000000000000       0x2f
 .debug_rnglists
                0x0000000000000000       0x2f address.o
