
Memory Configuration

Name             Origin             Length             Attributes
ram              0x0000000080200000 0x0000000008000000 axrl!w
*default*        0x0000000000000000 0xffffffffffffffff

Linker script and memory map

LOAD entry.o
LOAD kerneltrap.o
LOAD switch.o
LOAD sbi.o
LOAD main.o
LOAD printk.o
LOAD trap.o
LOAD syscall.o
LOAD string.o
LOAD app.o
LOAD task.o
LOAD timer.o
LOAD stack.o
LOAD address.o
LOAD assert.o
LOAD vsprintf.o
LOAD printf.o

.text           0x0000000080200000     0x1c36
 *(.text .text.*)
 .text          0x0000000080200000        0x0 entry.o
 .text.entry    0x0000000080200000        0xc entry.o
                0x0000000080200000                _start
 *fill*         0x000000008020000c        0x4 
 .text          0x0000000080200010       0xc6 kerneltrap.o
                0x0000000080200010                __alltraps
                0x0000000080200070                __restore
 .text          0x00000000802000d6       0x6a switch.o
                0x00000000802000d6                __switch
 .text          0x0000000080200140       0xe4 sbi.o
                0x0000000080200140                sbi_ecall
                0x00000000802001c4                sbi_console_putchar
                0x00000000802001f2                sbi_set_timer
 .text          0x0000000080200224       0x2e main.o
                0x0000000080200224                os_main
 .text          0x0000000080200252      0x142 printk.o
                0x0000000080200252                uart_puts
                0x000000008020030e                printk
                0x0000000080200366                panic
 .text          0x0000000080200394      0x10c trap.o
                0x00000000802003c8                trap_handler
                0x0000000080200480                trap_init
 .text          0x00000000802004a0       0xf4 syscall.o
                0x00000000802004a0                __SYSCALL
                0x0000000080200528                __sys_write
                0x0000000080200566                __sys_yield
                0x000000008020057c                __sys_gettime
 .text          0x0000000080200594       0xe2 string.o
                0x0000000080200594                strlen
                0x00000000802005d0                memcpy
                0x0000000080200626                memset
 .text          0x0000000080200676      0x18c app.o
                0x0000000080200676                syscall
                0x00000000802006ba                sys_write
                0x00000000802006f0                sys_yield
                0x0000000080200712                sys_gettime
                0x0000000080200734                task1
                0x0000000080200758                task2
                0x000000008020077c                task3
                0x00000000802007cc                task_init
 .text          0x0000000080200802      0x318 task.o
                0x0000000080200836                tcx_init
                0x00000000802008ae                task_create
                0x00000000802009d2                schedule
                0x0000000080200ad6                run_first_task
 .text          0x0000000080200b1a      0x124 timer.o
                0x0000000080200b9c                set_next_trigger
                0x0000000080200bc4                timer_init
                0x0000000080200c12                get_time_us
 .text          0x0000000080200c3e      0x18e stack.o
                0x0000000080200c3e                initStack
                0x0000000080200c5e                isEmpty
                0x0000000080200c8c                isFull
                0x0000000080200cbe                push
                0x0000000080200d28                pop
                0x0000000080200d84                top
 .text          0x0000000080200dcc      0x90c address.o
                0x0000000080200dcc                phys_addr_from_size_t
                0x0000000080200df0                phys_page_num_from_size_t
                0x0000000080200e14                size_t_from_phys_addr
                0x0000000080200e2a                size_t_from_phys_page_num
                0x0000000080200e40                phys_addr_from_phys_page_num
                0x0000000080200e60                virt_addr_from_size_t
                0x0000000080200e84                virt_page_num_from_size_t
                0x0000000080200eaa                size_t_from_virt_addr
                0x0000000080200ed8                size_t_from_virt_page_num
                0x0000000080200eee                floor_phys
                0x0000000080200f0e                ceil_phys
                0x0000000080200f34                virt_page_num_from_virt_addr
                0x0000000080200f54                PageTableEntry_new
                0x0000000080200f82                PageTableEntry_empty
                0x0000000080200f98                PageTableEntry_ppn
                0x0000000080200fc2                PageTableEntry_flags
                0x0000000080200fde                PageTableEntry_is_valid
                0x0000000080201014                get_bytes_array
                0x000000008020103c                get_pte_array
                0x0000000080201064                get_mut
                0x000000008020108c                StackFrameAllocator_new
                0x00000000802010be                StackFrameAllocator_init
                0x00000000802010ec                StackFrameAllocator_alloc
                0x0000000080201170                StackFrameAllocator_dealloc
                0x0000000080201212                frame_allocator_test
                0x00000000802013d8                indexes
                0x0000000080201466                find_pte_create
                0x0000000080201540                find_pte
                0x00000000802015e8                PageTable_map
                0x000000008020166e                PageTable_unmap
 .text          0x00000000802016d8       0x6c assert.o
                0x00000000802016f6                assertion_failure
 .text          0x0000000080201744      0x430 vsprintf.o
                0x0000000080201744                _vsnprintf
 .text          0x0000000080201b74       0xc2 printf.o
                0x0000000080201bde                printf

.rodata         0x0000000080201c38      0x33c
 *(.rodata .rodata.*)
 .rodata        0x0000000080201c38       0x11 main.o
 *fill*         0x0000000080201c49        0x7 
 .rodata        0x0000000080201c50       0x32 printk.o
 *fill*         0x0000000080201c82        0x6 
 .rodata        0x0000000080201c88       0x3e trap.o
 *fill*         0x0000000080201cc6        0x2 
 .rodata        0x0000000080201cc8       0x3d syscall.o
 *fill*         0x0000000080201d05        0x3 
 .rodata        0x0000000080201d08       0x5a app.o
 *fill*         0x0000000080201d62        0x6 
 .rodata        0x0000000080201d68       0x4f task.o
 *fill*         0x0000000080201db7        0x1 
 .rodata        0x0000000080201db8       0x38 stack.o
 .rodata        0x0000000080201df0       0xb6 address.o
 *fill*         0x0000000080201ea6        0x2 
 .rodata        0x0000000080201ea8       0x74 assert.o
 .rodata        0x0000000080201f1c       0x58 vsprintf.o

.data           0x0000000080201f74       0x8c
                0x0000000080202000                . = ALIGN (0x1000)
 *fill*         0x0000000080201f74       0x8c 
 *(.sdata .sdata.*)
 *(.data .data.*)
 .data          0x0000000080202000        0x0 entry.o
 .data          0x0000000080202000        0x0 kerneltrap.o
 .data          0x0000000080202000        0x0 switch.o
 .data          0x0000000080202000        0x0 sbi.o
 .data          0x0000000080202000        0x0 main.o
 .data          0x0000000080202000        0x0 printk.o
 .data          0x0000000080202000        0x0 trap.o
 .data          0x0000000080202000        0x0 syscall.o
 .data          0x0000000080202000        0x0 string.o
 .data          0x0000000080202000        0x0 app.o
 .data          0x0000000080202000        0x0 task.o
 .data          0x0000000080202000        0x0 timer.o
 .data          0x0000000080202000        0x0 stack.o
 .data          0x0000000080202000        0x0 address.o
 .data          0x0000000080202000        0x0 assert.o
 .data          0x0000000080202000        0x0 vsprintf.o
 .data          0x0000000080202000        0x0 printf.o
                [!provide]                        PROVIDE (_data_end = .)

.bss            0x0000000080202000    0x4c520
 *(.sbss .sbss.*)
 *(.bss .bss.*)
 .bss           0x0000000080202000        0x0 entry.o
 .bss.stack     0x0000000080202000    0x10000 entry.o
                0x0000000080202000                boot_stack_lower_bound
                0x0000000080212000                boot_stack_top
 .bss           0x0000000080212000        0x0 kerneltrap.o
 .bss           0x0000000080212000        0x0 switch.o
 .bss           0x0000000080212000        0x0 sbi.o
 .bss           0x0000000080212000        0x0 main.o
 .bss           0x0000000080212000      0x3e8 printk.o
 .bss           0x00000000802123e8        0x0 trap.o
 .bss           0x00000000802123e8        0x0 syscall.o
 .bss           0x00000000802123e8        0x0 string.o
 .bss           0x00000000802123e8        0x0 app.o
 .bss           0x00000000802123e8    0x284b8 task.o
                0x00000000802123e8                KernelStack
                0x00000000802263e8                UserStack
                0x000000008023a3e8                tasks
 .bss           0x000000008023a8a0        0x0 timer.o
 .bss           0x000000008023a8a0        0x0 stack.o
 .bss           0x000000008023a8a0    0x13898 address.o
 .bss           0x000000008024e138        0x0 assert.o
 .bss           0x000000008024e138        0x0 vsprintf.o
 .bss           0x000000008024e138      0x3e8 printf.o
 *(COMMON)
OUTPUT(os.elf elf64-littleriscv)

.riscv.attributes
                0x0000000000000000       0x57
 .riscv.attributes
                0x0000000000000000       0x51 entry.o
 .riscv.attributes
                0x0000000000000051       0x55 kerneltrap.o
 .riscv.attributes
                0x00000000000000a6       0x51 switch.o
 .riscv.attributes
                0x00000000000000f7       0x53 sbi.o
 .riscv.attributes
                0x000000000000014a       0x53 main.o
 .riscv.attributes
                0x000000000000019d       0x53 printk.o
 .riscv.attributes
                0x00000000000001f0       0x57 trap.o
 .riscv.attributes
                0x0000000000000247       0x53 syscall.o
 .riscv.attributes
                0x000000000000029a       0x53 string.o
 .riscv.attributes
                0x00000000000002ed       0x53 app.o
 .riscv.attributes
                0x0000000000000340       0x57 task.o
 .riscv.attributes
                0x0000000000000397       0x57 timer.o
 .riscv.attributes
                0x00000000000003ee       0x53 stack.o
 .riscv.attributes
                0x0000000000000441       0x53 address.o
 .riscv.attributes
                0x0000000000000494       0x53 assert.o
 .riscv.attributes
                0x00000000000004e7       0x53 vsprintf.o
 .riscv.attributes
                0x000000000000053a       0x53 printf.o

.comment        0x0000000000000000        0xf
 .comment       0x0000000000000000        0xf sbi.o
                                         0x10 (size before relaxing)
 .comment       0x000000000000000f       0x10 main.o
 .comment       0x000000000000000f       0x10 printk.o
 .comment       0x000000000000000f       0x10 trap.o
 .comment       0x000000000000000f       0x10 syscall.o
 .comment       0x000000000000000f       0x10 string.o
 .comment       0x000000000000000f       0x10 app.o
 .comment       0x000000000000000f       0x10 task.o
 .comment       0x000000000000000f       0x10 timer.o
 .comment       0x000000000000000f       0x10 stack.o
 .comment       0x000000000000000f       0x10 address.o
 .comment       0x000000000000000f       0x10 assert.o
 .comment       0x000000000000000f       0x10 vsprintf.o
 .comment       0x000000000000000f       0x10 printf.o
