
Memory Configuration

Name             Origin             Length             Attributes
ram              0x0000000080200000 0x0000000008000000 axrl!w
*default*        0x0000000000000000 0xffffffffffffffff

Linker script and memory map

LOAD entry.o
LOAD kerneltrap.o
LOAD switch.o
LOAD link_app.o
LOAD sbi.o
LOAD main.o
LOAD printk.o
LOAD trap.o
LOAD syscall.o
LOAD string.o
LOAD app.o
LOAD task.o
LOAD timer.o
LOAD stack.o
LOAD address.o
LOAD assert.o
LOAD vsprintf.o
LOAD printf.o
LOAD loader.o
                0x0000000080200000                BASE_ADDRESS = 0x80200000
                0x0000000000000000                skernel = .

.text           0x0000000080200000     0x2000
 *(.text .text.*)
 .text          0x0000000080200000        0x0 entry.o
 .text.entry    0x0000000080200000        0xc entry.o
                0x0000000080200000                _start
 *fill*         0x000000008020000c        0x4 
 .text          0x0000000080200010       0xbe kerneltrap.o
                0x0000000080200010                __alltraps
                0x0000000080200070                __restore
 .text          0x00000000802000ce       0x6a switch.o
                0x00000000802000ce                __switch
 *fill*         0x0000000080200138        0x0 
 .text          0x0000000080200138        0x2 link_app.o
 .text          0x000000008020013a       0xe4 sbi.o
                0x000000008020013a                sbi_ecall
                0x00000000802001be                sbi_console_putchar
                0x00000000802001ec                sbi_set_timer
 .text          0x000000008020021e       0x40 main.o
                0x000000008020021e                os_main
 .text          0x000000008020025e      0x142 printk.o
                0x000000008020025e                uart_puts
                0x000000008020031a                printk
                0x0000000080200372                panic
 .text          0x00000000802003a0      0x10c trap.o
                0x00000000802003d4                trap_handler
                0x000000008020048c                trap_init
 .text          0x00000000802004ac      0x100 syscall.o
                0x00000000802004ac                __SYSCALL
                0x0000000080200534                __sys_write
                0x000000008020057e                __sys_yield
                0x0000000080200594                __sys_gettime
 .text          0x00000000802005ac       0xe2 string.o
                0x00000000802005ac                strlen
                0x00000000802005e8                memcpy
                0x000000008020063e                memset
 .text          0x000000008020068e      0x178 app.o
                0x000000008020068e                syscall
                0x00000000802006c2                sys_write
                0x00000000802006f8                sys_yield
                0x000000008020071a                sys_gettime
                0x000000008020073c                task1
                0x0000000080200760                task2
                0x0000000080200784                task3
                0x00000000802007d0                task_init
 .text          0x0000000080200806      0x318 task.o
                0x000000008020083a                tcx_init
                0x00000000802008b2                task_create
                0x00000000802009d6                schedule
                0x0000000080200ada                run_first_task
 .text          0x0000000080200b1e      0x124 timer.o
                0x0000000080200ba0                set_next_trigger
                0x0000000080200bc8                timer_init
                0x0000000080200c16                get_time_us
 .text          0x0000000080200c42      0x18e stack.o
                0x0000000080200c42                initStack
                0x0000000080200c62                isEmpty
                0x0000000080200c90                isFull
                0x0000000080200cc2                push
                0x0000000080200d2c                pop
                0x0000000080200d88                top
 .text          0x0000000080200dd0      0x9e4 address.o
                0x0000000080200e16                phys_addr_from_size_t
                0x0000000080200e3a                phys_page_num_from_size_t
                0x0000000080200e5e                size_t_from_phys_addr
                0x0000000080200e74                size_t_from_phys_page_num
                0x0000000080200e8a                phys_addr_from_phys_page_num
                0x0000000080200eaa                virt_addr_from_size_t
                0x0000000080200ece                virt_page_num_from_size_t
                0x0000000080200ef4                size_t_from_virt_addr
                0x0000000080200f22                size_t_from_virt_page_num
                0x0000000080200f38                floor_phys
                0x0000000080200f58                ceil_phys
                0x0000000080200f7e                floor_virts
                0x0000000080200f9e                virt_page_num_from_virt_addr
                0x0000000080200fbe                PageTableEntry_new
                0x0000000080200fec                PageTableEntry_empty
                0x0000000080201002                PageTableEntry_ppn
                0x000000008020102c                PageTableEntry_flags
                0x0000000080201048                PageTableEntry_is_valid
                0x000000008020107e                get_bytes_array
                0x00000000802010a6                get_pte_array
                0x00000000802010ce                StackFrameAllocator_new
                0x0000000080201100                StackFrameAllocator_init
                0x000000008020112e                StackFrameAllocator_alloc
                0x00000000802011b2                StackFrameAllocator_dealloc
                0x0000000080201254                frame_alloctor_init
                0x00000000802012dc                indexes
                0x000000008020136a                find_pte_create
                0x0000000080201434                find_pte
                0x00000000802014de                PageTable_map
                0x00000000802015cc                PageTable_unmap
                0x0000000080201636                kvmmake
                0x000000008020172c                kvminit
                0x000000008020174e                kvminithart
 .text          0x00000000802017b4       0x6c assert.o
                0x00000000802017d2                assertion_failure
 .text          0x0000000080201820      0x430 vsprintf.o
                0x0000000080201820                _vsnprintf
 .text          0x0000000080201c50       0xc2 printf.o
                0x0000000080201cba                printf
 .text          0x0000000080201d12       0xe6 loader.o
                0x0000000080201d12                get_num_app
                0x0000000080201d2a                get_app_data
                0x0000000080202000                . = ALIGN (0x1000)
 *fill*         0x0000000080201df8      0x208 
                0x0000000080202000                PROVIDE (etext = .)

.rodata         0x0000000080202000      0x3ea
 *(.rodata .rodata.*)
 .rodata        0x0000000080202000       0x24 main.o
 *fill*         0x0000000080202024        0x4 
 .rodata        0x0000000080202028       0x32 printk.o
 *fill*         0x000000008020205a        0x6 
 .rodata        0x0000000080202060       0x3e trap.o
 *fill*         0x000000008020209e        0x2 
 .rodata        0x00000000802020a0       0x3d syscall.o
 *fill*         0x00000000802020dd        0x3 
 .rodata        0x00000000802020e0       0x5a app.o
 *fill*         0x000000008020213a        0x6 
 .rodata        0x0000000080202140       0x4f task.o
 *fill*         0x000000008020218f        0x1 
 .rodata        0x0000000080202190       0x38 stack.o
 .rodata        0x00000000802021c8      0x10a address.o
 *fill*         0x00000000802022d2        0x6 
 .rodata        0x00000000802022d8       0x74 assert.o
 .rodata        0x000000008020234c       0x58 vsprintf.o
 *fill*         0x00000000802023a4        0x4 
 .rodata        0x00000000802023a8       0x42 loader.o

.rela.dyn       0x00000000802023f0        0x0
 .rela.text     0x00000000802023f0        0x0 entry.o

.data           0x00000000802023f0     0x4758
                0x0000000080203000                . = ALIGN (0x1000)
 *fill*         0x00000000802023f0      0xc10 
 *(.sdata .sdata.*)
 *(.data .data.*)
 .data          0x0000000080203000        0x0 entry.o
 .data          0x0000000080203000        0x0 kerneltrap.o
 .data          0x0000000080203000        0x0 switch.o
 .data          0x0000000080203000     0x3b48 link_app.o
                0x0000000080203000                _num_app
                0x0000000080203020                app_0_start
                0x0000000080204478                app_0_end
                0x0000000080204478                app_1_start
                0x0000000080206b48                app_1_end
 .data          0x0000000080206b48        0x0 sbi.o
 .data          0x0000000080206b48        0x0 main.o
 .data          0x0000000080206b48        0x0 printk.o
 .data          0x0000000080206b48        0x0 trap.o
 .data          0x0000000080206b48        0x0 syscall.o
 .data          0x0000000080206b48        0x0 string.o
 .data          0x0000000080206b48        0x0 app.o
 .data          0x0000000080206b48        0x0 task.o
 .data          0x0000000080206b48        0x0 timer.o
 .data          0x0000000080206b48        0x0 stack.o
 .data          0x0000000080206b48        0x0 address.o
 .data          0x0000000080206b48        0x0 assert.o
 .data          0x0000000080206b48        0x0 vsprintf.o
 .data          0x0000000080206b48        0x0 printf.o
 .data          0x0000000080206b48        0x0 loader.o
                [!provide]                        PROVIDE (_data_end = .)

.bss            0x0000000080206b48    0x4c528
 *(.sbss .sbss.*)
 .sbss          0x0000000080206b48        0x8 address.o
                0x0000000080206b48                kernel_pagetable
 *(.bss .bss.*)
 .bss           0x0000000080206b50        0x0 entry.o
 .bss.stack     0x0000000080206b50    0x10000 entry.o
                0x0000000080206b50                boot_stack_lower_bound
                0x0000000080216b50                boot_stack_top
 .bss           0x0000000080216b50        0x0 kerneltrap.o
 .bss           0x0000000080216b50        0x0 switch.o
 .bss           0x0000000080216b50        0x0 link_app.o
 .bss           0x0000000080216b50        0x0 sbi.o
 .bss           0x0000000080216b50        0x0 main.o
 .bss           0x0000000080216b50      0x3e8 printk.o
 .bss           0x0000000080216f38        0x0 trap.o
 .bss           0x0000000080216f38        0x0 syscall.o
 .bss           0x0000000080216f38        0x0 string.o
 .bss           0x0000000080216f38        0x0 app.o
 .bss           0x0000000080216f38    0x284b8 task.o
                0x0000000080216f38                KernelStack
                0x000000008022af38                UserStack
                0x000000008023ef38                tasks
 .bss           0x000000008023f3f0        0x0 timer.o
 .bss           0x000000008023f3f0        0x0 stack.o
 .bss           0x000000008023f3f0    0x13898 address.o
                0x000000008023f3f0                FrameAllocatorImpl
 .bss           0x0000000080252c88        0x0 assert.o
 .bss           0x0000000080252c88        0x0 vsprintf.o
 .bss           0x0000000080252c88      0x3e8 printf.o
 .bss           0x0000000080253070        0x0 loader.o
 *(COMMON)
                0x0000000080253070                PROVIDE (kernelend = .)
OUTPUT(os.elf elf64-littleriscv)

.riscv.attributes
                0x0000000000000000       0x57
 .riscv.attributes
                0x0000000000000000       0x51 entry.o
 .riscv.attributes
                0x0000000000000051       0x55 kerneltrap.o
 .riscv.attributes
                0x00000000000000a6       0x51 switch.o
 .riscv.attributes
                0x00000000000000f7       0x51 link_app.o
 .riscv.attributes
                0x0000000000000148       0x53 sbi.o
 .riscv.attributes
                0x000000000000019b       0x53 main.o
 .riscv.attributes
                0x00000000000001ee       0x53 printk.o
 .riscv.attributes
                0x0000000000000241       0x57 trap.o
 .riscv.attributes
                0x0000000000000298       0x53 syscall.o
 .riscv.attributes
                0x00000000000002eb       0x53 string.o
 .riscv.attributes
                0x000000000000033e       0x53 app.o
 .riscv.attributes
                0x0000000000000391       0x57 task.o
 .riscv.attributes
                0x00000000000003e8       0x57 timer.o
 .riscv.attributes
                0x000000000000043f       0x53 stack.o
 .riscv.attributes
                0x0000000000000492       0x57 address.o
 .riscv.attributes
                0x00000000000004e9       0x53 assert.o
 .riscv.attributes
                0x000000000000053c       0x53 vsprintf.o
 .riscv.attributes
                0x000000000000058f       0x53 printf.o
 .riscv.attributes
                0x00000000000005e2       0x53 loader.o

.comment        0x0000000000000000        0xf
 .comment       0x0000000000000000        0xf sbi.o
                                         0x10 (size before relaxing)
 .comment       0x000000000000000f       0x10 main.o
 .comment       0x000000000000000f       0x10 printk.o
 .comment       0x000000000000000f       0x10 trap.o
 .comment       0x000000000000000f       0x10 syscall.o
 .comment       0x000000000000000f       0x10 string.o
 .comment       0x000000000000000f       0x10 app.o
 .comment       0x000000000000000f       0x10 task.o
 .comment       0x000000000000000f       0x10 timer.o
 .comment       0x000000000000000f       0x10 stack.o
 .comment       0x000000000000000f       0x10 address.o
 .comment       0x000000000000000f       0x10 assert.o
 .comment       0x000000000000000f       0x10 vsprintf.o
 .comment       0x000000000000000f       0x10 printf.o
 .comment       0x000000000000000f       0x10 loader.o

.debug_line     0x0000000000000000     0x20d0
 .debug_line    0x0000000000000000       0x52 entry.o
 .debug_line    0x0000000000000052      0x220 kerneltrap.o
 .debug_line    0x0000000000000272       0x72 switch.o
 .debug_line    0x00000000000002e4       0xe2 sbi.o
 .debug_line    0x00000000000003c6       0xa7 main.o
 .debug_line    0x000000000000046d      0x146 printk.o
 .debug_line    0x00000000000005b3      0x163 trap.o
 .debug_line    0x0000000000000716      0x106 syscall.o
 .debug_line    0x000000000000081c      0x11f string.o
 .debug_line    0x000000000000093b      0x194 app.o
 .debug_line    0x0000000000000acf      0x294 task.o
 .debug_line    0x0000000000000d63      0x16e timer.o
 .debug_line    0x0000000000000ed1      0x18f stack.o
 .debug_line    0x0000000000001060      0x948 address.o
 .debug_line    0x00000000000019a8       0x89 assert.o
 .debug_line    0x0000000000001a31      0x4e4 vsprintf.o
 .debug_line    0x0000000000001f15       0xd5 printf.o
 .debug_line    0x0000000000001fea       0xe6 loader.o

.debug_line_str
                0x0000000000000000      0x1c5
 .debug_line_str
                0x0000000000000000       0x24 entry.o
 .debug_line_str
                0x0000000000000024        0xd kerneltrap.o
                                         0x29 (size before relaxing)
 .debug_line_str
                0x0000000000000031        0x9 switch.o
                                         0x25 (size before relaxing)
 .debug_line_str
                0x000000000000003a       0x28 sbi.o
                                         0x68 (size before relaxing)
 .debug_line_str
                0x0000000000000062       0x6b main.o
                                         0xc5 (size before relaxing)
 .debug_line_str
                0x00000000000000cd       0x16 printk.o
                                         0xc3 (size before relaxing)
 .debug_line_str
                0x00000000000000e3       0x27 trap.o
                                         0xd8 (size before relaxing)
 .debug_line_str
                0x000000000000010a        0xe syscall.o
                                         0xc5 (size before relaxing)
 .debug_line_str
                0x0000000000000118       0x11 string.o
                                         0x9d (size before relaxing)
 .debug_line_str
                0x0000000000000129        0xa app.o
                                         0xb9 (size before relaxing)
 .debug_line_str
                0x0000000000000133       0x12 task.o
                                         0x8b (size before relaxing)
 .debug_line_str
                0x0000000000000145        0xc timer.o
                                         0x75 (size before relaxing)
 .debug_line_str
                0x0000000000000151       0x14 stack.o
                                         0x78 (size before relaxing)
 .debug_line_str
                0x0000000000000165       0x2a address.o
                                         0xec (size before relaxing)
 .debug_line_str
                0x000000000000018f        0xd assert.o
                                         0x6b (size before relaxing)
 .debug_line_str
                0x000000000000019c        0xf vsprintf.o
                                         0xac (size before relaxing)
 .debug_line_str
                0x00000000000001ab        0xd printf.o
                                         0xd0 (size before relaxing)
 .debug_line_str
                0x00000000000001b8        0xd loader.o
                                         0x85 (size before relaxing)

.debug_info     0x0000000000000000     0x2d7c
 .debug_info    0x0000000000000000       0x28 entry.o
 .debug_info    0x0000000000000028       0x29 kerneltrap.o
 .debug_info    0x0000000000000051       0x28 switch.o
 .debug_info    0x0000000000000079      0x295 sbi.o
 .debug_info    0x000000000000030e      0x194 main.o
 .debug_info    0x00000000000004a2      0x1f6 printk.o
 .debug_info    0x0000000000000698      0x33a trap.o
 .debug_info    0x00000000000009d2      0x1eb syscall.o
 .debug_info    0x0000000000000bbd      0x186 string.o
 .debug_info    0x0000000000000d43      0x2fa app.o
 .debug_info    0x000000000000103d      0x58a task.o
 .debug_info    0x00000000000015c7      0x1f9 timer.o
 .debug_info    0x00000000000017c0      0x215 stack.o
 .debug_info    0x00000000000019d5      0xce8 address.o
 .debug_info    0x00000000000026bd      0x11c assert.o
 .debug_info    0x00000000000027d9      0x233 vsprintf.o
 .debug_info    0x0000000000002a0c      0x1df printf.o
 .debug_info    0x0000000000002beb      0x191 loader.o

.debug_abbrev   0x0000000000000000     0x13cf
 .debug_abbrev  0x0000000000000000       0x14 entry.o
 .debug_abbrev  0x0000000000000014       0x14 kerneltrap.o
 .debug_abbrev  0x0000000000000028       0x14 switch.o
 .debug_abbrev  0x000000000000003c       0xf7 sbi.o
 .debug_abbrev  0x0000000000000133       0xe0 main.o
 .debug_abbrev  0x0000000000000213      0x13e printk.o
 .debug_abbrev  0x0000000000000351      0x163 trap.o
 .debug_abbrev  0x00000000000004b4      0x153 syscall.o
 .debug_abbrev  0x0000000000000607       0xab string.o
 .debug_abbrev  0x00000000000006b2      0x187 app.o
 .debug_abbrev  0x0000000000000839      0x1e1 task.o
 .debug_abbrev  0x0000000000000a1a      0x122 timer.o
 .debug_abbrev  0x0000000000000b3c      0x134 stack.o
 .debug_abbrev  0x0000000000000c70      0x3b3 address.o
 .debug_abbrev  0x0000000000001023       0xb3 assert.o
 .debug_abbrev  0x00000000000010d6       0xbb vsprintf.o
 .debug_abbrev  0x0000000000001191      0x111 printf.o
 .debug_abbrev  0x00000000000012a2      0x12d loader.o

.debug_aranges  0x0000000000000000      0x360
 .debug_aranges
                0x0000000000000000       0x30 entry.o
 .debug_aranges
                0x0000000000000030       0x30 kerneltrap.o
 .debug_aranges
                0x0000000000000060       0x30 switch.o
 .debug_aranges
                0x0000000000000090       0x30 sbi.o
 .debug_aranges
                0x00000000000000c0       0x30 main.o
 .debug_aranges
                0x00000000000000f0       0x30 printk.o
 .debug_aranges
                0x0000000000000120       0x30 trap.o
 .debug_aranges
                0x0000000000000150       0x30 syscall.o
 .debug_aranges
                0x0000000000000180       0x30 string.o
 .debug_aranges
                0x00000000000001b0       0x30 app.o
 .debug_aranges
                0x00000000000001e0       0x30 task.o
 .debug_aranges
                0x0000000000000210       0x30 timer.o
 .debug_aranges
                0x0000000000000240       0x30 stack.o
 .debug_aranges
                0x0000000000000270       0x30 address.o
 .debug_aranges
                0x00000000000002a0       0x30 assert.o
 .debug_aranges
                0x00000000000002d0       0x30 vsprintf.o
 .debug_aranges
                0x0000000000000300       0x30 printf.o
 .debug_aranges
                0x0000000000000330       0x30 loader.o

.debug_str      0x0000000000000000      0xa18
 .debug_str     0x0000000000000000       0x32 entry.o
 .debug_str     0x0000000000000032       0x11 kerneltrap.o
                                         0x37 (size before relaxing)
 .debug_str     0x0000000000000043        0xd switch.o
                                         0x33 (size before relaxing)
 .debug_str     0x0000000000000050      0x2bd sbi.o
                                        0x2eb (size before relaxing)
 .debug_str     0x000000000000030d       0x71 main.o
                                        0x17e (size before relaxing)
 .debug_str     0x000000000000037e       0x4d printk.o
                                        0x174 (size before relaxing)
 .debug_str     0x00000000000003cb       0x6f trap.o
                                        0x19c (size before relaxing)
 .debug_str     0x000000000000043a       0x5a syscall.o
                                        0x1a1 (size before relaxing)
 .debug_str     0x0000000000000494       0x20 string.o
                                        0x124 (size before relaxing)
 .debug_str     0x00000000000004b4       0x4f app.o
                                        0x1a9 (size before relaxing)
 .debug_str     0x0000000000000503      0x125 task.o
                                        0x26c (size before relaxing)
 .debug_str     0x0000000000000628       0x1f timer.o
                                        0x172 (size before relaxing)
 .debug_str     0x0000000000000647       0x2a stack.o
                                        0x148 (size before relaxing)
 .debug_str     0x0000000000000671      0x365 address.o
                                        0x52f (size before relaxing)
 .debug_str     0x00000000000009d6       0x19 assert.o
                                        0x12f (size before relaxing)
 .debug_str     0x00000000000009ef       0x19 vsprintf.o
                                        0x158 (size before relaxing)
 .debug_str     0x0000000000000a08       0x19 printf.o
                                        0x17f (size before relaxing)
 .debug_str     0x0000000000000a08       0x10 loader.o
                                        0x177 (size before relaxing)

.debug_frame    0x0000000000000000     0x11c8
 .debug_frame   0x0000000000000000       0xa0 sbi.o
 .debug_frame   0x00000000000000a0       0x38 main.o
 .debug_frame   0x00000000000000d8       0xc8 printk.o
 .debug_frame   0x00000000000001a0       0xd0 trap.o
 .debug_frame   0x0000000000000270       0xd0 syscall.o
 .debug_frame   0x0000000000000340       0xa0 string.o
 .debug_frame   0x00000000000003e0      0x178 app.o
 .debug_frame   0x0000000000000558      0x140 task.o
 .debug_frame   0x0000000000000698      0x190 timer.o
 .debug_frame   0x0000000000000828      0x130 stack.o
 .debug_frame   0x0000000000000958      0x6e0 address.o
 .debug_frame   0x0000000000001038       0x68 assert.o
 .debug_frame   0x00000000000010a0       0x40 vsprintf.o
 .debug_frame   0x00000000000010e0       0x70 printf.o
 .debug_frame   0x0000000000001150       0x78 loader.o

.debug_rnglists
                0x0000000000000000       0x52
 .debug_rnglists
                0x0000000000000000       0x52 address.o
