
Memory Configuration

Name             Origin             Length             Attributes
ram              0x0000000080200000 0x0000000008000000 axrl!w
*default*        0x0000000000000000 0xffffffffffffffff

Linker script and memory map

LOAD entry.o
LOAD kerneltrap.o
LOAD switch.o
LOAD sbi.o
LOAD main.o
LOAD printk.o
LOAD trap.o
LOAD syscall.o
LOAD string.o
LOAD app.o
LOAD task.o
LOAD timer.o
LOAD stack.o
LOAD address.o
LOAD assert.o
LOAD vsprintf.o
LOAD printf.o
                0x0000000080200000                BASE_ADDRESS = 0x80200000
                0x0000000000000000                skernel = .

.text           0x0000000080200000     0x2000
 *(.text .text.*)
 .text          0x0000000080200000        0x0 entry.o
 .text.entry    0x0000000080200000        0xc entry.o
                0x0000000080200000                _start
 *fill*         0x000000008020000c        0x4 
 .text          0x0000000080200010       0xbe kerneltrap.o
                0x0000000080200010                __alltraps
                0x0000000080200070                __restore
 .text          0x00000000802000ce       0x6a switch.o
                0x00000000802000ce                __switch
 .text          0x0000000080200138       0xe4 sbi.o
                0x0000000080200138                sbi_ecall
                0x00000000802001bc                sbi_console_putchar
                0x00000000802001ea                sbi_set_timer
 .text          0x000000008020021c       0x36 main.o
                0x000000008020021c                os_main
 .text          0x0000000080200252      0x142 printk.o
                0x0000000080200252                uart_puts
                0x000000008020030e                printk
                0x0000000080200366                panic
 .text          0x0000000080200394      0x10c trap.o
                0x00000000802003c8                trap_handler
                0x0000000080200480                trap_init
 .text          0x00000000802004a0      0x100 syscall.o
                0x00000000802004a0                __SYSCALL
                0x0000000080200528                __sys_write
                0x0000000080200572                __sys_yield
                0x0000000080200588                __sys_gettime
 .text          0x00000000802005a0       0xe2 string.o
                0x00000000802005a0                strlen
                0x00000000802005dc                memcpy
                0x0000000080200632                memset
 .text          0x0000000080200682      0x178 app.o
                0x0000000080200682                syscall
                0x00000000802006b6                sys_write
                0x00000000802006ec                sys_yield
                0x000000008020070e                sys_gettime
                0x0000000080200730                task1
                0x0000000080200754                task2
                0x0000000080200778                task3
                0x00000000802007c4                task_init
 .text          0x00000000802007fa      0x318 task.o
                0x000000008020082e                tcx_init
                0x00000000802008a6                task_create
                0x00000000802009ca                schedule
                0x0000000080200ace                run_first_task
 .text          0x0000000080200b12      0x124 timer.o
                0x0000000080200b94                set_next_trigger
                0x0000000080200bbc                timer_init
                0x0000000080200c0a                get_time_us
 .text          0x0000000080200c36      0x18e stack.o
                0x0000000080200c36                initStack
                0x0000000080200c56                isEmpty
                0x0000000080200c84                isFull
                0x0000000080200cb6                push
                0x0000000080200d20                pop
                0x0000000080200d7c                top
 .text          0x0000000080200dc4      0x9e4 address.o
                0x0000000080200e0a                phys_addr_from_size_t
                0x0000000080200e2e                phys_page_num_from_size_t
                0x0000000080200e52                size_t_from_phys_addr
                0x0000000080200e68                size_t_from_phys_page_num
                0x0000000080200e7e                phys_addr_from_phys_page_num
                0x0000000080200e9e                virt_addr_from_size_t
                0x0000000080200ec2                virt_page_num_from_size_t
                0x0000000080200ee8                size_t_from_virt_addr
                0x0000000080200f16                size_t_from_virt_page_num
                0x0000000080200f2c                floor_phys
                0x0000000080200f4c                ceil_phys
                0x0000000080200f72                floor_virts
                0x0000000080200f92                virt_page_num_from_virt_addr
                0x0000000080200fb2                PageTableEntry_new
                0x0000000080200fe0                PageTableEntry_empty
                0x0000000080200ff6                PageTableEntry_ppn
                0x0000000080201020                PageTableEntry_flags
                0x000000008020103c                PageTableEntry_is_valid
                0x0000000080201072                get_bytes_array
                0x000000008020109a                get_pte_array
                0x00000000802010c2                StackFrameAllocator_new
                0x00000000802010f4                StackFrameAllocator_init
                0x0000000080201122                StackFrameAllocator_alloc
                0x00000000802011a6                StackFrameAllocator_dealloc
                0x0000000080201248                frame_alloctor_init
                0x00000000802012d0                indexes
                0x000000008020135e                find_pte_create
                0x0000000080201428                find_pte
                0x00000000802014d2                PageTable_map
                0x00000000802015c0                PageTable_unmap
                0x000000008020162a                kvmmake
                0x0000000080201720                kvminit
                0x0000000080201742                kvminithart
 .text          0x00000000802017a8       0x6c assert.o
                0x00000000802017c6                assertion_failure
 .text          0x0000000080201814      0x430 vsprintf.o
                0x0000000080201814                _vsnprintf
 .text          0x0000000080201c44       0xc2 printf.o
                0x0000000080201cae                printf
                0x0000000080202000                . = ALIGN (0x1000)
 *fill*         0x0000000080201d06      0x2fa 
                0x0000000080202000                PROVIDE (etext = .)

.rodata         0x0000000080202000      0x394
 *(.rodata .rodata.*)
 .rodata        0x0000000080202000       0x11 main.o
 *fill*         0x0000000080202011        0x7 
 .rodata        0x0000000080202018       0x32 printk.o
 *fill*         0x000000008020204a        0x6 
 .rodata        0x0000000080202050       0x3e trap.o
 *fill*         0x000000008020208e        0x2 
 .rodata        0x0000000080202090       0x3d syscall.o
 *fill*         0x00000000802020cd        0x3 
 .rodata        0x00000000802020d0       0x5a app.o
 *fill*         0x000000008020212a        0x6 
 .rodata        0x0000000080202130       0x4f task.o
 *fill*         0x000000008020217f        0x1 
 .rodata        0x0000000080202180       0x38 stack.o
 .rodata        0x00000000802021b8      0x10a address.o
 *fill*         0x00000000802022c2        0x6 
 .rodata        0x00000000802022c8       0x74 assert.o
 .rodata        0x000000008020233c       0x58 vsprintf.o

.rela.dyn       0x0000000080202398        0x0
 .rela.text     0x0000000080202398        0x0 entry.o

.data           0x0000000080202394      0xc6c
                0x0000000080203000                . = ALIGN (0x1000)
 *fill*         0x0000000080202394      0xc6c 
 *(.sdata .sdata.*)
 *(.data .data.*)
 .data          0x0000000080203000        0x0 entry.o
 .data          0x0000000080203000        0x0 kerneltrap.o
 .data          0x0000000080203000        0x0 switch.o
 .data          0x0000000080203000        0x0 sbi.o
 .data          0x0000000080203000        0x0 main.o
 .data          0x0000000080203000        0x0 printk.o
 .data          0x0000000080203000        0x0 trap.o
 .data          0x0000000080203000        0x0 syscall.o
 .data          0x0000000080203000        0x0 string.o
 .data          0x0000000080203000        0x0 app.o
 .data          0x0000000080203000        0x0 task.o
 .data          0x0000000080203000        0x0 timer.o
 .data          0x0000000080203000        0x0 stack.o
 .data          0x0000000080203000        0x0 address.o
 .data          0x0000000080203000        0x0 assert.o
 .data          0x0000000080203000        0x0 vsprintf.o
 .data          0x0000000080203000        0x0 printf.o
                [!provide]                        PROVIDE (_data_end = .)

.bss            0x0000000080203000    0x4c528
 *(.sbss .sbss.*)
 .sbss          0x0000000080203000        0x8 address.o
                0x0000000080203000                kernel_pagetable
 *(.bss .bss.*)
 .bss           0x0000000080203008        0x0 entry.o
 .bss.stack     0x0000000080203008    0x10000 entry.o
                0x0000000080203008                boot_stack_lower_bound
                0x0000000080213008                boot_stack_top
 .bss           0x0000000080213008        0x0 kerneltrap.o
 .bss           0x0000000080213008        0x0 switch.o
 .bss           0x0000000080213008        0x0 sbi.o
 .bss           0x0000000080213008        0x0 main.o
 .bss           0x0000000080213008      0x3e8 printk.o
 .bss           0x00000000802133f0        0x0 trap.o
 .bss           0x00000000802133f0        0x0 syscall.o
 .bss           0x00000000802133f0        0x0 string.o
 .bss           0x00000000802133f0        0x0 app.o
 .bss           0x00000000802133f0    0x284b8 task.o
                0x00000000802133f0                KernelStack
                0x00000000802273f0                UserStack
                0x000000008023b3f0                tasks
 .bss           0x000000008023b8a8        0x0 timer.o
 .bss           0x000000008023b8a8        0x0 stack.o
 .bss           0x000000008023b8a8    0x13898 address.o
                0x000000008023b8a8                FrameAllocatorImpl
 .bss           0x000000008024f140        0x0 assert.o
 .bss           0x000000008024f140        0x0 vsprintf.o
 .bss           0x000000008024f140      0x3e8 printf.o
 *(COMMON)
                0x000000008024f528                PROVIDE (kernelend = .)
OUTPUT(os.elf elf64-littleriscv)

.riscv.attributes
                0x0000000000000000       0x57
 .riscv.attributes
                0x0000000000000000       0x51 entry.o
 .riscv.attributes
                0x0000000000000051       0x55 kerneltrap.o
 .riscv.attributes
                0x00000000000000a6       0x51 switch.o
 .riscv.attributes
                0x00000000000000f7       0x53 sbi.o
 .riscv.attributes
                0x000000000000014a       0x53 main.o
 .riscv.attributes
                0x000000000000019d       0x53 printk.o
 .riscv.attributes
                0x00000000000001f0       0x57 trap.o
 .riscv.attributes
                0x0000000000000247       0x53 syscall.o
 .riscv.attributes
                0x000000000000029a       0x53 string.o
 .riscv.attributes
                0x00000000000002ed       0x53 app.o
 .riscv.attributes
                0x0000000000000340       0x57 task.o
 .riscv.attributes
                0x0000000000000397       0x57 timer.o
 .riscv.attributes
                0x00000000000003ee       0x53 stack.o
 .riscv.attributes
                0x0000000000000441       0x57 address.o
 .riscv.attributes
                0x0000000000000498       0x53 assert.o
 .riscv.attributes
                0x00000000000004eb       0x53 vsprintf.o
 .riscv.attributes
                0x000000000000053e       0x53 printf.o

.comment        0x0000000000000000        0xf
 .comment       0x0000000000000000        0xf sbi.o
                                         0x10 (size before relaxing)
 .comment       0x000000000000000f       0x10 main.o
 .comment       0x000000000000000f       0x10 printk.o
 .comment       0x000000000000000f       0x10 trap.o
 .comment       0x000000000000000f       0x10 syscall.o
 .comment       0x000000000000000f       0x10 string.o
 .comment       0x000000000000000f       0x10 app.o
 .comment       0x000000000000000f       0x10 task.o
 .comment       0x000000000000000f       0x10 timer.o
 .comment       0x000000000000000f       0x10 stack.o
 .comment       0x000000000000000f       0x10 address.o
 .comment       0x000000000000000f       0x10 assert.o
 .comment       0x000000000000000f       0x10 vsprintf.o
 .comment       0x000000000000000f       0x10 printf.o

.debug_line     0x0000000000000000     0x1fd3
 .debug_line    0x0000000000000000       0x52 entry.o
 .debug_line    0x0000000000000052      0x220 kerneltrap.o
 .debug_line    0x0000000000000272       0x72 switch.o
 .debug_line    0x00000000000002e4       0xe2 sbi.o
 .debug_line    0x00000000000003c6       0x90 main.o
 .debug_line    0x0000000000000456      0x146 printk.o
 .debug_line    0x000000000000059c      0x163 trap.o
 .debug_line    0x00000000000006ff      0x106 syscall.o
 .debug_line    0x0000000000000805      0x11f string.o
 .debug_line    0x0000000000000924      0x194 app.o
 .debug_line    0x0000000000000ab8      0x294 task.o
 .debug_line    0x0000000000000d4c      0x16e timer.o
 .debug_line    0x0000000000000eba      0x18f stack.o
 .debug_line    0x0000000000001049      0x948 address.o
 .debug_line    0x0000000000001991       0x89 assert.o
 .debug_line    0x0000000000001a1a      0x4e4 vsprintf.o
 .debug_line    0x0000000000001efe       0xd5 printf.o

.debug_line_str
                0x0000000000000000      0x1af
 .debug_line_str
                0x0000000000000000       0x24 entry.o
 .debug_line_str
                0x0000000000000024        0xd kerneltrap.o
                                         0x29 (size before relaxing)
 .debug_line_str
                0x0000000000000031        0x9 switch.o
                                         0x25 (size before relaxing)
 .debug_line_str
                0x000000000000003a       0x28 sbi.o
                                         0x68 (size before relaxing)
 .debug_line_str
                0x0000000000000062       0x18 main.o
                                         0x6a (size before relaxing)
 .debug_line_str
                0x000000000000007a       0x60 printk.o
                                         0xc3 (size before relaxing)
 .debug_line_str
                0x00000000000000da       0x27 trap.o
                                         0xd8 (size before relaxing)
 .debug_line_str
                0x0000000000000101        0xe syscall.o
                                         0xc5 (size before relaxing)
 .debug_line_str
                0x000000000000010f       0x11 string.o
                                         0x9d (size before relaxing)
 .debug_line_str
                0x0000000000000120        0xa app.o
                                         0xb9 (size before relaxing)
 .debug_line_str
                0x000000000000012a       0x12 task.o
                                         0x8b (size before relaxing)
 .debug_line_str
                0x000000000000013c        0xc timer.o
                                         0x75 (size before relaxing)
 .debug_line_str
                0x0000000000000148       0x14 stack.o
                                         0x78 (size before relaxing)
 .debug_line_str
                0x000000000000015c       0x2a address.o
                                         0xec (size before relaxing)
 .debug_line_str
                0x0000000000000186        0xd assert.o
                                         0x6b (size before relaxing)
 .debug_line_str
                0x0000000000000193        0xf vsprintf.o
                                         0xac (size before relaxing)
 .debug_line_str
                0x00000000000001a2        0xd printf.o
                                         0xd0 (size before relaxing)

.debug_info     0x0000000000000000     0x2b5c
 .debug_info    0x0000000000000000       0x28 entry.o
 .debug_info    0x0000000000000028       0x29 kerneltrap.o
 .debug_info    0x0000000000000051       0x28 switch.o
 .debug_info    0x0000000000000079      0x295 sbi.o
 .debug_info    0x000000000000030e      0x105 main.o
 .debug_info    0x0000000000000413      0x1f6 printk.o
 .debug_info    0x0000000000000609      0x33a trap.o
 .debug_info    0x0000000000000943      0x1eb syscall.o
 .debug_info    0x0000000000000b2e      0x186 string.o
 .debug_info    0x0000000000000cb4      0x2fa app.o
 .debug_info    0x0000000000000fae      0x58a task.o
 .debug_info    0x0000000000001538      0x1f9 timer.o
 .debug_info    0x0000000000001731      0x215 stack.o
 .debug_info    0x0000000000001946      0xce8 address.o
 .debug_info    0x000000000000262e      0x11c assert.o
 .debug_info    0x000000000000274a      0x233 vsprintf.o
 .debug_info    0x000000000000297d      0x1df printf.o

.debug_abbrev   0x0000000000000000     0x1249
 .debug_abbrev  0x0000000000000000       0x14 entry.o
 .debug_abbrev  0x0000000000000014       0x14 kerneltrap.o
 .debug_abbrev  0x0000000000000028       0x14 switch.o
 .debug_abbrev  0x000000000000003c       0xf7 sbi.o
 .debug_abbrev  0x0000000000000133       0x87 main.o
 .debug_abbrev  0x00000000000001ba      0x13e printk.o
 .debug_abbrev  0x00000000000002f8      0x163 trap.o
 .debug_abbrev  0x000000000000045b      0x153 syscall.o
 .debug_abbrev  0x00000000000005ae       0xab string.o
 .debug_abbrev  0x0000000000000659      0x187 app.o
 .debug_abbrev  0x00000000000007e0      0x1e1 task.o
 .debug_abbrev  0x00000000000009c1      0x122 timer.o
 .debug_abbrev  0x0000000000000ae3      0x134 stack.o
 .debug_abbrev  0x0000000000000c17      0x3b3 address.o
 .debug_abbrev  0x0000000000000fca       0xb3 assert.o
 .debug_abbrev  0x000000000000107d       0xbb vsprintf.o
 .debug_abbrev  0x0000000000001138      0x111 printf.o

.debug_aranges  0x0000000000000000      0x330
 .debug_aranges
                0x0000000000000000       0x30 entry.o
 .debug_aranges
                0x0000000000000030       0x30 kerneltrap.o
 .debug_aranges
                0x0000000000000060       0x30 switch.o
 .debug_aranges
                0x0000000000000090       0x30 sbi.o
 .debug_aranges
                0x00000000000000c0       0x30 main.o
 .debug_aranges
                0x00000000000000f0       0x30 printk.o
 .debug_aranges
                0x0000000000000120       0x30 trap.o
 .debug_aranges
                0x0000000000000150       0x30 syscall.o
 .debug_aranges
                0x0000000000000180       0x30 string.o
 .debug_aranges
                0x00000000000001b0       0x30 app.o
 .debug_aranges
                0x00000000000001e0       0x30 task.o
 .debug_aranges
                0x0000000000000210       0x30 timer.o
 .debug_aranges
                0x0000000000000240       0x30 stack.o
 .debug_aranges
                0x0000000000000270       0x30 address.o
 .debug_aranges
                0x00000000000002a0       0x30 assert.o
 .debug_aranges
                0x00000000000002d0       0x30 vsprintf.o
 .debug_aranges
                0x0000000000000300       0x30 printf.o

.debug_str      0x0000000000000000      0x9e2
 .debug_str     0x0000000000000000       0x32 entry.o
 .debug_str     0x0000000000000032       0x11 kerneltrap.o
                                         0x37 (size before relaxing)
 .debug_str     0x0000000000000043        0xd switch.o
                                         0x33 (size before relaxing)
 .debug_str     0x0000000000000050      0x2bd sbi.o
                                        0x2eb (size before relaxing)
 .debug_str     0x000000000000030d       0x56 main.o
                                        0x153 (size before relaxing)
 .debug_str     0x0000000000000363       0x4d printk.o
                                        0x174 (size before relaxing)
 .debug_str     0x00000000000003b0       0x6f trap.o
                                        0x19c (size before relaxing)
 .debug_str     0x000000000000041f       0x5f syscall.o
                                        0x1a1 (size before relaxing)
 .debug_str     0x000000000000047e       0x20 string.o
                                        0x124 (size before relaxing)
 .debug_str     0x000000000000049e       0x45 app.o
                                        0x1a9 (size before relaxing)
 .debug_str     0x00000000000004e3      0x125 task.o
                                        0x26c (size before relaxing)
 .debug_str     0x0000000000000608       0x14 timer.o
                                        0x172 (size before relaxing)
 .debug_str     0x000000000000061c       0x2a stack.o
                                        0x148 (size before relaxing)
 .debug_str     0x0000000000000646      0x36a address.o
                                        0x52f (size before relaxing)
 .debug_str     0x00000000000009b0       0x19 assert.o
                                        0x12f (size before relaxing)
 .debug_str     0x00000000000009c9       0x19 vsprintf.o
                                        0x158 (size before relaxing)
 .debug_str     0x00000000000009e2       0x19 printf.o
                                        0x17f (size before relaxing)

.debug_frame    0x0000000000000000     0x1158
 .debug_frame   0x0000000000000000       0xa0 sbi.o
 .debug_frame   0x00000000000000a0       0x40 main.o
 .debug_frame   0x00000000000000e0       0xc8 printk.o
 .debug_frame   0x00000000000001a8       0xd0 trap.o
 .debug_frame   0x0000000000000278       0xd0 syscall.o
 .debug_frame   0x0000000000000348       0xa0 string.o
 .debug_frame   0x00000000000003e8      0x178 app.o
 .debug_frame   0x0000000000000560      0x140 task.o
 .debug_frame   0x00000000000006a0      0x190 timer.o
 .debug_frame   0x0000000000000830      0x130 stack.o
 .debug_frame   0x0000000000000960      0x6e0 address.o
 .debug_frame   0x0000000000001040       0x68 assert.o
 .debug_frame   0x00000000000010a8       0x40 vsprintf.o
 .debug_frame   0x00000000000010e8       0x70 printf.o

.debug_rnglists
                0x0000000000000000       0x52
 .debug_rnglists
                0x0000000000000000       0x52 address.o
