
Memory Configuration

Name             Origin             Length             Attributes
ram              0x0000000080200000 0x0000000008000000 axrl!w
*default*        0x0000000000000000 0xffffffffffffffff

Linker script and memory map

LOAD entry.o
LOAD kerneltrap.o
LOAD switch.o
LOAD link_app.o
LOAD sbi.o
LOAD main.o
LOAD printk.o
LOAD trap.o
LOAD syscall.o
LOAD string.o
LOAD app.o
LOAD task.o
LOAD timer.o
LOAD stack.o
LOAD address.o
LOAD assert.o
LOAD vsprintf.o
LOAD printf.o
LOAD loader.o
                0x0000000080200000                BASE_ADDRESS = 0x80200000
                0x0000000000000000                skernel = .

.text           0x0000000080200000     0x4000
 *(.text.entry)
 .text.entry    0x0000000080200000        0xc entry.o
                0x0000000080200000                _start
                0x0000000080201000                . = ALIGN (0x1000)
 *fill*         0x000000008020000c      0xff4 
                0x0000000080201000                trampoline = .
 *(.text.trampoline)
 .text.trampoline
                0x0000000080201000       0xca kerneltrap.o
                0x0000000080201000                __alltraps
                0x0000000080201068                __restore
                0x0000000080202000                . = ALIGN (0x1000)
 *fill*         0x00000000802010ca      0xf36 
                0x0000000080202000                _strampoline = .
 *(.text .text.*)
 .text          0x0000000080202000        0x0 entry.o
 .text          0x0000000080202000        0x0 kerneltrap.o
 .text          0x0000000080202000       0x6a switch.o
                0x0000000080202000                __switch
 *fill*         0x000000008020206a        0x6 
 .text          0x0000000080202070        0x2 link_app.o
 .text          0x0000000080202072       0xe4 sbi.o
                0x0000000080202072                sbi_ecall
                0x00000000802020f6                sbi_console_putchar
                0x0000000080202124                sbi_set_timer
 .text          0x0000000080202156       0x40 main.o
                0x0000000080202156                os_main
 .text          0x0000000080202196      0x142 printk.o
                0x0000000080202196                uart_puts
                0x0000000080202252                printk
                0x00000000802022aa                panic
 .text          0x00000000802022d8      0x10c trap.o
                0x000000008020230c                trap_handler
                0x00000000802023c4                trap_init
 .text          0x00000000802023e4      0x100 syscall.o
                0x00000000802023e4                __SYSCALL
                0x000000008020246c                __sys_write
                0x00000000802024b6                __sys_yield
                0x00000000802024cc                __sys_gettime
 .text          0x00000000802024e4       0xe2 string.o
                0x00000000802024e4                strlen
                0x0000000080202520                memcpy
                0x0000000080202576                memset
 .text          0x00000000802025c6      0x178 app.o
                0x00000000802025c6                syscall
                0x00000000802025fa                sys_write
                0x0000000080202630                sys_yield
                0x0000000080202652                sys_gettime
                0x0000000080202674                task1
                0x0000000080202698                task2
                0x00000000802026bc                task3
                0x0000000080202708                task_init
 .text          0x000000008020273e      0x3fa task.o
                0x0000000080202772                tcx_init
                0x00000000802027ea                proc_mapstacks
                0x00000000802028cc                task_create
                0x00000000802029f0                schedule
                0x0000000080202af4                run_first_task
 .text          0x0000000080202b38      0x124 timer.o
                0x0000000080202bba                set_next_trigger
                0x0000000080202be2                timer_init
                0x0000000080202c30                get_time_us
 .text          0x0000000080202c5c      0x18e stack.o
                0x0000000080202c5c                initStack
                0x0000000080202c7c                isEmpty
                0x0000000080202caa                isFull
                0x0000000080202cdc                push
                0x0000000080202d46                pop
                0x0000000080202da2                top
 .text          0x0000000080202dea      0xa56 address.o
                0x0000000080202e30                phys_addr_from_size_t
                0x0000000080202e54                phys_page_num_from_size_t
                0x0000000080202e78                size_t_from_phys_addr
                0x0000000080202e8e                size_t_from_phys_page_num
                0x0000000080202ea4                phys_addr_from_phys_page_num
                0x0000000080202ec4                virt_addr_from_size_t
                0x0000000080202ee8                virt_page_num_from_size_t
                0x0000000080202f0e                size_t_from_virt_addr
                0x0000000080202f3c                size_t_from_virt_page_num
                0x0000000080202f52                floor_phys
                0x0000000080202f72                ceil_phys
                0x0000000080202f98                floor_virts
                0x0000000080202fb8                virt_page_num_from_virt_addr
                0x0000000080202fd8                PageTableEntry_new
                0x0000000080203006                PageTableEntry_empty
                0x000000008020301c                PageTableEntry_ppn
                0x0000000080203046                PageTableEntry_flags
                0x0000000080203062                PageTableEntry_is_valid
                0x0000000080203098                get_bytes_array
                0x00000000802030c0                get_pte_array
                0x00000000802030e8                StackFrameAllocator_new
                0x000000008020311a                StackFrameAllocator_init
                0x0000000080203148                StackFrameAllocator_alloc
                0x00000000802031cc                StackFrameAllocator_dealloc
                0x000000008020326e                frame_alloctor_init
                0x00000000802032f6                indexes
                0x0000000080203384                find_pte_create
                0x000000008020344e                kalloc
                0x0000000080203476                find_pte
                0x0000000080203520                PageTable_map
                0x000000008020360e                PageTable_unmap
                0x0000000080203678                kvmmake
                0x00000000802037b8                kvminit
                0x00000000802037da                kvminithart
 .text          0x0000000080203840       0x6c assert.o
                0x000000008020385e                assertion_failure
 .text          0x00000000802038ac      0x430 vsprintf.o
                0x00000000802038ac                _vsnprintf
 .text          0x0000000080203cdc       0xc2 printf.o
                0x0000000080203d46                printf
 .text          0x0000000080203d9e       0xe6 loader.o
                0x0000000080203d9e                get_num_app
                0x0000000080203db6                get_app_data
                0x0000000080204000                . = ALIGN (0x1000)
 *fill*         0x0000000080203e84      0x17c 
                0x0000000080204000                PROVIDE (etext = .)

.rodata         0x0000000080204000     0x1000
 *(.rodata .rodata.*)
 .rodata        0x0000000080204000       0x24 main.o
 *fill*         0x0000000080204024        0x4 
 .rodata        0x0000000080204028       0x32 printk.o
 *fill*         0x000000008020405a        0x6 
 .rodata        0x0000000080204060       0x3e trap.o
 *fill*         0x000000008020409e        0x2 
 .rodata        0x00000000802040a0       0x3d syscall.o
 *fill*         0x00000000802040dd        0x3 
 .rodata        0x00000000802040e0       0x5a app.o
 *fill*         0x000000008020413a        0x6 
 .rodata        0x0000000080204140       0x60 task.o
 .rodata        0x00000000802041a0       0x38 stack.o
 .rodata        0x00000000802041d8      0x14a address.o
 *fill*         0x0000000080204322        0x6 
 .rodata        0x0000000080204328       0x74 assert.o
 .rodata        0x000000008020439c       0x58 vsprintf.o
 *fill*         0x00000000802043f4        0x4 
 .rodata        0x00000000802043f8       0x42 loader.o
                0x0000000080205000                . = ALIGN (0x1000)
 *fill*         0x000000008020443a      0xbc6 

.rela.dyn       0x0000000080205000        0x0
 .rela.text     0x0000000080205000        0x0 entry.o

.data           0x0000000080205000     0x4000
 *(.sdata .sdata.*)
 *(.data .data.*)
 .data          0x0000000080205000        0x0 entry.o
 .data          0x0000000080205000        0x0 kerneltrap.o
 .data          0x0000000080205000        0x0 switch.o
 .data          0x0000000080205000     0x3b48 link_app.o
                0x0000000080205000                _num_app
                0x0000000080205020                app_0_start
                0x0000000080206478                app_0_end
                0x0000000080206478                app_1_start
                0x0000000080208b48                app_1_end
 .data          0x0000000080208b48        0x0 sbi.o
 .data          0x0000000080208b48        0x0 main.o
 .data          0x0000000080208b48        0x0 printk.o
 .data          0x0000000080208b48        0x0 trap.o
 .data          0x0000000080208b48        0x0 syscall.o
 .data          0x0000000080208b48        0x0 string.o
 .data          0x0000000080208b48        0x0 app.o
 .data          0x0000000080208b48        0x0 task.o
 .data          0x0000000080208b48        0x0 timer.o
 .data          0x0000000080208b48        0x0 stack.o
 .data          0x0000000080208b48        0x0 address.o
 .data          0x0000000080208b48        0x0 assert.o
 .data          0x0000000080208b48        0x0 vsprintf.o
 .data          0x0000000080208b48        0x0 printf.o
 .data          0x0000000080208b48        0x0 loader.o
                0x0000000080209000                . = ALIGN (0x1000)
 *fill*         0x0000000080208b48      0x4b8 
                [!provide]                        PROVIDE (_data_end = .)

.bss            0x0000000080209000    0x4d000
 *(.sbss .sbss.*)
 .sbss          0x0000000080209000        0x8 address.o
                0x0000000080209000                kernel_pagetable
 *(.bss .bss.*)
 .bss           0x0000000080209008        0x0 entry.o
 .bss.stack     0x0000000080209008    0x10000 entry.o
                0x0000000080209008                boot_stack_lower_bound
                0x0000000080219008                boot_stack_top
 .bss           0x0000000080219008        0x0 kerneltrap.o
 .bss           0x0000000080219008        0x0 switch.o
 .bss           0x0000000080219008        0x0 link_app.o
 .bss           0x0000000080219008        0x0 sbi.o
 .bss           0x0000000080219008        0x0 main.o
 .bss           0x0000000080219008      0x3e8 printk.o
 .bss           0x00000000802193f0        0x0 trap.o
 .bss           0x00000000802193f0        0x0 syscall.o
 .bss           0x00000000802193f0        0x0 string.o
 .bss           0x00000000802193f0        0x0 app.o
 .bss           0x00000000802193f0    0x28698 task.o
                0x00000000802193f0                KernelStack
                0x000000008022d3f0                UserStack
                0x00000000802413f0                tasks
 .bss           0x0000000080241a88        0x0 timer.o
 .bss           0x0000000080241a88        0x0 stack.o
 .bss           0x0000000080241a88    0x13898 address.o
                0x0000000080241a88                FrameAllocatorImpl
 .bss           0x0000000080255320        0x0 assert.o
 .bss           0x0000000080255320        0x0 vsprintf.o
 .bss           0x0000000080255320      0x3e8 printf.o
 .bss           0x0000000080255708        0x0 loader.o
 *(COMMON)
                0x0000000080256000                . = ALIGN (0x1000)
 *fill*         0x0000000080255708      0x8f8 
                0x0000000080256000                PROVIDE (kernelend = .)
OUTPUT(os.elf elf64-littleriscv)

.riscv.attributes
                0x0000000000000000       0x57
 .riscv.attributes
                0x0000000000000000       0x51 entry.o
 .riscv.attributes
                0x0000000000000051       0x55 kerneltrap.o
 .riscv.attributes
                0x00000000000000a6       0x51 switch.o
 .riscv.attributes
                0x00000000000000f7       0x51 link_app.o
 .riscv.attributes
                0x0000000000000148       0x53 sbi.o
 .riscv.attributes
                0x000000000000019b       0x53 main.o
 .riscv.attributes
                0x00000000000001ee       0x53 printk.o
 .riscv.attributes
                0x0000000000000241       0x57 trap.o
 .riscv.attributes
                0x0000000000000298       0x53 syscall.o
 .riscv.attributes
                0x00000000000002eb       0x53 string.o
 .riscv.attributes
                0x000000000000033e       0x53 app.o
 .riscv.attributes
                0x0000000000000391       0x57 task.o
 .riscv.attributes
                0x00000000000003e8       0x57 timer.o
 .riscv.attributes
                0x000000000000043f       0x53 stack.o
 .riscv.attributes
                0x0000000000000492       0x57 address.o
 .riscv.attributes
                0x00000000000004e9       0x53 assert.o
 .riscv.attributes
                0x000000000000053c       0x53 vsprintf.o
 .riscv.attributes
                0x000000000000058f       0x53 printf.o
 .riscv.attributes
                0x00000000000005e2       0x53 loader.o

.comment        0x0000000000000000        0xf
 .comment       0x0000000000000000        0xf sbi.o
                                         0x10 (size before relaxing)
 .comment       0x000000000000000f       0x10 main.o
 .comment       0x000000000000000f       0x10 printk.o
 .comment       0x000000000000000f       0x10 trap.o
 .comment       0x000000000000000f       0x10 syscall.o
 .comment       0x000000000000000f       0x10 string.o
 .comment       0x000000000000000f       0x10 app.o
 .comment       0x000000000000000f       0x10 task.o
 .comment       0x000000000000000f       0x10 timer.o
 .comment       0x000000000000000f       0x10 stack.o
 .comment       0x000000000000000f       0x10 address.o
 .comment       0x000000000000000f       0x10 assert.o
 .comment       0x000000000000000f       0x10 vsprintf.o
 .comment       0x000000000000000f       0x10 printf.o
 .comment       0x000000000000000f       0x10 loader.o

.debug_line     0x0000000000000000     0x21a7
 .debug_line    0x0000000000000000       0x52 entry.o
 .debug_line    0x0000000000000052      0x238 kerneltrap.o
 .debug_line    0x000000000000028a       0x72 switch.o
 .debug_line    0x00000000000002fc       0xe2 sbi.o
 .debug_line    0x00000000000003de       0xa3 main.o
 .debug_line    0x0000000000000481      0x141 printk.o
 .debug_line    0x00000000000005c2      0x15a trap.o
 .debug_line    0x000000000000071c       0xfd syscall.o
 .debug_line    0x0000000000000819      0x11f string.o
 .debug_line    0x0000000000000938      0x1a8 app.o
 .debug_line    0x0000000000000ae0      0x329 task.o
 .debug_line    0x0000000000000e09      0x16e timer.o
 .debug_line    0x0000000000000f77      0x18f stack.o
 .debug_line    0x0000000000001106      0x97a address.o
 .debug_line    0x0000000000001a80       0x89 assert.o
 .debug_line    0x0000000000001b09      0x4e8 vsprintf.o
 .debug_line    0x0000000000001ff1       0xd0 printf.o
 .debug_line    0x00000000000020c1       0xe6 loader.o

.debug_line_str
                0x0000000000000000      0x1bc
 .debug_line_str
                0x0000000000000000       0x24 entry.o
 .debug_line_str
                0x0000000000000024        0xd kerneltrap.o
                                         0x29 (size before relaxing)
 .debug_line_str
                0x0000000000000031        0x9 switch.o
                                         0x25 (size before relaxing)
 .debug_line_str
                0x000000000000003a       0x28 sbi.o
                                         0x68 (size before relaxing)
 .debug_line_str
                0x0000000000000062       0x2b main.o
                                         0x85 (size before relaxing)
 .debug_line_str
                0x000000000000008d       0x57 printk.o
                                         0xbd (size before relaxing)
 .debug_line_str
                0x00000000000000e4       0x27 trap.o
                                         0x8e (size before relaxing)
 .debug_line_str
                0x000000000000010b        0xe syscall.o
                                         0x7b (size before relaxing)
 .debug_line_str
                0x0000000000000119       0x11 string.o
                                         0x6b (size before relaxing)
 .debug_line_str
                0x000000000000012a       0x13 app.o
                                         0x78 (size before relaxing)
 .debug_line_str
                0x000000000000013d       0x12 task.o
                                         0x95 (size before relaxing)
 .debug_line_str
                0x000000000000014f        0xc timer.o
                                         0x75 (size before relaxing)
 .debug_line_str
                0x000000000000015b       0x14 stack.o
                                         0x78 (size before relaxing)
 .debug_line_str
                0x000000000000016f       0x17 address.o
                                         0xa9 (size before relaxing)
 .debug_line_str
                0x0000000000000186        0xd assert.o
                                         0x6b (size before relaxing)
 .debug_line_str
                0x0000000000000193        0xf vsprintf.o
                                         0xbb (size before relaxing)
 .debug_line_str
                0x00000000000001a2        0xd printf.o
                                         0xc7 (size before relaxing)
 .debug_line_str
                0x00000000000001af        0xd loader.o
                                         0x85 (size before relaxing)

.debug_info     0x0000000000000000     0x2f7a
 .debug_info    0x0000000000000000       0x28 entry.o
 .debug_info    0x0000000000000028       0x29 kerneltrap.o
 .debug_info    0x0000000000000051       0x28 switch.o
 .debug_info    0x0000000000000079      0x295 sbi.o
 .debug_info    0x000000000000030e      0x155 main.o
 .debug_info    0x0000000000000463      0x216 printk.o
 .debug_info    0x0000000000000679      0x35e trap.o
 .debug_info    0x00000000000009d7      0x1e8 syscall.o
 .debug_info    0x0000000000000bbf      0x186 string.o
 .debug_info    0x0000000000000d45      0x2d8 app.o
 .debug_info    0x000000000000101d      0x767 task.o
 .debug_info    0x0000000000001784      0x1f9 timer.o
 .debug_info    0x000000000000197d      0x215 stack.o
 .debug_info    0x0000000000001b92      0xd29 address.o
 .debug_info    0x00000000000028bb      0x11c assert.o
 .debug_info    0x00000000000029d7      0x233 vsprintf.o
 .debug_info    0x0000000000002c0a      0x1df printf.o
 .debug_info    0x0000000000002de9      0x191 loader.o

.debug_abbrev   0x0000000000000000     0x13e7
 .debug_abbrev  0x0000000000000000       0x14 entry.o
 .debug_abbrev  0x0000000000000014       0x14 kerneltrap.o
 .debug_abbrev  0x0000000000000028       0x14 switch.o
 .debug_abbrev  0x000000000000003c       0xf7 sbi.o
 .debug_abbrev  0x0000000000000133       0xcd main.o
 .debug_abbrev  0x0000000000000200      0x15a printk.o
 .debug_abbrev  0x000000000000035a      0x163 trap.o
 .debug_abbrev  0x00000000000004bd      0x154 syscall.o
 .debug_abbrev  0x0000000000000611       0xab string.o
 .debug_abbrev  0x00000000000006bc      0x15a app.o
 .debug_abbrev  0x0000000000000816      0x231 task.o
 .debug_abbrev  0x0000000000000a47      0x122 timer.o
 .debug_abbrev  0x0000000000000b69      0x134 stack.o
 .debug_abbrev  0x0000000000000c9d      0x39e address.o
 .debug_abbrev  0x000000000000103b       0xb3 assert.o
 .debug_abbrev  0x00000000000010ee       0xbb vsprintf.o
 .debug_abbrev  0x00000000000011a9      0x111 printf.o
 .debug_abbrev  0x00000000000012ba      0x12d loader.o

.debug_aranges  0x0000000000000000      0x360
 .debug_aranges
                0x0000000000000000       0x30 entry.o
 .debug_aranges
                0x0000000000000030       0x30 kerneltrap.o
 .debug_aranges
                0x0000000000000060       0x30 switch.o
 .debug_aranges
                0x0000000000000090       0x30 sbi.o
 .debug_aranges
                0x00000000000000c0       0x30 main.o
 .debug_aranges
                0x00000000000000f0       0x30 printk.o
 .debug_aranges
                0x0000000000000120       0x30 trap.o
 .debug_aranges
                0x0000000000000150       0x30 syscall.o
 .debug_aranges
                0x0000000000000180       0x30 string.o
 .debug_aranges
                0x00000000000001b0       0x30 app.o
 .debug_aranges
                0x00000000000001e0       0x30 task.o
 .debug_aranges
                0x0000000000000210       0x30 timer.o
 .debug_aranges
                0x0000000000000240       0x30 stack.o
 .debug_aranges
                0x0000000000000270       0x30 address.o
 .debug_aranges
                0x00000000000002a0       0x30 assert.o
 .debug_aranges
                0x00000000000002d0       0x30 vsprintf.o
 .debug_aranges
                0x0000000000000300       0x30 printf.o
 .debug_aranges
                0x0000000000000330       0x30 loader.o

.debug_str      0x0000000000000000      0xa6a
 .debug_str     0x0000000000000000       0x32 entry.o
 .debug_str     0x0000000000000032       0x11 kerneltrap.o
                                         0x37 (size before relaxing)
 .debug_str     0x0000000000000043        0xd switch.o
                                         0x33 (size before relaxing)
 .debug_str     0x0000000000000050      0x2bd sbi.o
                                        0x2eb (size before relaxing)
 .debug_str     0x000000000000030d       0x6c main.o
                                        0x17e (size before relaxing)
 .debug_str     0x0000000000000379       0x4d printk.o
                                        0x174 (size before relaxing)
 .debug_str     0x00000000000003c6       0x85 trap.o
                                        0x1b2 (size before relaxing)
 .debug_str     0x000000000000044b       0x5a syscall.o
                                        0x1a1 (size before relaxing)
 .debug_str     0x00000000000004a5       0x20 string.o
                                        0x124 (size before relaxing)
 .debug_str     0x00000000000004c5       0x4f app.o
                                        0x1a9 (size before relaxing)
 .debug_str     0x0000000000000514      0x1ee task.o
                                        0x36e (size before relaxing)
 .debug_str     0x0000000000000702       0x1f timer.o
                                        0x172 (size before relaxing)
 .debug_str     0x0000000000000721       0x24 stack.o
                                        0x148 (size before relaxing)
 .debug_str     0x0000000000000745      0x2e8 address.o
                                        0x550 (size before relaxing)
 .debug_str     0x0000000000000a2d       0x14 assert.o
                                        0x12f (size before relaxing)
 .debug_str     0x0000000000000a41       0x19 vsprintf.o
                                        0x158 (size before relaxing)
 .debug_str     0x0000000000000a5a       0x19 printf.o
                                        0x17f (size before relaxing)
 .debug_str     0x0000000000000a5a       0x10 loader.o
                                        0x177 (size before relaxing)

.debug_frame    0x0000000000000000     0x1230
 .debug_frame   0x0000000000000000       0xa0 sbi.o
 .debug_frame   0x00000000000000a0       0x38 main.o
 .debug_frame   0x00000000000000d8       0xc8 printk.o
 .debug_frame   0x00000000000001a0       0xd0 trap.o
 .debug_frame   0x0000000000000270       0xd0 syscall.o
 .debug_frame   0x0000000000000340       0xa0 string.o
 .debug_frame   0x00000000000003e0      0x178 app.o
 .debug_frame   0x0000000000000558      0x178 task.o
 .debug_frame   0x00000000000006d0      0x190 timer.o
 .debug_frame   0x0000000000000860      0x130 stack.o
 .debug_frame   0x0000000000000990      0x710 address.o
 .debug_frame   0x00000000000010a0       0x68 assert.o
 .debug_frame   0x0000000000001108       0x40 vsprintf.o
 .debug_frame   0x0000000000001148       0x70 printf.o
 .debug_frame   0x00000000000011b8       0x78 loader.o

.debug_rnglists
                0x0000000000000000       0x52
 .debug_rnglists
                0x0000000000000000       0x52 address.o
