
Memory Configuration

Name             Origin             Length             Attributes
ram              0x0000000080200000 0x0000000008000000 axrl!w
*default*        0x0000000000000000 0xffffffffffffffff

Linker script and memory map

LOAD entry.o
LOAD kerneltrap.o
LOAD switch.o
LOAD link_app.o
LOAD sbi.o
LOAD main.o
LOAD printk.o
LOAD trap.o
LOAD syscall.o
LOAD string.o
LOAD app.o
LOAD task.o
LOAD timer.o
LOAD stack.o
LOAD address.o
LOAD assert.o
LOAD vsprintf.o
LOAD printf.o
LOAD loader.o
                0x0000000080200000                BASE_ADDRESS = 0x80200000
                0x0000000000000000                skernel = .

.text           0x0000000080200000     0x5000
 *(.text.entry)
 .text.entry    0x0000000080200000        0xc entry.o
                0x0000000080200000                _start
                0x0000000080201000                . = ALIGN (0x1000)
 *fill*         0x000000008020000c      0xff4 
                0x0000000080201000                trampoline = .
 *(.text.trampoline)
 .text.trampoline
                0x0000000080201000       0xca kerneltrap.o
                0x0000000080201000                __alltraps
                0x0000000080201068                __restore
                0x0000000080202000                . = ALIGN (0x1000)
 *fill*         0x00000000802010ca      0xf36 
                0x0000000080202000                _strampoline = .
 *(.text .text.*)
 .text          0x0000000080202000        0x0 entry.o
 .text          0x0000000080202000        0x0 kerneltrap.o
 .text          0x0000000080202000       0x6a switch.o
                0x0000000080202000                __switch
 *fill*         0x000000008020206a        0x6 
 .text          0x0000000080202070        0x2 link_app.o
 .text          0x0000000080202072      0x11c sbi.o
                0x0000000080202072                sbi_ecall
                0x00000000802020f6                sbi_console_putchar
                0x0000000080202124                sbi_console_getchar
                0x000000008020215c                sbi_set_timer
 .text          0x000000008020218e       0x56 main.o
                0x000000008020218e                os_main
 .text          0x00000000802021e4      0x142 printk.o
                0x00000000802021e4                uart_puts
                0x00000000802022a0                printk
                0x00000000802022f8                panic
 .text          0x0000000080202326      0x1c6 trap.o
                0x000000008020235a                trap_from_kernel
                0x0000000080202378                set_kernel_trap_entry
                0x0000000080202398                set_user_trap_entry
                0x00000000802023b8                trap_handler
                0x000000008020248a                trap_return
 .text          0x00000000802024ec      0x2d6 syscall.o
                0x00000000802024ec                translated_byte_buffer
                0x0000000080202578                __sys_write
                0x00000000802025d6                __sys_read
                0x0000000080202662                __sys_yield
                0x0000000080202678                __sys_gettime
                0x0000000080202690                __sys_exec
                0x00000000802026cc                __SYSCALL
 .text          0x00000000802027c2      0x16c string.o
                0x00000000802027c2                strlen
                0x00000000802027fe                memcpy
                0x0000000080202854                memset
                0x00000000802028a4                strcmp
 .text          0x000000008020292e      0x15a app.o
                0x000000008020292e                syscall
                0x0000000080202962                sys_write
                0x0000000080202998                sys_yield
                0x00000000802029ba                sys_gettime
                0x00000000802029dc                sys_read
                0x0000000080202a14                sys_fork
                0x0000000080202a38                sys_exec
                0x0000000080202a64                getchar
 .text          0x0000000080202a88      0x90e task.o
                0x0000000080202abc                tcx_init
                0x0000000080202b34                procinit
                0x0000000080202b76                proc_mapstacks
                0x0000000080202c52                proc_trap
                0x0000000080202c90                proc_pagetable
                0x0000000080202d1a                proc_ustack
                0x0000000080202d82                task_create_pt
                0x0000000080202e12                app_init
                0x0000000080202f72                get_current_trap_cx
                0x0000000080202f9e                current_user_token
                0x0000000080202fd0                schedule
                0x00000000802030d8                run_first_task
                0x000000008020311c                current_proc
                0x0000000080203146                allocpid
                0x0000000080203180                allocproc
                0x00000000802031f4                __sys_fork
                0x00000000802032f6                exec
 .text          0x0000000080203396      0x124 timer.o
                0x0000000080203418                set_next_trigger
                0x0000000080203440                timer_init
                0x000000008020348e                get_time_us
 .text          0x00000000802034ba      0x18e stack.o
                0x00000000802034ba                initStack
                0x00000000802034da                isEmpty
                0x0000000080203508                isFull
                0x000000008020353a                push
                0x00000000802035a4                pop
                0x0000000080203600                top
 .text          0x0000000080203648      0xcba address.o
                0x000000008020368e                phys_addr_from_size_t
                0x00000000802036b2                phys_page_num_from_size_t
                0x00000000802036d6                size_t_from_phys_addr
                0x00000000802036ec                size_t_from_phys_page_num
                0x0000000080203702                phys_addr_from_phys_page_num
                0x0000000080203722                virt_addr_from_size_t
                0x0000000080203746                virt_page_num_from_size_t
                0x000000008020376c                size_t_from_virt_addr
                0x000000008020379a                size_t_from_virt_page_num
                0x00000000802037b0                floor_phys
                0x00000000802037d0                ceil_phys
                0x00000000802037f6                floor_virts
                0x0000000080203816                virt_page_num_from_virt_addr
                0x0000000080203836                PageTableEntry_new
                0x0000000080203864                PageTableEntry_empty
                0x000000008020387a                PageTableEntry_ppn
                0x00000000802038a4                PageTableEntry_flags
                0x00000000802038c0                PageTableEntry_is_valid
                0x00000000802038f6                get_bytes_array
                0x000000008020391e                get_pte_array
                0x0000000080203946                StackFrameAllocator_new
                0x0000000080203978                StackFrameAllocator_init
                0x00000000802039a6                StackFrameAllocator_alloc
                0x0000000080203a2a                StackFrameAllocator_dealloc
                0x0000000080203acc                frame_alloctor_init
                0x0000000080203b2c                indexes
                0x0000000080203bba                find_pte_create
                0x0000000080203c84                kalloc
                0x0000000080203cac                kfree
                0x0000000080203cd2                find_pte
                0x0000000080203d7c                PageTable_map
                0x0000000080203e6a                uvmcopy
                0x0000000080203f50                uvmunmap
                0x0000000080204032                freewalk
                0x00000000802040f2                uvmfree
                0x0000000080204140                proc_freepagetable
                0x00000000802041b2                kvmmake
                0x0000000080204294                kvminit
                0x00000000802042d0                kvminithart
 .text          0x0000000080204302       0x6c assert.o
                0x0000000080204320                assertion_failure
 .text          0x000000008020436e      0x430 vsprintf.o
                0x000000008020436e                _vsnprintf
 .text          0x000000008020479e       0xc2 printf.o
                0x0000000080204808                printf
 .text          0x0000000080204860      0x52c loader.o
                0x0000000080204860                get_num_app
                0x0000000080204878                get_app_data
                0x0000000080204920                get_app_data_by_name
                0x00000000802049d2                get_app_names
                0x0000000080204ab6                flags_to_mmap_prot
                0x0000000080204b3c                elf_check
                0x0000000080204bb6                load_segment
                0x0000000080204d26                load_app
                0x0000000080205000                . = ALIGN (0x1000)
 *fill*         0x0000000080204d8c      0x274 
                0x0000000080205000                PROVIDE (etext = .)

.rodata         0x0000000080205000     0x1000
 *(.rodata .rodata.*)
 .rodata        0x0000000080205000       0x11 main.o
 *fill*         0x0000000080205011        0x7 
 .rodata        0x0000000080205018       0x32 printk.o
 *fill*         0x000000008020504a        0x6 
 .rodata        0x0000000080205050       0x56 trap.o
 *fill*         0x00000000802050a6        0x2 
 .rodata        0x00000000802050a8       0x7b syscall.o
 *fill*         0x0000000080205123        0x5 
 .rodata        0x0000000080205128       0x60 task.o
 .rodata        0x0000000080205188       0x38 stack.o
 .rodata        0x00000000802051c0       0xca address.o
 *fill*         0x000000008020528a        0x6 
 .rodata        0x0000000080205290       0x74 assert.o
 .rodata        0x0000000080205304       0x58 vsprintf.o
 *fill*         0x000000008020535c        0x4 
 .rodata        0x0000000080205360       0xc3 loader.o
                0x0000000080206000                . = ALIGN (0x1000)
 *fill*         0x0000000080205423      0xbdd 

.rela.dyn       0x0000000080206000        0x0
 .rela.text     0x0000000080206000        0x0 entry.o

.data           0x0000000080206000     0x8000
 *(.sdata .sdata.*)
 .sdata         0x0000000080206000        0x4 task.o
                0x0000000080206000                nextpid
 *(.data .data.*)
 .data          0x0000000080206004        0x0 entry.o
 .data          0x0000000080206004        0x0 kerneltrap.o
 .data          0x0000000080206004        0x0 switch.o
 *fill*         0x0000000080206004        0x4 
 .data          0x0000000080206008     0x76b0 link_app.o
                0x0000000080206008                _num_app
                0x0000000080206030                _app_names
                0x0000000080206040                app_0_start
                0x00000000802087c8                app_0_end
                0x00000000802087c8                app_1_start
                0x000000008020af40                app_2_start
                0x000000008020af40                app_1_end
                0x000000008020d6b8                app_2_end
 .data          0x000000008020d6b8        0x0 sbi.o
 .data          0x000000008020d6b8        0x0 main.o
 .data          0x000000008020d6b8        0x0 printk.o
 .data          0x000000008020d6b8        0x0 trap.o
 .data          0x000000008020d6b8        0x0 syscall.o
 .data          0x000000008020d6b8        0x0 string.o
 .data          0x000000008020d6b8        0x0 app.o
 .data          0x000000008020d6b8        0x0 task.o
 .data          0x000000008020d6b8        0x0 timer.o
 .data          0x000000008020d6b8        0x0 stack.o
 .data          0x000000008020d6b8        0x0 address.o
 .data          0x000000008020d6b8        0x0 assert.o
 .data          0x000000008020d6b8        0x0 vsprintf.o
 .data          0x000000008020d6b8        0x0 printf.o
 .data          0x000000008020d6b8        0x0 loader.o
                0x000000008020e000                . = ALIGN (0x1000)
 *fill*         0x000000008020d6b8      0x948 
                [!provide]                        PROVIDE (_data_end = .)

.bss            0x000000008020e000    0x25000
 *(.sbss .sbss.*)
 .sbss          0x000000008020e000       0x10 address.o
                0x000000008020e000                kernel_pagetable
                0x000000008020e008                kernel_satp
 *(.bss .bss.*)
 .bss           0x000000008020e010        0x0 entry.o
 .bss.stack     0x000000008020e010    0x10000 entry.o
                0x000000008020e010                boot_stack_lower_bound
                0x000000008021e010                boot_stack_top
 .bss           0x000000008021e010        0x0 kerneltrap.o
 .bss           0x000000008021e010        0x0 switch.o
 .bss           0x000000008021e010        0x0 link_app.o
 .bss           0x000000008021e010        0x0 sbi.o
 .bss           0x000000008021e010        0x0 main.o
 .bss           0x000000008021e010      0x3e8 printk.o
 .bss           0x000000008021e3f8        0x0 trap.o
 .bss           0x000000008021e3f8        0x0 syscall.o
 .bss           0x000000008021e3f8        0x0 string.o
 .bss           0x000000008021e3f8        0x0 app.o
 .bss           0x000000008021e3f8      0x6e8 task.o
                0x000000008021e3f8                tasks
 .bss           0x000000008021eae0        0x0 timer.o
 .bss           0x000000008021eae0        0x0 stack.o
 .bss           0x000000008021eae0    0x13898 address.o
                0x000000008021eae0                FrameAllocatorImpl
 .bss           0x0000000080232378        0x0 assert.o
 .bss           0x0000000080232378        0x0 vsprintf.o
 .bss           0x0000000080232378      0x3e8 printf.o
 .bss           0x0000000080232760       0x50 loader.o
 *(COMMON)
                0x0000000080233000                . = ALIGN (0x1000)
 *fill*         0x00000000802327b0      0x850 
                0x0000000080233000                PROVIDE (kernelend = .)
OUTPUT(os.elf elf64-littleriscv)

.riscv.attributes
                0x0000000000000000       0x57
 .riscv.attributes
                0x0000000000000000       0x51 entry.o
 .riscv.attributes
                0x0000000000000051       0x55 kerneltrap.o
 .riscv.attributes
                0x00000000000000a6       0x51 switch.o
 .riscv.attributes
                0x00000000000000f7       0x51 link_app.o
 .riscv.attributes
                0x0000000000000148       0x53 sbi.o
 .riscv.attributes
                0x000000000000019b       0x53 main.o
 .riscv.attributes
                0x00000000000001ee       0x53 printk.o
 .riscv.attributes
                0x0000000000000241       0x57 trap.o
 .riscv.attributes
                0x0000000000000298       0x53 syscall.o
 .riscv.attributes
                0x00000000000002eb       0x53 string.o
 .riscv.attributes
                0x000000000000033e       0x53 app.o
 .riscv.attributes
                0x0000000000000391       0x57 task.o
 .riscv.attributes
                0x00000000000003e8       0x57 timer.o
 .riscv.attributes
                0x000000000000043f       0x53 stack.o
 .riscv.attributes
                0x0000000000000492       0x57 address.o
 .riscv.attributes
                0x00000000000004e9       0x53 assert.o
 .riscv.attributes
                0x000000000000053c       0x53 vsprintf.o
 .riscv.attributes
                0x000000000000058f       0x53 printf.o
 .riscv.attributes
                0x00000000000005e2       0x53 loader.o

.comment        0x0000000000000000        0xf
 .comment       0x0000000000000000        0xf sbi.o
                                         0x10 (size before relaxing)
 .comment       0x000000000000000f       0x10 main.o
 .comment       0x000000000000000f       0x10 printk.o
 .comment       0x000000000000000f       0x10 trap.o
 .comment       0x000000000000000f       0x10 syscall.o
 .comment       0x000000000000000f       0x10 string.o
 .comment       0x000000000000000f       0x10 app.o
 .comment       0x000000000000000f       0x10 task.o
 .comment       0x000000000000000f       0x10 timer.o
 .comment       0x000000000000000f       0x10 stack.o
 .comment       0x000000000000000f       0x10 address.o
 .comment       0x000000000000000f       0x10 assert.o
 .comment       0x000000000000000f       0x10 vsprintf.o
 .comment       0x000000000000000f       0x10 printf.o
 .comment       0x000000000000000f       0x10 loader.o

.debug_line     0x0000000000000000     0x2d58
 .debug_line    0x0000000000000000       0x52 entry.o
 .debug_line    0x0000000000000052      0x238 kerneltrap.o
 .debug_line    0x000000000000028a       0x72 switch.o
 .debug_line    0x00000000000002fc      0x100 sbi.o
 .debug_line    0x00000000000003fc       0xc8 main.o
 .debug_line    0x00000000000004c4      0x141 printk.o
 .debug_line    0x0000000000000605      0x201 trap.o
 .debug_line    0x0000000000000806      0x22e syscall.o
 .debug_line    0x0000000000000a34      0x1e1 string.o
 .debug_line    0x0000000000000c15      0x130 app.o
 .debug_line    0x0000000000000d45      0x6ab task.o
 .debug_line    0x00000000000013f0      0x16e timer.o
 .debug_line    0x000000000000155e      0x18f stack.o
 .debug_line    0x00000000000016ed      0xb8a address.o
 .debug_line    0x0000000000002277       0x89 assert.o
 .debug_line    0x0000000000002300      0x4e8 vsprintf.o
 .debug_line    0x00000000000027e8       0xd0 printf.o
 .debug_line    0x00000000000028b8      0x4a0 loader.o

.debug_line_str
                0x0000000000000000      0x1bc
 .debug_line_str
                0x0000000000000000       0x24 entry.o
 .debug_line_str
                0x0000000000000024        0xd kerneltrap.o
                                         0x29 (size before relaxing)
 .debug_line_str
                0x0000000000000031        0x9 switch.o
                                         0x25 (size before relaxing)
 .debug_line_str
                0x000000000000003a       0x28 sbi.o
                                         0x68 (size before relaxing)
 .debug_line_str
                0x0000000000000062       0x32 main.o
                                         0x8c (size before relaxing)
 .debug_line_str
                0x0000000000000094       0x57 printk.o
                                         0xbd (size before relaxing)
 .debug_line_str
                0x00000000000000eb       0x27 trap.o
                                         0x95 (size before relaxing)
 .debug_line_str
                0x0000000000000112       0x17 syscall.o
                                         0x95 (size before relaxing)
 .debug_line_str
                0x0000000000000129       0x11 string.o
                                         0x6b (size before relaxing)
 .debug_line_str
                0x000000000000013a        0xa app.o
                                         0x6a (size before relaxing)
 .debug_line_str
                0x0000000000000144       0x14 task.o
                                         0xa7 (size before relaxing)
 .debug_line_str
                0x0000000000000158        0xc timer.o
                                         0x75 (size before relaxing)
 .debug_line_str
                0x0000000000000164       0x14 stack.o
                                         0x78 (size before relaxing)
 .debug_line_str
                0x0000000000000178        0xe address.o
                                         0xa9 (size before relaxing)
 .debug_line_str
                0x0000000000000186        0xd assert.o
                                         0x6b (size before relaxing)
 .debug_line_str
                0x0000000000000193        0xf vsprintf.o
                                         0xbb (size before relaxing)
 .debug_line_str
                0x00000000000001a2        0xd printf.o
                                         0xc7 (size before relaxing)
 .debug_line_str
                0x00000000000001af        0xd loader.o
                                         0xa9 (size before relaxing)

.debug_info     0x0000000000000000     0x439e
 .debug_info    0x0000000000000000       0x28 entry.o
 .debug_info    0x0000000000000028       0x29 kerneltrap.o
 .debug_info    0x0000000000000051       0x28 switch.o
 .debug_info    0x0000000000000079      0x2b8 sbi.o
 .debug_info    0x0000000000000331      0x162 main.o
 .debug_info    0x0000000000000493      0x216 printk.o
 .debug_info    0x00000000000006a9      0x442 trap.o
 .debug_info    0x0000000000000aeb      0x4fd syscall.o
 .debug_info    0x0000000000000fe8      0x1c1 string.o
 .debug_info    0x00000000000011a9      0x2b6 app.o
 .debug_info    0x000000000000145f      0xcb5 task.o
 .debug_info    0x0000000000002114      0x1f9 timer.o
 .debug_info    0x000000000000230d      0x215 stack.o
 .debug_info    0x0000000000002522      0xfea address.o
 .debug_info    0x000000000000350c      0x11c assert.o
 .debug_info    0x0000000000003628      0x233 vsprintf.o
 .debug_info    0x000000000000385b      0x1df printf.o
 .debug_info    0x0000000000003a3a      0x964 loader.o

.debug_abbrev   0x0000000000000000     0x16fb
 .debug_abbrev  0x0000000000000000       0x14 entry.o
 .debug_abbrev  0x0000000000000014       0x14 kerneltrap.o
 .debug_abbrev  0x0000000000000028       0x14 switch.o
 .debug_abbrev  0x000000000000003c      0x114 sbi.o
 .debug_abbrev  0x0000000000000150       0xd4 main.o
 .debug_abbrev  0x0000000000000224      0x15a printk.o
 .debug_abbrev  0x000000000000037e      0x1a7 trap.o
 .debug_abbrev  0x0000000000000525      0x1d4 syscall.o
 .debug_abbrev  0x00000000000006f9       0xc6 string.o
 .debug_abbrev  0x00000000000007bf      0x131 app.o
 .debug_abbrev  0x00000000000008f0      0x347 task.o
 .debug_abbrev  0x0000000000000c37      0x122 timer.o
 .debug_abbrev  0x0000000000000d59      0x134 stack.o
 .debug_abbrev  0x0000000000000e8d      0x3b2 address.o
 .debug_abbrev  0x000000000000123f       0xb3 assert.o
 .debug_abbrev  0x00000000000012f2       0xbb vsprintf.o
 .debug_abbrev  0x00000000000013ad      0x111 printf.o
 .debug_abbrev  0x00000000000014be      0x23d loader.o

.debug_aranges  0x0000000000000000      0x360
 .debug_aranges
                0x0000000000000000       0x30 entry.o
 .debug_aranges
                0x0000000000000030       0x30 kerneltrap.o
 .debug_aranges
                0x0000000000000060       0x30 switch.o
 .debug_aranges
                0x0000000000000090       0x30 sbi.o
 .debug_aranges
                0x00000000000000c0       0x30 main.o
 .debug_aranges
                0x00000000000000f0       0x30 printk.o
 .debug_aranges
                0x0000000000000120       0x30 trap.o
 .debug_aranges
                0x0000000000000150       0x30 syscall.o
 .debug_aranges
                0x0000000000000180       0x30 string.o
 .debug_aranges
                0x00000000000001b0       0x30 app.o
 .debug_aranges
                0x00000000000001e0       0x30 task.o
 .debug_aranges
                0x0000000000000210       0x30 timer.o
 .debug_aranges
                0x0000000000000240       0x30 stack.o
 .debug_aranges
                0x0000000000000270       0x30 address.o
 .debug_aranges
                0x00000000000002a0       0x30 assert.o
 .debug_aranges
                0x00000000000002d0       0x30 vsprintf.o
 .debug_aranges
                0x0000000000000300       0x30 printf.o
 .debug_aranges
                0x0000000000000330       0x30 loader.o

.debug_str      0x0000000000000000      0xd2a
 .debug_str     0x0000000000000000       0x32 entry.o
 .debug_str     0x0000000000000032       0x11 kerneltrap.o
                                         0x37 (size before relaxing)
 .debug_str     0x0000000000000043        0xd switch.o
                                         0x33 (size before relaxing)
 .debug_str     0x0000000000000050      0x2b7 sbi.o
                                        0x2e5 (size before relaxing)
 .debug_str     0x0000000000000307       0xaa main.o
                                        0x194 (size before relaxing)
 .debug_str     0x00000000000003b1       0x4d printk.o
                                        0x174 (size before relaxing)
 .debug_str     0x00000000000003fe      0x10f trap.o
                                        0x24e (size before relaxing)
 .debug_str     0x000000000000050d      0x144 syscall.o
                                        0x2cc (size before relaxing)
 .debug_str     0x0000000000000651       0x27 string.o
                                        0x12b (size before relaxing)
 .debug_str     0x0000000000000678        0x8 app.o
                                        0x19e (size before relaxing)
 .debug_str     0x0000000000000680      0x2fb task.o
                                        0x542 (size before relaxing)
 .debug_str     0x000000000000097b       0x14 timer.o
                                        0x172 (size before relaxing)
 .debug_str     0x000000000000098f       0x24 stack.o
                                        0x148 (size before relaxing)
 .debug_str     0x00000000000009b3      0x2b1 address.o
                                        0x5c5 (size before relaxing)
 .debug_str     0x0000000000000c64        0xf assert.o
                                        0x12f (size before relaxing)
 .debug_str     0x0000000000000c73       0x19 vsprintf.o
                                        0x158 (size before relaxing)
 .debug_str     0x0000000000000c8c       0x19 printf.o
                                        0x17f (size before relaxing)
 .debug_str     0x0000000000000c8c       0x9e loader.o
                                        0x480 (size before relaxing)

.debug_frame    0x0000000000000000     0x1840
 .debug_frame   0x0000000000000000       0xd0 sbi.o
 .debug_frame   0x00000000000000d0       0x40 main.o
 .debug_frame   0x0000000000000110       0xc8 printk.o
 .debug_frame   0x00000000000001d8      0x160 trap.o
 .debug_frame   0x0000000000000338      0x160 syscall.o
 .debug_frame   0x0000000000000498       0xd0 string.o
 .debug_frame   0x0000000000000568      0x190 app.o
 .debug_frame   0x00000000000006f8      0x3d0 task.o
 .debug_frame   0x0000000000000ac8      0x190 timer.o
 .debug_frame   0x0000000000000c58      0x130 stack.o
 .debug_frame   0x0000000000000d88      0x808 address.o
 .debug_frame   0x0000000000001590       0x68 assert.o
 .debug_frame   0x00000000000015f8       0x40 vsprintf.o
 .debug_frame   0x0000000000001638       0x70 printf.o
 .debug_frame   0x00000000000016a8      0x198 loader.o

.debug_rnglists
                0x0000000000000000       0x81
 .debug_rnglists
                0x0000000000000000       0x2f syscall.o
 .debug_rnglists
                0x000000000000002f       0x52 address.o
