
Memory Configuration

Name             Origin             Length             Attributes
ram              0x0000000080200000 0x0000000008000000 axrl!w
*default*        0x0000000000000000 0xffffffffffffffff

Linker script and memory map

LOAD entry.o
LOAD kerneltrap.o
LOAD switch.o
LOAD link_app.o
LOAD sbi.o
LOAD main.o
LOAD printk.o
LOAD trap.o
LOAD syscall.o
LOAD string.o
LOAD app.o
LOAD task.o
LOAD timer.o
LOAD stack.o
LOAD address.o
LOAD assert.o
LOAD vsprintf.o
LOAD printf.o
LOAD loader.o
                0x0000000080200000                BASE_ADDRESS = 0x80200000
                0x0000000000000000                skernel = .

.text           0x0000000080200000     0x5000
 *(.text.entry)
 .text.entry    0x0000000080200000        0xc entry.o
                0x0000000080200000                _start
                0x0000000080201000                . = ALIGN (0x1000)
 *fill*         0x000000008020000c      0xff4 
                0x0000000080201000                trampoline = .
 *(.text.trampoline)
 .text.trampoline
                0x0000000080201000       0xca kerneltrap.o
                0x0000000080201000                __alltraps
                0x0000000080201068                __restore
                0x0000000080202000                . = ALIGN (0x1000)
 *fill*         0x00000000802010ca      0xf36 
                0x0000000080202000                _strampoline = .
 *(.text .text.*)
 .text          0x0000000080202000        0x0 entry.o
 .text          0x0000000080202000        0x0 kerneltrap.o
 .text          0x0000000080202000       0x6a switch.o
                0x0000000080202000                __switch
 *fill*         0x000000008020206a        0x6 
 .text          0x0000000080202070        0x2 link_app.o
 .text          0x0000000080202072      0x11c sbi.o
                0x0000000080202072                sbi_ecall
                0x00000000802020f6                sbi_console_putchar
                0x0000000080202124                sbi_console_getchar
                0x000000008020215c                sbi_set_timer
 .text          0x000000008020218e       0x4a main.o
                0x000000008020218e                os_main
 .text          0x00000000802021d8      0x142 printk.o
                0x00000000802021d8                uart_puts
                0x0000000080202294                printk
                0x00000000802022ec                panic
 .text          0x000000008020231a      0x1c6 trap.o
                0x000000008020234e                trap_from_kernel
                0x000000008020236c                set_kernel_trap_entry
                0x000000008020238c                set_user_trap_entry
                0x00000000802023ac                trap_handler
                0x000000008020247e                trap_return
 .text          0x00000000802024e0      0x2d6 syscall.o
                0x00000000802024e0                translated_byte_buffer
                0x000000008020256c                __sys_write
                0x00000000802025ca                __sys_read
                0x0000000080202656                __sys_yield
                0x000000008020266c                __sys_gettime
                0x0000000080202684                __sys_exec
                0x00000000802026c0                __SYSCALL
 .text          0x00000000802027b6      0x1e6 string.o
                0x00000000802027b6                strlen
                0x00000000802027f2                memcpy
                0x0000000080202848                memset
                0x0000000080202898                strcmp
                0x0000000080202922                strncat
 .text          0x000000008020299c      0x15a app.o
                0x000000008020299c                syscall
                0x00000000802029d0                sys_write
                0x0000000080202a06                sys_yield
                0x0000000080202a28                sys_gettime
                0x0000000080202a4a                sys_read
                0x0000000080202a82                sys_fork
                0x0000000080202aa6                sys_exec
                0x0000000080202ad2                getchar
 .text          0x0000000080202af6      0x90e task.o
                0x0000000080202b2a                tcx_init
                0x0000000080202ba2                procinit
                0x0000000080202be4                proc_mapstacks
                0x0000000080202cc0                proc_trap
                0x0000000080202cfe                proc_pagetable
                0x0000000080202d88                proc_ustack
                0x0000000080202df0                task_create_pt
                0x0000000080202e80                app_init
                0x0000000080202fe0                get_current_trap_cx
                0x000000008020300c                current_user_token
                0x000000008020303e                schedule
                0x0000000080203146                run_first_task
                0x000000008020318a                current_proc
                0x00000000802031b4                allocpid
                0x00000000802031ee                allocproc
                0x0000000080203262                __sys_fork
                0x0000000080203364                exec
 .text          0x0000000080203404      0x124 timer.o
                0x0000000080203486                set_next_trigger
                0x00000000802034ae                timer_init
                0x00000000802034fc                get_time_us
 .text          0x0000000080203528      0x18e stack.o
                0x0000000080203528                initStack
                0x0000000080203548                isEmpty
                0x0000000080203576                isFull
                0x00000000802035a8                push
                0x0000000080203612                pop
                0x000000008020366e                top
 .text          0x00000000802036b6      0xcba address.o
                0x00000000802036fc                phys_addr_from_size_t
                0x0000000080203720                phys_page_num_from_size_t
                0x0000000080203744                size_t_from_phys_addr
                0x000000008020375a                size_t_from_phys_page_num
                0x0000000080203770                phys_addr_from_phys_page_num
                0x0000000080203790                virt_addr_from_size_t
                0x00000000802037b4                virt_page_num_from_size_t
                0x00000000802037da                size_t_from_virt_addr
                0x0000000080203808                size_t_from_virt_page_num
                0x000000008020381e                floor_phys
                0x000000008020383e                ceil_phys
                0x0000000080203864                floor_virts
                0x0000000080203884                virt_page_num_from_virt_addr
                0x00000000802038a4                PageTableEntry_new
                0x00000000802038d2                PageTableEntry_empty
                0x00000000802038e8                PageTableEntry_ppn
                0x0000000080203912                PageTableEntry_flags
                0x000000008020392e                PageTableEntry_is_valid
                0x0000000080203964                get_bytes_array
                0x000000008020398c                get_pte_array
                0x00000000802039b4                StackFrameAllocator_new
                0x00000000802039e6                StackFrameAllocator_init
                0x0000000080203a14                StackFrameAllocator_alloc
                0x0000000080203a98                StackFrameAllocator_dealloc
                0x0000000080203b3a                frame_alloctor_init
                0x0000000080203b9a                indexes
                0x0000000080203c28                find_pte_create
                0x0000000080203cf2                kalloc
                0x0000000080203d1a                kfree
                0x0000000080203d40                find_pte
                0x0000000080203dea                PageTable_map
                0x0000000080203ed8                uvmcopy
                0x0000000080203fbe                uvmunmap
                0x00000000802040a0                freewalk
                0x0000000080204160                uvmfree
                0x00000000802041ae                proc_freepagetable
                0x0000000080204220                kvmmake
                0x0000000080204302                kvminit
                0x000000008020433e                kvminithart
 .text          0x0000000080204370       0x6c assert.o
                0x000000008020438e                assertion_failure
 .text          0x00000000802043dc      0x430 vsprintf.o
                0x00000000802043dc                _vsnprintf
 .text          0x000000008020480c       0xc2 printf.o
                0x0000000080204876                printf
 .text          0x00000000802048ce      0x566 loader.o
                0x00000000802048ce                get_num_app
                0x00000000802048e6                get_app_data
                0x0000000080204996                get_app_data_by_name
                0x0000000080204a62                get_app_names
                0x0000000080204b5e                flags_to_mmap_prot
                0x0000000080204be4                elf_check
                0x0000000080204c5e                load_segment
                0x0000000080204dce                load_app
                0x0000000080205000                . = ALIGN (0x1000)
 *fill*         0x0000000080204e34      0x1cc 
                0x0000000080205000                PROVIDE (etext = .)

.rodata         0x0000000080205000     0x1000
 *(.rodata .rodata.*)
 .rodata        0x0000000080205000       0x11 main.o
 *fill*         0x0000000080205011        0x7 
 .rodata        0x0000000080205018       0x32 printk.o
 *fill*         0x000000008020504a        0x6 
 .rodata        0x0000000080205050       0x56 trap.o
 *fill*         0x00000000802050a6        0x2 
 .rodata        0x00000000802050a8       0x7b syscall.o
 *fill*         0x0000000080205123        0x5 
 .rodata        0x0000000080205128       0x60 task.o
 .rodata        0x0000000080205188       0x38 stack.o
 .rodata        0x00000000802051c0       0xca address.o
 *fill*         0x000000008020528a        0x6 
 .rodata        0x0000000080205290       0x74 assert.o
 .rodata        0x0000000080205304       0x58 vsprintf.o
 *fill*         0x000000008020535c        0x4 
 .rodata        0x0000000080205360       0xd3 loader.o
                0x0000000080206000                . = ALIGN (0x1000)
 *fill*         0x0000000080205433      0xbcd 

.rela.dyn       0x0000000080206000        0x0
 .rela.text     0x0000000080206000        0x0 entry.o

.data           0x0000000080206000     0x8000
 *(.sdata .sdata.*)
 .sdata         0x0000000080206000        0x4 task.o
                0x0000000080206000                nextpid
 *(.data .data.*)
 .data          0x0000000080206004        0x0 entry.o
 .data          0x0000000080206004        0x0 kerneltrap.o
 .data          0x0000000080206004        0x0 switch.o
 *fill*         0x0000000080206004        0x4 
 .data          0x0000000080206008     0x7750 link_app.o
                0x0000000080206008                _num_app
                0x0000000080206030                _app_names
                0x0000000080206048                app_0_start
                0x00000000802087e8                app_0_end
                0x00000000802087e8                app_1_start
                0x000000008020afc0                app_2_start
                0x000000008020afc0                app_1_end
                0x000000008020d758                app_2_end
 .data          0x000000008020d758        0x0 sbi.o
 .data          0x000000008020d758        0x0 main.o
 .data          0x000000008020d758        0x0 printk.o
 .data          0x000000008020d758        0x0 trap.o
 .data          0x000000008020d758        0x0 syscall.o
 .data          0x000000008020d758        0x0 string.o
 .data          0x000000008020d758        0x0 app.o
 .data          0x000000008020d758        0x0 task.o
 .data          0x000000008020d758        0x0 timer.o
 .data          0x000000008020d758        0x0 stack.o
 .data          0x000000008020d758        0x0 address.o
 .data          0x000000008020d758        0x0 assert.o
 .data          0x000000008020d758        0x0 vsprintf.o
 .data          0x000000008020d758        0x0 printf.o
 .data          0x000000008020d758        0x0 loader.o
                0x000000008020e000                . = ALIGN (0x1000)
 *fill*         0x000000008020d758      0x8a8 
                [!provide]                        PROVIDE (_data_end = .)

.bss            0x000000008020e000    0x25000
 *(.sbss .sbss.*)
 .sbss          0x000000008020e000       0x10 address.o
                0x000000008020e000                kernel_pagetable
                0x000000008020e008                kernel_satp
 *(.bss .bss.*)
 .bss           0x000000008020e010        0x0 entry.o
 .bss.stack     0x000000008020e010    0x10000 entry.o
                0x000000008020e010                boot_stack_lower_bound
                0x000000008021e010                boot_stack_top
 .bss           0x000000008021e010        0x0 kerneltrap.o
 .bss           0x000000008021e010        0x0 switch.o
 .bss           0x000000008021e010        0x0 link_app.o
 .bss           0x000000008021e010        0x0 sbi.o
 .bss           0x000000008021e010        0x0 main.o
 .bss           0x000000008021e010      0x3e8 printk.o
 .bss           0x000000008021e3f8        0x0 trap.o
 .bss           0x000000008021e3f8        0x0 syscall.o
 .bss           0x000000008021e3f8        0x0 string.o
 .bss           0x000000008021e3f8        0x0 app.o
 .bss           0x000000008021e3f8      0x6e8 task.o
                0x000000008021e3f8                tasks
 .bss           0x000000008021eae0        0x0 timer.o
 .bss           0x000000008021eae0        0x0 stack.o
 .bss           0x000000008021eae0    0x13898 address.o
                0x000000008021eae0                FrameAllocatorImpl
 .bss           0x0000000080232378        0x0 assert.o
 .bss           0x0000000080232378        0x0 vsprintf.o
 .bss           0x0000000080232378      0x3e8 printf.o
 .bss           0x0000000080232760       0x50 loader.o
 *(COMMON)
                0x0000000080233000                . = ALIGN (0x1000)
 *fill*         0x00000000802327b0      0x850 
                0x0000000080233000                PROVIDE (kernelend = .)
OUTPUT(os.elf elf64-littleriscv)

.riscv.attributes
                0x0000000000000000       0x57
 .riscv.attributes
                0x0000000000000000       0x51 entry.o
 .riscv.attributes
                0x0000000000000051       0x55 kerneltrap.o
 .riscv.attributes
                0x00000000000000a6       0x51 switch.o
 .riscv.attributes
                0x00000000000000f7       0x51 link_app.o
 .riscv.attributes
                0x0000000000000148       0x53 sbi.o
 .riscv.attributes
                0x000000000000019b       0x53 main.o
 .riscv.attributes
                0x00000000000001ee       0x53 printk.o
 .riscv.attributes
                0x0000000000000241       0x57 trap.o
 .riscv.attributes
                0x0000000000000298       0x53 syscall.o
 .riscv.attributes
                0x00000000000002eb       0x53 string.o
 .riscv.attributes
                0x000000000000033e       0x53 app.o
 .riscv.attributes
                0x0000000000000391       0x57 task.o
 .riscv.attributes
                0x00000000000003e8       0x57 timer.o
 .riscv.attributes
                0x000000000000043f       0x53 stack.o
 .riscv.attributes
                0x0000000000000492       0x57 address.o
 .riscv.attributes
                0x00000000000004e9       0x53 assert.o
 .riscv.attributes
                0x000000000000053c       0x53 vsprintf.o
 .riscv.attributes
                0x000000000000058f       0x53 printf.o
 .riscv.attributes
                0x00000000000005e2       0x53 loader.o

.comment        0x0000000000000000        0xf
 .comment       0x0000000000000000        0xf sbi.o
                                         0x10 (size before relaxing)
 .comment       0x000000000000000f       0x10 main.o
 .comment       0x000000000000000f       0x10 printk.o
 .comment       0x000000000000000f       0x10 trap.o
 .comment       0x000000000000000f       0x10 syscall.o
 .comment       0x000000000000000f       0x10 string.o
 .comment       0x000000000000000f       0x10 app.o
 .comment       0x000000000000000f       0x10 task.o
 .comment       0x000000000000000f       0x10 timer.o
 .comment       0x000000000000000f       0x10 stack.o
 .comment       0x000000000000000f       0x10 address.o
 .comment       0x000000000000000f       0x10 assert.o
 .comment       0x000000000000000f       0x10 vsprintf.o
 .comment       0x000000000000000f       0x10 printf.o
 .comment       0x000000000000000f       0x10 loader.o

.debug_line     0x0000000000000000     0x2df8
 .debug_line    0x0000000000000000       0x52 entry.o
 .debug_line    0x0000000000000052      0x238 kerneltrap.o
 .debug_line    0x000000000000028a       0x72 switch.o
 .debug_line    0x00000000000002fc      0x100 sbi.o
 .debug_line    0x00000000000003fc       0xbc main.o
 .debug_line    0x00000000000004b8      0x141 printk.o
 .debug_line    0x00000000000005f9      0x201 trap.o
 .debug_line    0x00000000000007fa      0x228 syscall.o
 .debug_line    0x0000000000000a22      0x261 string.o
 .debug_line    0x0000000000000c83      0x130 app.o
 .debug_line    0x0000000000000db3      0x6ab task.o
 .debug_line    0x000000000000145e      0x16e timer.o
 .debug_line    0x00000000000015cc      0x18f stack.o
 .debug_line    0x000000000000175b      0xb8a address.o
 .debug_line    0x00000000000022e5       0x89 assert.o
 .debug_line    0x000000000000236e      0x4e8 vsprintf.o
 .debug_line    0x0000000000002856       0xd0 printf.o
 .debug_line    0x0000000000002926      0x4d2 loader.o

.debug_line_str
                0x0000000000000000      0x1bc
 .debug_line_str
                0x0000000000000000       0x24 entry.o
 .debug_line_str
                0x0000000000000024        0xd kerneltrap.o
                                         0x29 (size before relaxing)
 .debug_line_str
                0x0000000000000031        0x9 switch.o
                                         0x25 (size before relaxing)
 .debug_line_str
                0x000000000000003a       0x28 sbi.o
                                         0x68 (size before relaxing)
 .debug_line_str
                0x0000000000000062       0x32 main.o
                                         0x8c (size before relaxing)
 .debug_line_str
                0x0000000000000094       0x57 printk.o
                                         0xbd (size before relaxing)
 .debug_line_str
                0x00000000000000eb       0x27 trap.o
                                         0x95 (size before relaxing)
 .debug_line_str
                0x0000000000000112       0x17 syscall.o
                                         0x95 (size before relaxing)
 .debug_line_str
                0x0000000000000129       0x11 string.o
                                         0x6b (size before relaxing)
 .debug_line_str
                0x000000000000013a        0xa app.o
                                         0x6a (size before relaxing)
 .debug_line_str
                0x0000000000000144       0x14 task.o
                                         0xa7 (size before relaxing)
 .debug_line_str
                0x0000000000000158        0xc timer.o
                                         0x75 (size before relaxing)
 .debug_line_str
                0x0000000000000164       0x14 stack.o
                                         0x78 (size before relaxing)
 .debug_line_str
                0x0000000000000178        0xe address.o
                                         0xa9 (size before relaxing)
 .debug_line_str
                0x0000000000000186        0xd assert.o
                                         0x6b (size before relaxing)
 .debug_line_str
                0x0000000000000193        0xf vsprintf.o
                                         0xbb (size before relaxing)
 .debug_line_str
                0x00000000000001a2        0xd printf.o
                                         0xc7 (size before relaxing)
 .debug_line_str
                0x00000000000001af        0xd loader.o
                                         0xa9 (size before relaxing)

.debug_info     0x0000000000000000     0x43fc
 .debug_info    0x0000000000000000       0x28 entry.o
 .debug_info    0x0000000000000028       0x29 kerneltrap.o
 .debug_info    0x0000000000000051       0x28 switch.o
 .debug_info    0x0000000000000079      0x2b8 sbi.o
 .debug_info    0x0000000000000331      0x162 main.o
 .debug_info    0x0000000000000493      0x216 printk.o
 .debug_info    0x00000000000006a9      0x442 trap.o
 .debug_info    0x0000000000000aeb      0x4fd syscall.o
 .debug_info    0x0000000000000fe8      0x208 string.o
 .debug_info    0x00000000000011f0      0x2b6 app.o
 .debug_info    0x00000000000014a6      0xcb5 task.o
 .debug_info    0x000000000000215b      0x1f9 timer.o
 .debug_info    0x0000000000002354      0x215 stack.o
 .debug_info    0x0000000000002569      0xfea address.o
 .debug_info    0x0000000000003553      0x11c assert.o
 .debug_info    0x000000000000366f      0x233 vsprintf.o
 .debug_info    0x00000000000038a2      0x1df printf.o
 .debug_info    0x0000000000003a81      0x97b loader.o

.debug_abbrev   0x0000000000000000     0x1716
 .debug_abbrev  0x0000000000000000       0x14 entry.o
 .debug_abbrev  0x0000000000000014       0x14 kerneltrap.o
 .debug_abbrev  0x0000000000000028       0x14 switch.o
 .debug_abbrev  0x000000000000003c      0x114 sbi.o
 .debug_abbrev  0x0000000000000150       0xd4 main.o
 .debug_abbrev  0x0000000000000224      0x15a printk.o
 .debug_abbrev  0x000000000000037e      0x1a7 trap.o
 .debug_abbrev  0x0000000000000525      0x1d4 syscall.o
 .debug_abbrev  0x00000000000006f9       0xe1 string.o
 .debug_abbrev  0x00000000000007da      0x131 app.o
 .debug_abbrev  0x000000000000090b      0x347 task.o
 .debug_abbrev  0x0000000000000c52      0x122 timer.o
 .debug_abbrev  0x0000000000000d74      0x134 stack.o
 .debug_abbrev  0x0000000000000ea8      0x3b2 address.o
 .debug_abbrev  0x000000000000125a       0xb3 assert.o
 .debug_abbrev  0x000000000000130d       0xbb vsprintf.o
 .debug_abbrev  0x00000000000013c8      0x111 printf.o
 .debug_abbrev  0x00000000000014d9      0x23d loader.o

.debug_aranges  0x0000000000000000      0x360
 .debug_aranges
                0x0000000000000000       0x30 entry.o
 .debug_aranges
                0x0000000000000030       0x30 kerneltrap.o
 .debug_aranges
                0x0000000000000060       0x30 switch.o
 .debug_aranges
                0x0000000000000090       0x30 sbi.o
 .debug_aranges
                0x00000000000000c0       0x30 main.o
 .debug_aranges
                0x00000000000000f0       0x30 printk.o
 .debug_aranges
                0x0000000000000120       0x30 trap.o
 .debug_aranges
                0x0000000000000150       0x30 syscall.o
 .debug_aranges
                0x0000000000000180       0x30 string.o
 .debug_aranges
                0x00000000000001b0       0x30 app.o
 .debug_aranges
                0x00000000000001e0       0x30 task.o
 .debug_aranges
                0x0000000000000210       0x30 timer.o
 .debug_aranges
                0x0000000000000240       0x30 stack.o
 .debug_aranges
                0x0000000000000270       0x30 address.o
 .debug_aranges
                0x00000000000002a0       0x30 assert.o
 .debug_aranges
                0x00000000000002d0       0x30 vsprintf.o
 .debug_aranges
                0x0000000000000300       0x30 printf.o
 .debug_aranges
                0x0000000000000330       0x30 loader.o

.debug_str      0x0000000000000000      0xd32
 .debug_str     0x0000000000000000       0x32 entry.o
 .debug_str     0x0000000000000032       0x11 kerneltrap.o
                                         0x37 (size before relaxing)
 .debug_str     0x0000000000000043        0xd switch.o
                                         0x33 (size before relaxing)
 .debug_str     0x0000000000000050      0x2b7 sbi.o
                                        0x2e5 (size before relaxing)
 .debug_str     0x0000000000000307       0xaa main.o
                                        0x194 (size before relaxing)
 .debug_str     0x00000000000003b1       0x4d printk.o
                                        0x174 (size before relaxing)
 .debug_str     0x00000000000003fe      0x10f trap.o
                                        0x24e (size before relaxing)
 .debug_str     0x000000000000050d      0x144 syscall.o
                                        0x2cc (size before relaxing)
 .debug_str     0x0000000000000651       0x2f string.o
                                        0x133 (size before relaxing)
 .debug_str     0x0000000000000680        0x8 app.o
                                        0x19e (size before relaxing)
 .debug_str     0x0000000000000688      0x2fb task.o
                                        0x542 (size before relaxing)
 .debug_str     0x0000000000000983       0x14 timer.o
                                        0x172 (size before relaxing)
 .debug_str     0x0000000000000997       0x24 stack.o
                                        0x148 (size before relaxing)
 .debug_str     0x00000000000009bb      0x2b1 address.o
                                        0x5c5 (size before relaxing)
 .debug_str     0x0000000000000c6c        0xf assert.o
                                        0x12f (size before relaxing)
 .debug_str     0x0000000000000c7b       0x19 vsprintf.o
                                        0x158 (size before relaxing)
 .debug_str     0x0000000000000c94       0x19 printf.o
                                        0x17f (size before relaxing)
 .debug_str     0x0000000000000c94       0x9e loader.o
                                        0x487 (size before relaxing)

.debug_frame    0x0000000000000000     0x1870
 .debug_frame   0x0000000000000000       0xd0 sbi.o
 .debug_frame   0x00000000000000d0       0x40 main.o
 .debug_frame   0x0000000000000110       0xc8 printk.o
 .debug_frame   0x00000000000001d8      0x160 trap.o
 .debug_frame   0x0000000000000338      0x160 syscall.o
 .debug_frame   0x0000000000000498      0x100 string.o
 .debug_frame   0x0000000000000598      0x190 app.o
 .debug_frame   0x0000000000000728      0x3d0 task.o
 .debug_frame   0x0000000000000af8      0x190 timer.o
 .debug_frame   0x0000000000000c88      0x130 stack.o
 .debug_frame   0x0000000000000db8      0x808 address.o
 .debug_frame   0x00000000000015c0       0x68 assert.o
 .debug_frame   0x0000000000001628       0x40 vsprintf.o
 .debug_frame   0x0000000000001668       0x70 printf.o
 .debug_frame   0x00000000000016d8      0x198 loader.o

.debug_rnglists
                0x0000000000000000       0x81
 .debug_rnglists
                0x0000000000000000       0x2f syscall.o
 .debug_rnglists
                0x000000000000002f       0x52 address.o
