
Memory Configuration

Name             Origin             Length             Attributes
*default*        0x0000000000000000 0xffffffffffffffff

Linker script and memory map

LOAD /tmp/ccNja2TZ.o
LOAD /tmp/ccKvPvn1.o
LOAD /tmp/ccpKFgc3.o
LOAD /tmp/ccHrvvDZ.o
LOAD /tmp/ccXwuopZ.o
                0x0000000000010000                BASE_ADDRESS = 0x10000
                0x0000000000010000                . = BASE_ADDRESS

.text           0x0000000000010000      0x6a8
 *(.text.entry)
 *(.text .text.*)
 .text          0x0000000000010000       0x26 /tmp/ccNja2TZ.o
                0x0000000000010000                main
 .text          0x0000000000010026       0xc2 /tmp/ccKvPvn1.o
                0x0000000000010090                printf
 .text          0x00000000000100e8       0xe2 /tmp/ccpKFgc3.o
                0x00000000000100e8                strlen
                0x0000000000010124                memcpy
                0x000000000001017a                memset
 .text          0x00000000000101ca       0xae /tmp/ccHrvvDZ.o
                0x00000000000101ca                syscall
                0x00000000000101fe                sys_write
                0x0000000000010234                sys_yield
                0x0000000000010256                sys_gettime
 .text          0x0000000000010278      0x430 /tmp/ccXwuopZ.o
                0x0000000000010278                _vsnprintf
                0x0000000000011000                . = ALIGN (0x1000)

.rodata         0x0000000000011000       0x6c
 *(.rodata .rodata.*)
 .rodata        0x0000000000011000       0x12 /tmp/ccNja2TZ.o
 *fill*         0x0000000000011012        0x2 
 .rodata        0x0000000000011014       0x58 /tmp/ccXwuopZ.o
 *(.srodata .srodata.*)
                0x0000000000012000                . = ALIGN (0x1000)

.data           0x0000000000012000        0x0
 *(.data .data.*)
 .data          0x0000000000012000        0x0 /tmp/ccNja2TZ.o
 .data          0x0000000000012000        0x0 /tmp/ccKvPvn1.o
 .data          0x0000000000012000        0x0 /tmp/ccpKFgc3.o
 .data          0x0000000000012000        0x0 /tmp/ccHrvvDZ.o
 .data          0x0000000000012000        0x0 /tmp/ccXwuopZ.o
 *(.sdata .sdata.*)

.bss            0x0000000000012000      0x3e8
 *(.bss .bss.*)
 .bss           0x0000000000012000        0x0 /tmp/ccNja2TZ.o
 .bss           0x0000000000012000      0x3e8 /tmp/ccKvPvn1.o
 .bss           0x00000000000123e8        0x0 /tmp/ccpKFgc3.o
 .bss           0x00000000000123e8        0x0 /tmp/ccHrvvDZ.o
 .bss           0x00000000000123e8        0x0 /tmp/ccXwuopZ.o
 *(.sbss .sbss.*)

/DISCARD/
 *(.eh_frame)
 *(.debug*)
OUTPUT(bin/time elf64-littleriscv)

.comment        0x0000000000000000        0xf
 .comment       0x0000000000000000        0xf /tmp/ccNja2TZ.o
                                         0x10 (size before relaxing)
 .comment       0x000000000000000f       0x10 /tmp/ccKvPvn1.o
 .comment       0x000000000000000f       0x10 /tmp/ccpKFgc3.o
 .comment       0x000000000000000f       0x10 /tmp/ccHrvvDZ.o
 .comment       0x000000000000000f       0x10 /tmp/ccXwuopZ.o

.riscv.attributes
                0x0000000000000000       0x53
 .riscv.attributes
                0x0000000000000000       0x53 /tmp/ccNja2TZ.o
 .riscv.attributes
                0x0000000000000053       0x53 /tmp/ccKvPvn1.o
 .riscv.attributes
                0x00000000000000a6       0x53 /tmp/ccpKFgc3.o
 .riscv.attributes
                0x00000000000000f9       0x53 /tmp/ccHrvvDZ.o
 .riscv.attributes
                0x000000000000014c       0x53 /tmp/ccXwuopZ.o
