
Memory Configuration

Name             Origin             Length             Attributes
*default*        0x0000000000000000 0xffffffffffffffff

Linker script and memory map

LOAD /tmp/cclQtJDI.o
LOAD /tmp/cc2ZvOXG.o
LOAD /tmp/ccgfSMRE.o
LOAD /tmp/ccQ0PbeI.o
LOAD /tmp/ccaFKIwE.o
                0x0000000000010000                BASE_ADDRESS = 0x10000
                0x0000000000010000                . = BASE_ADDRESS

.text           0x0000000000010000      0x7f8
 *(.text.entry)
 *(.text .text.*)
 .text          0x0000000000010000       0x40 /tmp/cclQtJDI.o
                0x0000000000010000                main
 .text          0x0000000000010040       0xc2 /tmp/cc2ZvOXG.o
                0x00000000000100aa                printf
 .text          0x0000000000010102      0x16c /tmp/ccgfSMRE.o
                0x0000000000010102                strlen
                0x000000000001013e                memcpy
                0x0000000000010194                memset
                0x00000000000101e4                strcmp
 .text          0x000000000001026e      0x15a /tmp/ccQ0PbeI.o
                0x000000000001026e                syscall
                0x00000000000102a2                sys_write
                0x00000000000102d8                sys_yield
                0x00000000000102fa                sys_gettime
                0x000000000001031c                sys_read
                0x0000000000010354                sys_fork
                0x0000000000010378                sys_exec
                0x00000000000103a4                getchar
 .text          0x00000000000103c8      0x430 /tmp/ccaFKIwE.o
                0x00000000000103c8                _vsnprintf
                0x0000000000011000                . = ALIGN (0x1000)

.rodata         0x0000000000011000       0x68
 *(.rodata .rodata.*)
 .rodata        0x0000000000011000        0xf /tmp/cclQtJDI.o
 *fill*         0x000000000001100f        0x1 
 .rodata        0x0000000000011010       0x58 /tmp/ccaFKIwE.o
 *(.srodata .srodata.*)
                0x0000000000012000                . = ALIGN (0x1000)

.data           0x0000000000012000        0x0
 *(.data .data.*)
 .data          0x0000000000012000        0x0 /tmp/cclQtJDI.o
 .data          0x0000000000012000        0x0 /tmp/cc2ZvOXG.o
 .data          0x0000000000012000        0x0 /tmp/ccgfSMRE.o
 .data          0x0000000000012000        0x0 /tmp/ccQ0PbeI.o
 .data          0x0000000000012000        0x0 /tmp/ccaFKIwE.o
 *(.sdata .sdata.*)

.bss            0x0000000000012000      0x3e8
 *(.bss .bss.*)
 .bss           0x0000000000012000        0x0 /tmp/cclQtJDI.o
 .bss           0x0000000000012000      0x3e8 /tmp/cc2ZvOXG.o
 .bss           0x00000000000123e8        0x0 /tmp/ccgfSMRE.o
 .bss           0x00000000000123e8        0x0 /tmp/ccQ0PbeI.o
 .bss           0x00000000000123e8        0x0 /tmp/ccaFKIwE.o
 *(.sbss .sbss.*)

/DISCARD/
 *(.eh_frame)
 *(.debug*)
OUTPUT(bin/time elf64-littleriscv)

.comment        0x0000000000000000        0xf
 .comment       0x0000000000000000        0xf /tmp/cclQtJDI.o
                                         0x10 (size before relaxing)
 .comment       0x000000000000000f       0x10 /tmp/cc2ZvOXG.o
 .comment       0x000000000000000f       0x10 /tmp/ccgfSMRE.o
 .comment       0x000000000000000f       0x10 /tmp/ccQ0PbeI.o
 .comment       0x000000000000000f       0x10 /tmp/ccaFKIwE.o

.riscv.attributes
                0x0000000000000000       0x53
 .riscv.attributes
                0x0000000000000000       0x53 /tmp/cclQtJDI.o
 .riscv.attributes
                0x0000000000000053       0x53 /tmp/cc2ZvOXG.o
 .riscv.attributes
                0x00000000000000a6       0x53 /tmp/ccgfSMRE.o
 .riscv.attributes
                0x00000000000000f9       0x53 /tmp/ccQ0PbeI.o
 .riscv.attributes
                0x000000000000014c       0x53 /tmp/ccaFKIwE.o
