
Memory Configuration

Name             Origin             Length             Attributes
*default*        0x0000000000000000 0xffffffffffffffff

Linker script and memory map

LOAD /tmp/cc5NF3EM.o
LOAD /tmp/ccCpQKGM.o
LOAD /tmp/ccm83EEL.o
LOAD /tmp/cc2HBo0N.o
LOAD /tmp/ccFVAgcL.o
                0x0000000000010000                BASE_ADDRESS = 0x10000
                0x0000000000010000                . = BASE_ADDRESS

.text           0x0000000000010000      0x6f4
 *(.text.entry)
 *(.text .text.*)
 .text          0x0000000000010000       0x16 /tmp/cc5NF3EM.o
                0x0000000000010000                main
 .text          0x0000000000010016       0xc2 /tmp/ccCpQKGM.o
                0x0000000000010080                printf
 .text          0x00000000000100d8       0xe2 /tmp/ccm83EEL.o
                0x00000000000100d8                strlen
                0x0000000000010114                memcpy
                0x000000000001016a                memset
 .text          0x00000000000101ba      0x10a /tmp/cc2HBo0N.o
                0x00000000000101ba                syscall
                0x00000000000101ee                sys_write
                0x0000000000010224                sys_yield
                0x0000000000010246                sys_gettime
                0x0000000000010268                sys_read
                0x00000000000102a0                getchar
 .text          0x00000000000102c4      0x430 /tmp/ccFVAgcL.o
                0x00000000000102c4                _vsnprintf
                0x0000000000011000                . = ALIGN (0x1000)

.rodata         0x0000000000011000       0x58
 *(.rodata .rodata.*)
 .rodata        0x0000000000011000       0x58 /tmp/ccFVAgcL.o
 *(.srodata .srodata.*)
                0x0000000000012000                . = ALIGN (0x1000)

.data           0x0000000000012000        0x0
 *(.data .data.*)
 .data          0x0000000000012000        0x0 /tmp/cc5NF3EM.o
 .data          0x0000000000012000        0x0 /tmp/ccCpQKGM.o
 .data          0x0000000000012000        0x0 /tmp/ccm83EEL.o
 .data          0x0000000000012000        0x0 /tmp/cc2HBo0N.o
 .data          0x0000000000012000        0x0 /tmp/ccFVAgcL.o
 *(.sdata .sdata.*)

.bss            0x0000000000012000      0x3e8
 *(.bss .bss.*)
 .bss           0x0000000000012000        0x0 /tmp/cc5NF3EM.o
 .bss           0x0000000000012000      0x3e8 /tmp/ccCpQKGM.o
 .bss           0x00000000000123e8        0x0 /tmp/ccm83EEL.o
 .bss           0x00000000000123e8        0x0 /tmp/cc2HBo0N.o
 .bss           0x00000000000123e8        0x0 /tmp/ccFVAgcL.o
 *(.sbss .sbss.*)

/DISCARD/
 *(.eh_frame)
 *(.debug*)
OUTPUT(bin/time elf64-littleriscv)

.comment        0x0000000000000000        0xf
 .comment       0x0000000000000000        0xf /tmp/cc5NF3EM.o
                                         0x10 (size before relaxing)
 .comment       0x000000000000000f       0x10 /tmp/ccCpQKGM.o
 .comment       0x000000000000000f       0x10 /tmp/ccm83EEL.o
 .comment       0x000000000000000f       0x10 /tmp/cc2HBo0N.o
 .comment       0x000000000000000f       0x10 /tmp/ccFVAgcL.o

.riscv.attributes
                0x0000000000000000       0x53
 .riscv.attributes
                0x0000000000000000       0x53 /tmp/cc5NF3EM.o
 .riscv.attributes
                0x0000000000000053       0x53 /tmp/ccCpQKGM.o
 .riscv.attributes
                0x00000000000000a6       0x53 /tmp/ccm83EEL.o
 .riscv.attributes
                0x00000000000000f9       0x53 /tmp/cc2HBo0N.o
 .riscv.attributes
                0x000000000000014c       0x53 /tmp/ccFVAgcL.o
