
Memory Configuration

Name             Origin             Length             Attributes
*default*        0x0000000000000000 0xffffffffffffffff

Linker script and memory map

LOAD /tmp/ccEu9Mo5.o
LOAD /tmp/ccJzJIG3.o
LOAD /tmp/ccdD6oX3.o
LOAD /tmp/ccmrHNl6.o
LOAD /tmp/ccTUNkr4.o
                0x0000000000010000                BASE_ADDRESS = 0x10000
                0x0000000000010000                . = BASE_ADDRESS

.text           0x0000000000010000      0x872
 *(.text.entry)
 *(.text .text.*)
 .text          0x0000000000010000       0x40 /tmp/ccEu9Mo5.o
                0x0000000000010000                main
 .text          0x0000000000010040       0xc2 /tmp/ccJzJIG3.o
                0x00000000000100aa                printf
 .text          0x0000000000010102      0x1e6 /tmp/ccdD6oX3.o
                0x0000000000010102                strlen
                0x000000000001013e                memcpy
                0x0000000000010194                memset
                0x00000000000101e4                strcmp
                0x000000000001026e                strncat
 .text          0x00000000000102e8      0x15a /tmp/ccmrHNl6.o
                0x00000000000102e8                syscall
                0x000000000001031c                sys_write
                0x0000000000010352                sys_yield
                0x0000000000010374                sys_gettime
                0x0000000000010396                sys_read
                0x00000000000103ce                sys_fork
                0x00000000000103f2                sys_exec
                0x000000000001041e                getchar
 .text          0x0000000000010442      0x430 /tmp/ccTUNkr4.o
                0x0000000000010442                _vsnprintf
                0x0000000000011000                . = ALIGN (0x1000)

.rodata         0x0000000000011000       0x68
 *(.rodata .rodata.*)
 .rodata        0x0000000000011000        0xf /tmp/ccEu9Mo5.o
 *fill*         0x000000000001100f        0x1 
 .rodata        0x0000000000011010       0x58 /tmp/ccTUNkr4.o
 *(.srodata .srodata.*)
                0x0000000000012000                . = ALIGN (0x1000)

.data           0x0000000000012000        0x0
 *(.data .data.*)
 .data          0x0000000000012000        0x0 /tmp/ccEu9Mo5.o
 .data          0x0000000000012000        0x0 /tmp/ccJzJIG3.o
 .data          0x0000000000012000        0x0 /tmp/ccdD6oX3.o
 .data          0x0000000000012000        0x0 /tmp/ccmrHNl6.o
 .data          0x0000000000012000        0x0 /tmp/ccTUNkr4.o
 *(.sdata .sdata.*)

.bss            0x0000000000012000      0x3e8
 *(.bss .bss.*)
 .bss           0x0000000000012000        0x0 /tmp/ccEu9Mo5.o
 .bss           0x0000000000012000      0x3e8 /tmp/ccJzJIG3.o
 .bss           0x00000000000123e8        0x0 /tmp/ccdD6oX3.o
 .bss           0x00000000000123e8        0x0 /tmp/ccmrHNl6.o
 .bss           0x00000000000123e8        0x0 /tmp/ccTUNkr4.o
 *(.sbss .sbss.*)

/DISCARD/
 *(.eh_frame)
 *(.debug*)
OUTPUT(bin/time elf64-littleriscv)

.comment        0x0000000000000000        0xf
 .comment       0x0000000000000000        0xf /tmp/ccEu9Mo5.o
                                         0x10 (size before relaxing)
 .comment       0x000000000000000f       0x10 /tmp/ccJzJIG3.o
 .comment       0x000000000000000f       0x10 /tmp/ccdD6oX3.o
 .comment       0x000000000000000f       0x10 /tmp/ccmrHNl6.o
 .comment       0x000000000000000f       0x10 /tmp/ccTUNkr4.o

.riscv.attributes
                0x0000000000000000       0x53
 .riscv.attributes
                0x0000000000000000       0x53 /tmp/ccEu9Mo5.o
 .riscv.attributes
                0x0000000000000053       0x53 /tmp/ccJzJIG3.o
 .riscv.attributes
                0x00000000000000a6       0x53 /tmp/ccdD6oX3.o
 .riscv.attributes
                0x00000000000000f9       0x53 /tmp/ccmrHNl6.o
 .riscv.attributes
                0x000000000000014c       0x53 /tmp/ccTUNkr4.o
