
Memory Configuration

Name             Origin             Length             Attributes
*default*        0x0000000000000000 0xffffffffffffffff

Linker script and memory map

LOAD /tmp/cc2y5l5g.o
LOAD /tmp/ccPKHX4i.o
LOAD /tmp/ccW4ob4i.o
LOAD /tmp/ccsKx0Ag.o
LOAD /tmp/ccoGgXRi.o
                0x0000000000010000                BASE_ADDRESS = 0x10000
                0x0000000000010000                . = BASE_ADDRESS

.text           0x0000000000010000      0x728
 *(.text.entry)
 *(.text .text.*)
 .text          0x0000000000010000       0x26 /tmp/cc2y5l5g.o
                0x0000000000010000                main
 .text          0x0000000000010026       0xc2 /tmp/ccPKHX4i.o
                0x0000000000010090                printf
 .text          0x00000000000100e8       0xe2 /tmp/ccW4ob4i.o
                0x00000000000100e8                strlen
                0x0000000000010124                memcpy
                0x000000000001017a                memset
 .text          0x00000000000101ca      0x12e /tmp/ccsKx0Ag.o
                0x00000000000101ca                syscall
                0x00000000000101fe                sys_write
                0x0000000000010234                sys_yield
                0x0000000000010256                sys_gettime
                0x0000000000010278                sys_read
                0x00000000000102b0                sys_fork
                0x00000000000102d4                getchar
 .text          0x00000000000102f8      0x430 /tmp/ccoGgXRi.o
                0x00000000000102f8                _vsnprintf
                0x0000000000011000                . = ALIGN (0x1000)

.rodata         0x0000000000011000       0x60
 *(.rodata .rodata.*)
 .rodata        0x0000000000011000        0x8 /tmp/cc2y5l5g.o
 .rodata        0x0000000000011008       0x58 /tmp/ccoGgXRi.o
 *(.srodata .srodata.*)
                0x0000000000012000                . = ALIGN (0x1000)

.data           0x0000000000012000        0x0
 *(.data .data.*)
 .data          0x0000000000012000        0x0 /tmp/cc2y5l5g.o
 .data          0x0000000000012000        0x0 /tmp/ccPKHX4i.o
 .data          0x0000000000012000        0x0 /tmp/ccW4ob4i.o
 .data          0x0000000000012000        0x0 /tmp/ccsKx0Ag.o
 .data          0x0000000000012000        0x0 /tmp/ccoGgXRi.o
 *(.sdata .sdata.*)

.bss            0x0000000000012000      0x3e8
 *(.bss .bss.*)
 .bss           0x0000000000012000        0x0 /tmp/cc2y5l5g.o
 .bss           0x0000000000012000      0x3e8 /tmp/ccPKHX4i.o
 .bss           0x00000000000123e8        0x0 /tmp/ccW4ob4i.o
 .bss           0x00000000000123e8        0x0 /tmp/ccsKx0Ag.o
 .bss           0x00000000000123e8        0x0 /tmp/ccoGgXRi.o
 *(.sbss .sbss.*)

/DISCARD/
 *(.eh_frame)
 *(.debug*)
OUTPUT(bin/write elf64-littleriscv)

.comment        0x0000000000000000        0xf
 .comment       0x0000000000000000        0xf /tmp/cc2y5l5g.o
                                         0x10 (size before relaxing)
 .comment       0x000000000000000f       0x10 /tmp/ccPKHX4i.o
 .comment       0x000000000000000f       0x10 /tmp/ccW4ob4i.o
 .comment       0x000000000000000f       0x10 /tmp/ccsKx0Ag.o
 .comment       0x000000000000000f       0x10 /tmp/ccoGgXRi.o

.riscv.attributes
                0x0000000000000000       0x53
 .riscv.attributes
                0x0000000000000000       0x53 /tmp/cc2y5l5g.o
 .riscv.attributes
                0x0000000000000053       0x53 /tmp/ccPKHX4i.o
 .riscv.attributes
                0x00000000000000a6       0x53 /tmp/ccW4ob4i.o
 .riscv.attributes
                0x00000000000000f9       0x53 /tmp/ccsKx0Ag.o
 .riscv.attributes
                0x000000000000014c       0x53 /tmp/ccoGgXRi.o
