
Memory Configuration

Name             Origin             Length             Attributes
*default*        0x0000000000000000 0xffffffffffffffff

Linker script and memory map

LOAD /tmp/ccR1tfeD.o
LOAD /tmp/cc76DbjB.o
LOAD /tmp/ccpcc2TB.o
LOAD /tmp/ccIP0QLz.o
LOAD /tmp/ccTm1sjC.o
                0x0000000000010000                BASE_ADDRESS = 0x10000
                0x0000000000010000                . = BASE_ADDRESS

.text           0x0000000000010000      0x7d8
 *(.text.entry)
 *(.text .text.*)
 .text          0x0000000000010000       0x20 /tmp/ccR1tfeD.o
                0x0000000000010000                main
 .text          0x0000000000010020       0xc2 /tmp/cc76DbjB.o
                0x000000000001008a                printf
 .text          0x00000000000100e2      0x16c /tmp/ccpcc2TB.o
                0x00000000000100e2                strlen
                0x000000000001011e                memcpy
                0x0000000000010174                memset
                0x00000000000101c4                strcmp
 .text          0x000000000001024e      0x15a /tmp/ccIP0QLz.o
                0x000000000001024e                syscall
                0x0000000000010282                sys_write
                0x00000000000102b8                sys_yield
                0x00000000000102da                sys_gettime
                0x00000000000102fc                sys_read
                0x0000000000010334                sys_fork
                0x0000000000010358                sys_exec
                0x0000000000010384                getchar
 .text          0x00000000000103a8      0x430 /tmp/ccTm1sjC.o
                0x00000000000103a8                _vsnprintf
                0x0000000000011000                . = ALIGN (0x1000)

.rodata         0x0000000000011000       0x5c
 *(.rodata .rodata.*)
 .rodata        0x0000000000011000        0x4 /tmp/ccR1tfeD.o
 .rodata        0x0000000000011004       0x58 /tmp/ccTm1sjC.o
 *(.srodata .srodata.*)
                0x0000000000012000                . = ALIGN (0x1000)

.data           0x0000000000012000        0x0
 *(.data .data.*)
 .data          0x0000000000012000        0x0 /tmp/ccR1tfeD.o
 .data          0x0000000000012000        0x0 /tmp/cc76DbjB.o
 .data          0x0000000000012000        0x0 /tmp/ccpcc2TB.o
 .data          0x0000000000012000        0x0 /tmp/ccIP0QLz.o
 .data          0x0000000000012000        0x0 /tmp/ccTm1sjC.o
 *(.sdata .sdata.*)

.bss            0x0000000000012000      0x3e8
 *(.bss .bss.*)
 .bss           0x0000000000012000        0x0 /tmp/ccR1tfeD.o
 .bss           0x0000000000012000      0x3e8 /tmp/cc76DbjB.o
 .bss           0x00000000000123e8        0x0 /tmp/ccpcc2TB.o
 .bss           0x00000000000123e8        0x0 /tmp/ccIP0QLz.o
 .bss           0x00000000000123e8        0x0 /tmp/ccTm1sjC.o
 *(.sbss .sbss.*)

/DISCARD/
 *(.eh_frame)
 *(.debug*)
OUTPUT(bin/write elf64-littleriscv)

.comment        0x0000000000000000        0xf
 .comment       0x0000000000000000        0xf /tmp/ccR1tfeD.o
                                         0x10 (size before relaxing)
 .comment       0x000000000000000f       0x10 /tmp/cc76DbjB.o
 .comment       0x000000000000000f       0x10 /tmp/ccpcc2TB.o
 .comment       0x000000000000000f       0x10 /tmp/ccIP0QLz.o
 .comment       0x000000000000000f       0x10 /tmp/ccTm1sjC.o

.riscv.attributes
                0x0000000000000000       0x53
 .riscv.attributes
                0x0000000000000000       0x53 /tmp/ccR1tfeD.o
 .riscv.attributes
                0x0000000000000053       0x53 /tmp/cc76DbjB.o
 .riscv.attributes
                0x00000000000000a6       0x53 /tmp/ccpcc2TB.o
 .riscv.attributes
                0x00000000000000f9       0x53 /tmp/ccIP0QLz.o
 .riscv.attributes
                0x000000000000014c       0x53 /tmp/ccTm1sjC.o
